<?xml version="1.0" encoding="utf-8"?>
<CoverageSession xmlns:xsd="http://www.w3.org/2001/XMLSchema" xmlns:xsi="http://www.w3.org/2001/XMLSchema-instance">
  <Summary numSequencePoints="504" visitedSequencePoints="294" numBranchPoints="306" visitedBranchPoints="148" sequenceCoverage="58.33" branchCoverage="48.37" maxCyclomaticComplexity="21" minCyclomaticComplexity="1" visitedClasses="7" numClasses="19" visitedMethods="40" numMethods="136" />
  <Modules>
    <Module skippedDueTo="Filter" hash="95-6F-A7-D9-CA-57-AB-DE-E6-29-67-E1-17-75-0C-A6-6A-E1-81-1E">
      <ModulePath>C:\Windows\Microsoft.Net\assembly\GAC_64\mscorlib\v4.0_4.0.0.0__b77a5c561934e089\mscorlib.dll</ModulePath>
      <ModuleTime>2017-04-22T12:18:47.1355334Z</ModuleTime>
      <ModuleName>mscorlib</ModuleName>
      <Classes />
    </Module>
    <Module skippedDueTo="MissingPdb" hash="70-0A-8C-00-26-D7-8E-3A-41-3C-43-6D-01-3C-09-CC-C9-73-85-C0">
      <ModulePath>C:\Users\User\Documents\IEgit\EmailValidation\packages\NUnit.ConsoleRunner.3.6.1\tools\nunit3-console.exe</ModulePath>
      <ModuleTime>2017-05-02T18:25:18.9912846Z</ModuleTime>
      <ModuleName>nunit3-console</ModuleName>
      <Classes />
    </Module>
    <Module skippedDueTo="Filter" hash="E0-0D-0B-92-51-0B-55-4D-34-02-F9-80-55-BC-36-8F-16-FB-43-A9">
      <ModulePath>C:\Windows\Microsoft.Net\assembly\GAC_MSIL\System\v4.0_4.0.0.0__b77a5c561934e089\System.dll</ModulePath>
      <ModuleTime>2017-04-22T12:18:54.4052105Z</ModuleTime>
      <ModuleName>System</ModuleName>
      <Classes />
    </Module>
    <Module skippedDueTo="MissingPdb" hash="90-A5-CB-F1-B1-A1-C2-DE-2A-BF-0B-6F-28-E9-82-CA-41-44-09-3A">
      <ModulePath>C:\Users\User\Documents\IEgit\EmailValidation\packages\NUnit.ConsoleRunner.3.6.1\tools\nunit.engine.api.dll</ModulePath>
      <ModuleTime>2017-05-02T18:25:18.9237813Z</ModuleTime>
      <ModuleName>nunit.engine.api</ModuleName>
      <Classes />
    </Module>
    <Module skippedDueTo="MissingPdb" hash="96-DE-EF-3F-02-DC-0C-37-07-3E-B9-1D-D2-EF-F9-A2-D3-8E-11-00">
      <ModulePath>C:\Users\User\Documents\IEgit\EmailValidation\packages\NUnit.ConsoleRunner.3.6.1\tools\nunit.engine.dll</ModulePath>
      <ModuleTime>2017-05-02T18:25:18.948781Z</ModuleTime>
      <ModuleName>nunit.engine</ModuleName>
      <Classes />
    </Module>
    <Module skippedDueTo="MissingPdb" hash="96-DE-EF-3F-02-DC-0C-37-07-3E-B9-1D-D2-EF-F9-A2-D3-8E-11-00">
      <ModulePath>C:\Users\User\Documents\IEgit\EmailValidation\packages\NUnit.ConsoleRunner.3.6.1\tools\nunit.engine.dll</ModulePath>
      <ModuleTime>2017-05-02T18:25:18.948781Z</ModuleTime>
      <ModuleName>nunit.engine</ModuleName>
      <Classes />
    </Module>
    <Module skippedDueTo="Filter" hash="BC-5B-5D-6A-58-44-92-0A-2E-36-E3-6E-2C-9B-98-00-AD-15-22-E5">
      <ModulePath>C:\Windows\Microsoft.Net\assembly\GAC_MSIL\System.Xml\v4.0_4.0.0.0__b77a5c561934e089\System.Xml.dll</ModulePath>
      <ModuleTime>2017-04-22T12:18:54.4052105Z</ModuleTime>
      <ModuleName>System.Xml</ModuleName>
      <Classes />
    </Module>
    <Module skippedDueTo="Filter" hash="AF-35-2B-3A-E0-8A-EC-A6-7E-DB-3B-17-A4-30-75-D9-31-4D-9F-2B">
      <ModulePath>C:\Windows\Microsoft.Net\assembly\GAC_64\System.Web\v4.0_4.0.0.0__b03f5f7f11d50a3a\System.Web.dll</ModulePath>
      <ModuleTime>2017-04-22T12:18:41.8621308Z</ModuleTime>
      <ModuleName>System.Web</ModuleName>
      <Classes />
    </Module>
    <Module skippedDueTo="MissingPdb" hash="8A-2E-8F-D6-9D-39-02-4A-2F-30-FC-06-42-F7-0F-A8-32-69-07-72">
      <ModulePath>C:\Users\User\Documents\IEgit\EmailValidation\packages\NUnit.ConsoleRunner.3.6.1\tools\Mono.Cecil.dll</ModulePath>
      <ModuleTime>2017-05-02T18:25:18.9069191Z</ModuleTime>
      <ModuleName>Mono.Cecil</ModuleName>
      <Classes />
    </Module>
    <Module skippedDueTo="Filter" hash="58-7E-0C-8A-5F-09-F6-0F-15-50-1C-10-9F-E5-08-3A-E8-0A-D6-1B">
      <ModulePath>C:\Windows\Microsoft.Net\assembly\GAC_MSIL\System.Runtime.Remoting\v4.0_4.0.0.0__b77a5c561934e089\System.Runtime.Remoting.dll</ModulePath>
      <ModuleTime>2017-04-22T12:18:54.7484159Z</ModuleTime>
      <ModuleName>System.Runtime.Remoting</ModuleName>
      <Classes />
    </Module>
    <Module skippedDueTo="Filter" hash="58-B9-CA-42-36-B5-7C-2F-28-04-EF-71-75-4D-D7-DB-0B-9E-9A-C3">
      <ModulePath>C:\Windows\Microsoft.Net\assembly\GAC_MSIL\System.Configuration\v4.0_4.0.0.0__b03f5f7f11d50a3a\System.Configuration.dll</ModulePath>
      <ModuleTime>2017-04-22T12:18:55.746827Z</ModuleTime>
      <ModuleName>System.Configuration</ModuleName>
      <Classes />
    </Module>
    <Module skippedDueTo="Filter" hash="95-6F-A7-D9-CA-57-AB-DE-E6-29-67-E1-17-75-0C-A6-6A-E1-81-1E">
      <ModulePath>C:\Windows\Microsoft.Net\assembly\GAC_64\mscorlib\v4.0_4.0.0.0__b77a5c561934e089\mscorlib.dll</ModulePath>
      <ModuleTime>2017-04-22T12:18:47.1355334Z</ModuleTime>
      <ModuleName>mscorlib</ModuleName>
      <Classes />
    </Module>
    <Module skippedDueTo="MissingPdb" hash="75-5F-1A-C1-0E-E6-C9-A3-EC-A1-F0-6E-89-B4-98-86-0B-A8-B2-AD">
      <ModulePath>C:\Users\User\Documents\IEgit\EmailValidation\packages\NUnit.ConsoleRunner.3.6.1\tools\nunit-agent.exe</ModulePath>
      <ModuleTime>2017-05-02T18:25:18.9162792Z</ModuleTime>
      <ModuleName>nunit-agent</ModuleName>
      <Classes />
    </Module>
    <Module skippedDueTo="MissingPdb" hash="96-DE-EF-3F-02-DC-0C-37-07-3E-B9-1D-D2-EF-F9-A2-D3-8E-11-00">
      <ModulePath>C:\Users\User\Documents\IEgit\EmailValidation\packages\NUnit.ConsoleRunner.3.6.1\tools\nunit.engine.dll</ModulePath>
      <ModuleTime>2017-05-02T18:25:18.948781Z</ModuleTime>
      <ModuleName>nunit.engine</ModuleName>
      <Classes />
    </Module>
    <Module skippedDueTo="MissingPdb" hash="90-A5-CB-F1-B1-A1-C2-DE-2A-BF-0B-6F-28-E9-82-CA-41-44-09-3A">
      <ModulePath>C:\Users\User\Documents\IEgit\EmailValidation\packages\NUnit.ConsoleRunner.3.6.1\tools\nunit.engine.api.dll</ModulePath>
      <ModuleTime>2017-05-02T18:25:18.9237813Z</ModuleTime>
      <ModuleName>nunit.engine.api</ModuleName>
      <Classes />
    </Module>
    <Module skippedDueTo="Filter" hash="E0-0D-0B-92-51-0B-55-4D-34-02-F9-80-55-BC-36-8F-16-FB-43-A9">
      <ModulePath>C:\Windows\Microsoft.Net\assembly\GAC_MSIL\System\v4.0_4.0.0.0__b77a5c561934e089\System.dll</ModulePath>
      <ModuleTime>2017-04-22T12:18:54.4052105Z</ModuleTime>
      <ModuleName>System</ModuleName>
      <Classes />
    </Module>
    <Module skippedDueTo="Filter" hash="58-7E-0C-8A-5F-09-F6-0F-15-50-1C-10-9F-E5-08-3A-E8-0A-D6-1B">
      <ModulePath>C:\Windows\Microsoft.Net\assembly\GAC_MSIL\System.Runtime.Remoting\v4.0_4.0.0.0__b77a5c561934e089\System.Runtime.Remoting.dll</ModulePath>
      <ModuleTime>2017-04-22T12:18:54.7484159Z</ModuleTime>
      <ModuleName>System.Runtime.Remoting</ModuleName>
      <Classes />
    </Module>
    <Module skippedDueTo="Filter" hash="BC-5B-5D-6A-58-44-92-0A-2E-36-E3-6E-2C-9B-98-00-AD-15-22-E5">
      <ModulePath>C:\Windows\Microsoft.Net\assembly\GAC_MSIL\System.Xml\v4.0_4.0.0.0__b77a5c561934e089\System.Xml.dll</ModulePath>
      <ModuleTime>2017-04-22T12:18:54.4052105Z</ModuleTime>
      <ModuleName>System.Xml</ModuleName>
      <Classes />
    </Module>
    <Module skippedDueTo="Filter" hash="AF-35-2B-3A-E0-8A-EC-A6-7E-DB-3B-17-A4-30-75-D9-31-4D-9F-2B">
      <ModulePath>C:\Windows\Microsoft.Net\assembly\GAC_64\System.Web\v4.0_4.0.0.0__b03f5f7f11d50a3a\System.Web.dll</ModulePath>
      <ModuleTime>2017-04-22T12:18:41.8621308Z</ModuleTime>
      <ModuleName>System.Web</ModuleName>
      <Classes />
    </Module>
    <Module skippedDueTo="MissingPdb" hash="8A-2E-8F-D6-9D-39-02-4A-2F-30-FC-06-42-F7-0F-A8-32-69-07-72">
      <ModulePath>C:\Users\User\Documents\IEgit\EmailValidation\packages\NUnit.ConsoleRunner.3.6.1\tools\Mono.Cecil.dll</ModulePath>
      <ModuleTime>2017-05-02T18:25:18.9069191Z</ModuleTime>
      <ModuleName>Mono.Cecil</ModuleName>
      <Classes />
    </Module>
    <Module skippedDueTo="Filter" hash="58-B9-CA-42-36-B5-7C-2F-28-04-EF-71-75-4D-D7-DB-0B-9E-9A-C3">
      <ModulePath>C:\Windows\Microsoft.Net\assembly\GAC_MSIL\System.Configuration\v4.0_4.0.0.0__b03f5f7f11d50a3a\System.Configuration.dll</ModulePath>
      <ModuleTime>2017-04-22T12:18:55.746827Z</ModuleTime>
      <ModuleName>System.Configuration</ModuleName>
      <Classes />
    </Module>
    <Module skippedDueTo="MissingPdb" hash="B4-37-03-EA-FD-66-66-41-EA-7A-F4-42-7C-31-9A-49-2C-30-43-50">
      <ModulePath>C:\Users\User\Documents\IEgit\EmailValidation\packages\NUnit.Extension.NUnitV2Driver.3.6.0\tools\nunit.v2.driver.dll</ModulePath>
      <ModuleTime>2017-05-02T18:25:18.9762837Z</ModuleTime>
      <ModuleName>nunit.v2.driver</ModuleName>
      <Classes />
    </Module>
    <Module skippedDueTo="MissingPdb" hash="0F-CD-7F-5B-BB-DA-BC-C1-3E-53-4E-65-C3-89-48-B4-96-F7-B4-E5">
      <ModulePath>C:\Users\User\Documents\IEgit\EmailValidation\packages\NUnit.Extension.NUnitV2Driver.3.6.0\tools\nunit.core.dll</ModulePath>
      <ModuleTime>2017-05-02T18:25:18.9437816Z</ModuleTime>
      <ModuleName>nunit.core</ModuleName>
      <Classes />
    </Module>
    <Module skippedDueTo="MissingPdb" hash="0F-CD-7F-5B-BB-DA-BC-C1-3E-53-4E-65-C3-89-48-B4-96-F7-B4-E5">
      <ModulePath>C:\Users\User\Documents\IEgit\EmailValidation\packages\NUnit.Extension.NUnitV2Driver.3.6.0\tools\nunit.core.dll</ModulePath>
      <ModuleTime>2017-05-02T18:25:18.9437816Z</ModuleTime>
      <ModuleName>nunit.core</ModuleName>
      <Classes />
    </Module>
    <Module skippedDueTo="Filter" hash="E0-0D-0B-92-51-0B-55-4D-34-02-F9-80-55-BC-36-8F-16-FB-43-A9">
      <ModulePath>C:\Windows\Microsoft.Net\assembly\GAC_MSIL\System\v4.0_4.0.0.0__b77a5c561934e089\System.dll</ModulePath>
      <ModuleTime>2017-04-22T12:18:54.4052105Z</ModuleTime>
      <ModuleName>System</ModuleName>
      <Classes />
    </Module>
    <Module skippedDueTo="MissingPdb" hash="81-B0-11-09-2F-7B-2A-93-A1-2E-D1-21-1B-5B-C4-B5-74-D2-62-48">
      <ModulePath>C:\Users\User\Documents\IEgit\EmailValidation\packages\NUnit.Extension.NUnitV2Driver.3.6.0\tools\nunit.core.interfaces.dll</ModulePath>
      <ModuleTime>2017-05-02T18:25:18.9562826Z</ModuleTime>
      <ModuleName>nunit.core.interfaces</ModuleName>
      <Classes />
    </Module>
    <Module skippedDueTo="MissingPdb" hash="81-B0-11-09-2F-7B-2A-93-A1-2E-D1-21-1B-5B-C4-B5-74-D2-62-48">
      <ModulePath>C:\Users\User\Documents\IEgit\EmailValidation\packages\NUnit.Extension.NUnitV2Driver.3.6.0\tools\nunit.core.interfaces.dll</ModulePath>
      <ModuleTime>2017-05-02T18:25:18.9562826Z</ModuleTime>
      <ModuleName>nunit.core.interfaces</ModuleName>
      <Classes />
    </Module>
    <Module hash="86-AB-27-EB-0E-69-D9-A8-3A-B4-7B-A6-82-50-24-3E-07-34-AC-36">
      <Summary numSequencePoints="98" visitedSequencePoints="98" numBranchPoints="28" visitedBranchPoints="28" sequenceCoverage="100" branchCoverage="100" maxCyclomaticComplexity="2" minCyclomaticComplexity="1" visitedClasses="5" numClasses="5" visitedMethods="20" numMethods="20" />
      <ModulePath>C:\Users\User\Documents\IEgit\EmailValidation\UnitTests\bin\Debug\UnitTests.dll</ModulePath>
      <ModuleTime>2017-05-02T20:33:20.5468059Z</ModuleTime>
      <ModuleName>UnitTests</ModuleName>
      <Files>
        <File uid="1" fullPath="C:\Users\User\Documents\IEgit\EmailValidation\UnitTests\Test.cs" />
      </Files>
      <Classes>
        <Class>
          <Summary numSequencePoints="0" visitedSequencePoints="0" numBranchPoints="0" visitedBranchPoints="0" sequenceCoverage="0" branchCoverage="0" maxCyclomaticComplexity="0" minCyclomaticComplexity="0" visitedClasses="0" numClasses="0" visitedMethods="0" numMethods="0" />
          <FullName>&lt;Module&gt;</FullName>
          <Methods />
        </Class>
        <Class>
          <Summary numSequencePoints="91" visitedSequencePoints="91" numBranchPoints="21" visitedBranchPoints="21" sequenceCoverage="100" branchCoverage="100" maxCyclomaticComplexity="2" minCyclomaticComplexity="1" visitedClasses="1" numClasses="1" visitedMethods="13" numMethods="13" />
          <FullName>UnitTests.Test</FullName>
          <Methods>
            <Method visited="true" cyclomaticComplexity="2" nPathComplexity="2" sequenceCoverage="100" branchCoverage="100" isConstructor="false" isStatic="false" isGetter="false" isSetter="false">
              <Summary numSequencePoints="6" visitedSequencePoints="6" numBranchPoints="3" visitedBranchPoints="3" sequenceCoverage="100" branchCoverage="100" maxCyclomaticComplexity="2" minCyclomaticComplexity="2" visitedClasses="0" numClasses="0" visitedMethods="1" numMethods="1" />
              <MetadataToken>100663297</MetadataToken>
              <Name>System.Void UnitTests.Test::TestValidAddresses()</Name>
              <FileRef uid="1" />
              <SequencePoints>
                <SequencePoint vc="1" uspid="1" ordinal="0" offset="0" sl="154" sc="3" el="154" ec="4" bec="0" bev="0" fileid="1" />
                <SequencePoint vc="1" uspid="2" ordinal="1" offset="1" sl="155" sc="9" el="155" ec="18" bec="0" bev="0" fileid="1" />
                <SequencePoint vc="54" uspid="3" ordinal="2" offset="5" sl="156" sc="5" el="156" ec="120" bec="0" bev="0" fileid="1" />
                <SequencePoint vc="54" uspid="4" ordinal="3" offset="54" sl="155" sc="47" el="155" ec="50" bec="0" bev="0" fileid="1" />
                <SequencePoint vc="55" uspid="5" ordinal="4" offset="58" sl="155" sc="20" el="155" ec="45" bec="2" bev="2" fileid="1" />
                <SequencePoint vc="1" uspid="6" ordinal="5" offset="72" sl="157" sc="3" el="157" ec="4" bec="0" bev="0" fileid="1" />
              </SequencePoints>
              <BranchPoints>
                <BranchPoint vc="1" uspid="7" ordinal="0" offset="70" sl="155" path="0" offsetend="72" fileid="1" />
                <BranchPoint vc="54" uspid="8" ordinal="1" offset="70" sl="155" path="1" offsetend="5" fileid="1" />
              </BranchPoints>
              <MethodPoint xsi:type="SequencePoint" vc="1" uspid="1" ordinal="0" offset="0" sl="154" sc="3" el="154" ec="4" bec="0" bev="0" fileid="1" />
            </Method>
            <Method visited="true" cyclomaticComplexity="2" nPathComplexity="2" sequenceCoverage="100" branchCoverage="100" isConstructor="false" isStatic="false" isGetter="false" isSetter="false">
              <Summary numSequencePoints="6" visitedSequencePoints="6" numBranchPoints="3" visitedBranchPoints="3" sequenceCoverage="100" branchCoverage="100" maxCyclomaticComplexity="2" minCyclomaticComplexity="2" visitedClasses="0" numClasses="0" visitedMethods="1" numMethods="1" />
              <MetadataToken>100663298</MetadataToken>
              <Name>System.Void UnitTests.Test::TestInvalidAddresses()</Name>
              <FileRef uid="1" />
              <SequencePoints>
                <SequencePoint vc="1" uspid="9" ordinal="0" offset="0" sl="161" sc="3" el="161" ec="4" bec="0" bev="0" fileid="1" />
                <SequencePoint vc="1" uspid="10" ordinal="1" offset="1" sl="162" sc="9" el="162" ec="18" bec="0" bev="0" fileid="1" />
                <SequencePoint vc="35" uspid="11" ordinal="2" offset="5" sl="163" sc="5" el="163" ec="127" bec="0" bev="0" fileid="1" />
                <SequencePoint vc="35" uspid="12" ordinal="3" offset="54" sl="162" sc="49" el="162" ec="52" bec="0" bev="0" fileid="1" />
                <SequencePoint vc="36" uspid="13" ordinal="4" offset="58" sl="162" sc="20" el="162" ec="47" bec="2" bev="2" fileid="1" />
                <SequencePoint vc="1" uspid="14" ordinal="5" offset="72" sl="164" sc="3" el="164" ec="4" bec="0" bev="0" fileid="1" />
              </SequencePoints>
              <BranchPoints>
                <BranchPoint vc="1" uspid="15" ordinal="0" offset="70" sl="162" path="0" offsetend="72" fileid="1" />
                <BranchPoint vc="35" uspid="16" ordinal="1" offset="70" sl="162" path="1" offsetend="5" fileid="1" />
              </BranchPoints>
              <MethodPoint xsi:type="SequencePoint" vc="1" uspid="9" ordinal="0" offset="0" sl="161" sc="3" el="161" ec="4" bec="0" bev="0" fileid="1" />
            </Method>
            <Method visited="true" cyclomaticComplexity="2" nPathComplexity="2" sequenceCoverage="100" branchCoverage="100" isConstructor="false" isStatic="false" isGetter="false" isSetter="false">
              <Summary numSequencePoints="6" visitedSequencePoints="6" numBranchPoints="3" visitedBranchPoints="3" sequenceCoverage="100" branchCoverage="100" maxCyclomaticComplexity="2" minCyclomaticComplexity="2" visitedClasses="0" numClasses="0" visitedMethods="1" numMethods="1" />
              <MetadataToken>100663299</MetadataToken>
              <Name>System.Void UnitTests.Test::TestValidInternationalAddresses()</Name>
              <FileRef uid="1" />
              <SequencePoints>
                <SequencePoint vc="1" uspid="17" ordinal="0" offset="0" sl="168" sc="3" el="168" ec="4" bec="0" bev="0" fileid="1" />
                <SequencePoint vc="1" uspid="18" ordinal="1" offset="1" sl="169" sc="9" el="169" ec="18" bec="0" bev="0" fileid="1" />
                <SequencePoint vc="4" uspid="19" ordinal="2" offset="5" sl="170" sc="5" el="170" ec="129" bec="0" bev="0" fileid="1" />
                <SequencePoint vc="4" uspid="20" ordinal="3" offset="45" sl="169" sc="60" el="169" ec="63" bec="0" bev="0" fileid="1" />
                <SequencePoint vc="5" uspid="21" ordinal="4" offset="49" sl="169" sc="20" el="169" ec="58" bec="2" bev="2" fileid="1" />
                <SequencePoint vc="1" uspid="22" ordinal="5" offset="63" sl="171" sc="3" el="171" ec="4" bec="0" bev="0" fileid="1" />
              </SequencePoints>
              <BranchPoints>
                <BranchPoint vc="1" uspid="23" ordinal="0" offset="61" sl="169" path="0" offsetend="63" fileid="1" />
                <BranchPoint vc="4" uspid="24" ordinal="1" offset="61" sl="169" path="1" offsetend="5" fileid="1" />
              </BranchPoints>
              <MethodPoint xsi:type="SequencePoint" vc="1" uspid="17" ordinal="0" offset="0" sl="168" sc="3" el="168" ec="4" bec="0" bev="0" fileid="1" />
            </Method>
            <Method visited="true" cyclomaticComplexity="2" nPathComplexity="0" sequenceCoverage="100" branchCoverage="100" isConstructor="false" isStatic="false" isGetter="false" isSetter="false">
              <Summary numSequencePoints="3" visitedSequencePoints="3" numBranchPoints="1" visitedBranchPoints="1" sequenceCoverage="100" branchCoverage="100" maxCyclomaticComplexity="2" minCyclomaticComplexity="2" visitedClasses="0" numClasses="0" visitedMethods="1" numMethods="1" />
              <MetadataToken>100663300</MetadataToken>
              <Name>System.Void UnitTests.Test::TestThrowsExceptionIfNull()</Name>
              <FileRef uid="1" />
              <SequencePoints>
                <SequencePoint vc="1" uspid="25" ordinal="0" offset="0" sl="175" sc="3" el="175" ec="4" bec="0" bev="0" fileid="1" />
                <SequencePoint vc="1" uspid="26" ordinal="1" offset="1" sl="176" sc="4" el="176" ec="108" bec="0" bev="0" fileid="1" />
                <SequencePoint vc="1" uspid="27" ordinal="2" offset="43" sl="177" sc="3" el="177" ec="4" bec="0" bev="0" fileid="1" />
              </SequencePoints>
              <BranchPoints />
              <MethodPoint xsi:type="SequencePoint" vc="1" uspid="25" ordinal="0" offset="0" sl="175" sc="3" el="175" ec="4" bec="0" bev="0" fileid="1" />
            </Method>
            <Method visited="true" cyclomaticComplexity="2" nPathComplexity="0" sequenceCoverage="100" branchCoverage="100" isConstructor="false" isStatic="false" isGetter="false" isSetter="false">
              <Summary numSequencePoints="11" visitedSequencePoints="11" numBranchPoints="1" visitedBranchPoints="1" sequenceCoverage="100" branchCoverage="100" maxCyclomaticComplexity="2" minCyclomaticComplexity="2" visitedClasses="0" numClasses="0" visitedMethods="1" numMethods="1" />
              <MetadataToken>100663301</MetadataToken>
              <Name>System.Void UnitTests.Test::TestValidationAttributeValidAddresses()</Name>
              <FileRef uid="1" />
              <SequencePoints>
                <SequencePoint vc="1" uspid="30" ordinal="0" offset="0" sl="181" sc="3" el="181" ec="4" bec="0" bev="0" fileid="1" />
                <SequencePoint vc="1" uspid="31" ordinal="1" offset="1" sl="182" sc="4" el="182" ec="64" bec="0" bev="0" fileid="1" />
                <SequencePoint vc="1" uspid="32" ordinal="2" offset="7" sl="184" sc="4" el="184" ec="11" bec="0" bev="0" fileid="1" />
                <SequencePoint vc="1" uspid="33" ordinal="3" offset="8" sl="184" sc="26" el="184" ec="40" bec="0" bev="0" fileid="1" />
                <SequencePoint vc="54" uspid="34" ordinal="4" offset="18" sl="184" sc="13" el="184" ec="22" bec="0" bev="0" fileid="1" />
                <SequencePoint vc="54" uspid="35" ordinal="5" offset="22" sl="184" sc="42" el="184" ec="43" bec="0" bev="0" fileid="1" />
                <SequencePoint vc="54" uspid="36" ordinal="6" offset="23" sl="185" sc="5" el="185" ec="26" bec="0" bev="0" fileid="1" />
                <SequencePoint vc="54" uspid="37" ordinal="7" offset="31" sl="187" sc="5" el="187" ec="77" bec="0" bev="0" fileid="1" />
                <SequencePoint vc="54" uspid="38" ordinal="8" offset="59" sl="188" sc="4" el="188" ec="5" bec="0" bev="0" fileid="1" />
                <SequencePoint vc="55" uspid="39" ordinal="9" offset="64" sl="184" sc="23" el="184" ec="25" bec="0" bev="0" fileid="1" />
                <SequencePoint vc="1" uspid="40" ordinal="10" offset="70" sl="189" sc="3" el="189" ec="4" bec="0" bev="0" fileid="1" />
              </SequencePoints>
              <BranchPoints />
              <MethodPoint xsi:type="SequencePoint" vc="1" uspid="30" ordinal="0" offset="0" sl="181" sc="3" el="181" ec="4" bec="0" bev="0" fileid="1" />
            </Method>
            <Method visited="true" cyclomaticComplexity="2" nPathComplexity="0" sequenceCoverage="100" branchCoverage="100" isConstructor="false" isStatic="false" isGetter="false" isSetter="false">
              <Summary numSequencePoints="11" visitedSequencePoints="11" numBranchPoints="1" visitedBranchPoints="1" sequenceCoverage="100" branchCoverage="100" maxCyclomaticComplexity="2" minCyclomaticComplexity="2" visitedClasses="0" numClasses="0" visitedMethods="1" numMethods="1" />
              <MetadataToken>100663302</MetadataToken>
              <Name>System.Void UnitTests.Test::TestValidationAttributeInvalidAddresses()</Name>
              <FileRef uid="1" />
              <SequencePoints>
                <SequencePoint vc="1" uspid="43" ordinal="0" offset="0" sl="193" sc="3" el="193" ec="4" bec="0" bev="0" fileid="1" />
                <SequencePoint vc="1" uspid="44" ordinal="1" offset="1" sl="194" sc="4" el="194" ec="64" bec="0" bev="0" fileid="1" />
                <SequencePoint vc="1" uspid="45" ordinal="2" offset="7" sl="196" sc="4" el="196" ec="11" bec="0" bev="0" fileid="1" />
                <SequencePoint vc="1" uspid="46" ordinal="3" offset="8" sl="196" sc="26" el="196" ec="42" bec="0" bev="0" fileid="1" />
                <SequencePoint vc="35" uspid="47" ordinal="4" offset="18" sl="196" sc="13" el="196" ec="22" bec="0" bev="0" fileid="1" />
                <SequencePoint vc="35" uspid="48" ordinal="5" offset="22" sl="196" sc="44" el="196" ec="45" bec="0" bev="0" fileid="1" />
                <SequencePoint vc="35" uspid="49" ordinal="6" offset="23" sl="197" sc="5" el="197" ec="26" bec="0" bev="0" fileid="1" />
                <SequencePoint vc="35" uspid="50" ordinal="7" offset="31" sl="199" sc="5" el="199" ec="80" bec="0" bev="0" fileid="1" />
                <SequencePoint vc="35" uspid="51" ordinal="8" offset="59" sl="200" sc="4" el="200" ec="5" bec="0" bev="0" fileid="1" />
                <SequencePoint vc="36" uspid="52" ordinal="9" offset="64" sl="196" sc="23" el="196" ec="25" bec="0" bev="0" fileid="1" />
                <SequencePoint vc="1" uspid="53" ordinal="10" offset="70" sl="201" sc="3" el="201" ec="4" bec="0" bev="0" fileid="1" />
              </SequencePoints>
              <BranchPoints />
              <MethodPoint xsi:type="SequencePoint" vc="1" uspid="43" ordinal="0" offset="0" sl="193" sc="3" el="193" ec="4" bec="0" bev="0" fileid="1" />
            </Method>
            <Method visited="true" cyclomaticComplexity="2" nPathComplexity="0" sequenceCoverage="100" branchCoverage="100" isConstructor="false" isStatic="false" isGetter="false" isSetter="false">
              <Summary numSequencePoints="11" visitedSequencePoints="11" numBranchPoints="1" visitedBranchPoints="1" sequenceCoverage="100" branchCoverage="100" maxCyclomaticComplexity="2" minCyclomaticComplexity="2" visitedClasses="0" numClasses="0" visitedMethods="1" numMethods="1" />
              <MetadataToken>100663303</MetadataToken>
              <Name>System.Void UnitTests.Test::TestValidationAttributeValidInternationalAddresses()</Name>
              <FileRef uid="1" />
              <SequencePoints>
                <SequencePoint vc="1" uspid="56" ordinal="0" offset="0" sl="205" sc="3" el="205" ec="4" bec="0" bev="0" fileid="1" />
                <SequencePoint vc="1" uspid="57" ordinal="1" offset="1" sl="206" sc="4" el="206" ec="59" bec="0" bev="0" fileid="1" />
                <SequencePoint vc="1" uspid="58" ordinal="2" offset="7" sl="208" sc="4" el="208" ec="11" bec="0" bev="0" fileid="1" />
                <SequencePoint vc="1" uspid="59" ordinal="3" offset="8" sl="208" sc="26" el="208" ec="53" bec="0" bev="0" fileid="1" />
                <SequencePoint vc="4" uspid="60" ordinal="4" offset="18" sl="208" sc="13" el="208" ec="22" bec="0" bev="0" fileid="1" />
                <SequencePoint vc="4" uspid="61" ordinal="5" offset="22" sl="208" sc="55" el="208" ec="56" bec="0" bev="0" fileid="1" />
                <SequencePoint vc="4" uspid="62" ordinal="6" offset="23" sl="209" sc="5" el="209" ec="26" bec="0" bev="0" fileid="1" />
                <SequencePoint vc="4" uspid="63" ordinal="7" offset="31" sl="211" sc="5" el="211" ec="91" bec="0" bev="0" fileid="1" />
                <SequencePoint vc="4" uspid="64" ordinal="8" offset="59" sl="212" sc="4" el="212" ec="5" bec="0" bev="0" fileid="1" />
                <SequencePoint vc="5" uspid="65" ordinal="9" offset="64" sl="208" sc="23" el="208" ec="25" bec="0" bev="0" fileid="1" />
                <SequencePoint vc="1" uspid="66" ordinal="10" offset="70" sl="213" sc="3" el="213" ec="4" bec="0" bev="0" fileid="1" />
              </SequencePoints>
              <BranchPoints />
              <MethodPoint xsi:type="SequencePoint" vc="1" uspid="56" ordinal="0" offset="0" sl="205" sc="3" el="205" ec="4" bec="0" bev="0" fileid="1" />
            </Method>
            <Method visited="true" cyclomaticComplexity="1" nPathComplexity="0" sequenceCoverage="100" branchCoverage="100" isConstructor="false" isStatic="false" isGetter="false" isSetter="false">
              <Summary numSequencePoints="5" visitedSequencePoints="5" numBranchPoints="1" visitedBranchPoints="1" sequenceCoverage="100" branchCoverage="100" maxCyclomaticComplexity="1" minCyclomaticComplexity="1" visitedClasses="0" numClasses="0" visitedMethods="1" numMethods="1" />
              <MetadataToken>100663304</MetadataToken>
              <Name>System.Void UnitTests.Test::TestWithoutAllowingAcceptance()</Name>
              <FileRef uid="1" />
              <SequencePoints>
                <SequencePoint vc="1" uspid="69" ordinal="0" offset="0" sl="217" sc="9" el="217" ec="10" bec="0" bev="0" fileid="1" />
                <SequencePoint vc="1" uspid="70" ordinal="1" offset="1" sl="218" sc="13" el="218" ec="61" bec="0" bev="0" fileid="1" />
                <SequencePoint vc="1" uspid="71" ordinal="2" offset="7" sl="219" sc="13" el="219" ec="49" bec="0" bev="0" fileid="1" />
                <SequencePoint vc="1" uspid="72" ordinal="3" offset="19" sl="221" sc="13" el="221" ec="98" bec="0" bev="0" fileid="1" />
                <SequencePoint vc="1" uspid="73" ordinal="4" offset="37" sl="222" sc="9" el="222" ec="10" bec="0" bev="0" fileid="1" />
              </SequencePoints>
              <BranchPoints />
              <MethodPoint xsi:type="SequencePoint" vc="1" uspid="69" ordinal="0" offset="0" sl="217" sc="9" el="217" ec="10" bec="0" bev="0" fileid="1" />
            </Method>
            <Method visited="true" cyclomaticComplexity="1" nPathComplexity="0" sequenceCoverage="100" branchCoverage="100" isConstructor="false" isStatic="false" isGetter="false" isSetter="false">
              <Summary numSequencePoints="5" visitedSequencePoints="5" numBranchPoints="1" visitedBranchPoints="1" sequenceCoverage="100" branchCoverage="100" maxCyclomaticComplexity="1" minCyclomaticComplexity="1" visitedClasses="0" numClasses="0" visitedMethods="1" numMethods="1" />
              <MetadataToken>100663305</MetadataToken>
              <Name>System.Void UnitTests.Test::TestWithoutAllowingDecline()</Name>
              <FileRef uid="1" />
              <SequencePoints>
                <SequencePoint vc="1" uspid="74" ordinal="0" offset="0" sl="226" sc="9" el="226" ec="10" bec="0" bev="0" fileid="1" />
                <SequencePoint vc="1" uspid="75" ordinal="1" offset="1" sl="227" sc="13" el="227" ec="61" bec="0" bev="0" fileid="1" />
                <SequencePoint vc="1" uspid="76" ordinal="2" offset="7" sl="228" sc="13" el="228" ec="56" bec="0" bev="0" fileid="1" />
                <SequencePoint vc="1" uspid="77" ordinal="3" offset="19" sl="230" sc="13" el="230" ec="99" bec="0" bev="0" fileid="1" />
                <SequencePoint vc="1" uspid="78" ordinal="4" offset="37" sl="231" sc="9" el="231" ec="10" bec="0" bev="0" fileid="1" />
              </SequencePoints>
              <BranchPoints />
              <MethodPoint xsi:type="SequencePoint" vc="1" uspid="74" ordinal="0" offset="0" sl="226" sc="9" el="226" ec="10" bec="0" bev="0" fileid="1" />
            </Method>
            <Method visited="true" cyclomaticComplexity="2" nPathComplexity="0" sequenceCoverage="100" branchCoverage="100" isConstructor="false" isStatic="false" isGetter="false" isSetter="false">
              <Summary numSequencePoints="11" visitedSequencePoints="11" numBranchPoints="1" visitedBranchPoints="1" sequenceCoverage="100" branchCoverage="100" maxCyclomaticComplexity="2" minCyclomaticComplexity="2" visitedClasses="0" numClasses="0" visitedMethods="1" numMethods="1" />
              <MetadataToken>100663306</MetadataToken>
              <Name>System.Void UnitTests.Test::TestInternationalDecline()</Name>
              <FileRef uid="1" />
              <SequencePoints>
                <SequencePoint vc="1" uspid="79" ordinal="0" offset="0" sl="235" sc="9" el="235" ec="10" bec="0" bev="0" fileid="1" />
                <SequencePoint vc="1" uspid="80" ordinal="1" offset="1" sl="236" sc="13" el="236" ec="72" bec="0" bev="0" fileid="1" />
                <SequencePoint vc="1" uspid="81" ordinal="2" offset="7" sl="238" sc="13" el="238" ec="20" bec="0" bev="0" fileid="1" />
                <SequencePoint vc="1" uspid="82" ordinal="3" offset="8" sl="238" sc="35" el="238" ec="62" bec="0" bev="0" fileid="1" />
                <SequencePoint vc="4" uspid="83" ordinal="4" offset="18" sl="238" sc="22" el="238" ec="31" bec="0" bev="0" fileid="1" />
                <SequencePoint vc="4" uspid="84" ordinal="5" offset="22" sl="239" sc="13" el="239" ec="14" bec="0" bev="0" fileid="1" />
                <SequencePoint vc="4" uspid="85" ordinal="6" offset="23" sl="240" sc="17" el="240" ec="38" bec="0" bev="0" fileid="1" />
                <SequencePoint vc="4" uspid="86" ordinal="7" offset="31" sl="241" sc="17" el="241" ec="88" bec="0" bev="0" fileid="1" />
                <SequencePoint vc="4" uspid="87" ordinal="8" offset="55" sl="242" sc="13" el="242" ec="14" bec="0" bev="0" fileid="1" />
                <SequencePoint vc="5" uspid="88" ordinal="9" offset="60" sl="238" sc="32" el="238" ec="34" bec="0" bev="0" fileid="1" />
                <SequencePoint vc="1" uspid="89" ordinal="10" offset="66" sl="243" sc="9" el="243" ec="10" bec="0" bev="0" fileid="1" />
              </SequencePoints>
              <BranchPoints />
              <MethodPoint xsi:type="SequencePoint" vc="1" uspid="79" ordinal="0" offset="0" sl="235" sc="9" el="235" ec="10" bec="0" bev="0" fileid="1" />
            </Method>
            <Method visited="true" cyclomaticComplexity="2" nPathComplexity="2" sequenceCoverage="100" branchCoverage="100" isConstructor="false" isStatic="false" isGetter="false" isSetter="false">
              <Summary numSequencePoints="8" visitedSequencePoints="8" numBranchPoints="3" visitedBranchPoints="3" sequenceCoverage="100" branchCoverage="100" maxCyclomaticComplexity="2" minCyclomaticComplexity="2" visitedClasses="0" numClasses="0" visitedMethods="1" numMethods="1" />
              <MetadataToken>100663307</MetadataToken>
              <Name>System.Void UnitTests.Test::TestInValidateInternational()</Name>
              <FileRef uid="1" />
              <SequencePoints>
                <SequencePoint vc="1" uspid="92" ordinal="0" offset="0" sl="247" sc="9" el="247" ec="10" bec="0" bev="0" fileid="1" />
                <SequencePoint vc="1" uspid="93" ordinal="1" offset="1" sl="248" sc="17" el="248" ec="26" bec="0" bev="0" fileid="1" />
                <SequencePoint vc="4" uspid="94" ordinal="2" offset="5" sl="249" sc="13" el="249" ec="14" bec="0" bev="0" fileid="1" />
                <SequencePoint vc="4" uspid="95" ordinal="3" offset="6" sl="250" sc="17" el="250" ec="142" bec="0" bev="0" fileid="1" />
                <SequencePoint vc="4" uspid="96" ordinal="4" offset="41" sl="251" sc="13" el="251" ec="14" bec="0" bev="0" fileid="1" />
                <SequencePoint vc="4" uspid="97" ordinal="5" offset="42" sl="248" sc="68" el="248" ec="71" bec="0" bev="0" fileid="1" />
                <SequencePoint vc="5" uspid="98" ordinal="6" offset="46" sl="248" sc="28" el="248" ec="66" bec="2" bev="2" fileid="1" />
                <SequencePoint vc="1" uspid="99" ordinal="7" offset="60" sl="252" sc="9" el="252" ec="10" bec="0" bev="0" fileid="1" />
              </SequencePoints>
              <BranchPoints>
                <BranchPoint vc="1" uspid="100" ordinal="0" offset="58" sl="248" path="0" offsetend="60" fileid="1" />
                <BranchPoint vc="4" uspid="101" ordinal="1" offset="58" sl="248" path="1" offsetend="5" fileid="1" />
              </BranchPoints>
              <MethodPoint xsi:type="SequencePoint" vc="1" uspid="92" ordinal="0" offset="0" sl="247" sc="9" el="247" ec="10" bec="0" bev="0" fileid="1" />
            </Method>
            <Method visited="true" cyclomaticComplexity="1" nPathComplexity="0" sequenceCoverage="100" branchCoverage="100" isConstructor="false" isStatic="false" isGetter="false" isSetter="false">
              <Summary numSequencePoints="5" visitedSequencePoints="5" numBranchPoints="1" visitedBranchPoints="1" sequenceCoverage="100" branchCoverage="100" maxCyclomaticComplexity="1" minCyclomaticComplexity="1" visitedClasses="0" numClasses="0" visitedMethods="1" numMethods="1" />
              <MetadataToken>100663308</MetadataToken>
              <Name>System.Boolean UnitTests.Test::AreAttributesValid(System.Object)</Name>
              <FileRef uid="1" />
              <SequencePoints>
                <SequencePoint vc="99" uspid="102" ordinal="0" offset="0" sl="255" sc="3" el="255" ec="4" bec="0" bev="0" fileid="1" />
                <SequencePoint vc="99" uspid="103" ordinal="1" offset="1" sl="256" sc="4" el="256" ec="61" bec="0" bev="0" fileid="1" />
                <SequencePoint vc="99" uspid="104" ordinal="2" offset="10" sl="257" sc="4" el="257" ec="48" bec="0" bev="0" fileid="1" />
                <SequencePoint vc="99" uspid="105" ordinal="3" offset="16" sl="259" sc="4" el="259" ec="72" bec="0" bev="0" fileid="1" />
                <SequencePoint vc="99" uspid="106" ordinal="4" offset="28" sl="260" sc="3" el="260" ec="4" bec="0" bev="0" fileid="1" />
              </SequencePoints>
              <BranchPoints />
              <MethodPoint xsi:type="SequencePoint" vc="99" uspid="102" ordinal="0" offset="0" sl="255" sc="3" el="255" ec="4" bec="0" bev="0" fileid="1" />
            </Method>
            <Method visited="true" cyclomaticComplexity="1" nPathComplexity="0" sequenceCoverage="0" branchCoverage="0" isConstructor="true" isStatic="false" isGetter="false" isSetter="false">
              <Summary numSequencePoints="0" visitedSequencePoints="0" numBranchPoints="0" visitedBranchPoints="0" sequenceCoverage="0" branchCoverage="0" maxCyclomaticComplexity="1" minCyclomaticComplexity="1" visitedClasses="0" numClasses="0" visitedMethods="0" numMethods="0" />
              <MetadataToken>100663309</MetadataToken>
              <Name>System.Void UnitTests.Test::.ctor()</Name>
              <SequencePoints />
              <BranchPoints />
              <MethodPoint vc="1" uspid="107" ordinal="0" offset="0" />
            </Method>
            <Method visited="true" cyclomaticComplexity="1" nPathComplexity="0" sequenceCoverage="100" branchCoverage="100" isConstructor="true" isStatic="true" isGetter="false" isSetter="false">
              <Summary numSequencePoints="3" visitedSequencePoints="3" numBranchPoints="1" visitedBranchPoints="1" sequenceCoverage="100" branchCoverage="100" maxCyclomaticComplexity="1" minCyclomaticComplexity="1" visitedClasses="0" numClasses="0" visitedMethods="1" numMethods="1" />
              <MetadataToken>100663310</MetadataToken>
              <Name>System.Void UnitTests.Test::.cctor()</Name>
              <FileRef uid="1" />
              <SequencePoints>
                <SequencePoint vc="1" uspid="108" ordinal="0" offset="0" sl="37" sc="3" el="96" ec="5" bec="0" bev="0" fileid="1" />
                <SequencePoint vc="1" uspid="109" ordinal="1" offset="489" sl="98" sc="3" el="143" ec="5" bec="0" bev="0" fileid="1" />
                <SequencePoint vc="1" uspid="110" ordinal="2" offset="807" sl="145" sc="3" el="150" ec="5" bec="0" bev="0" fileid="1" />
              </SequencePoints>
              <BranchPoints />
              <MethodPoint xsi:type="SequencePoint" vc="1" uspid="108" ordinal="0" offset="0" sl="37" sc="3" el="96" ec="5" bec="0" bev="0" fileid="1" />
            </Method>
          </Methods>
        </Class>
        <Class>
          <Summary numSequencePoints="2" visitedSequencePoints="2" numBranchPoints="2" visitedBranchPoints="2" sequenceCoverage="100" branchCoverage="100" maxCyclomaticComplexity="1" minCyclomaticComplexity="1" visitedClasses="1" numClasses="1" visitedMethods="2" numMethods="2" />
          <FullName>UnitTests.Test/EmailWithoutAllowingAnything</FullName>
          <Methods>
            <Method visited="true" cyclomaticComplexity="1" nPathComplexity="0" sequenceCoverage="100" branchCoverage="100" isConstructor="false" isStatic="false" isGetter="true" isSetter="false">
              <Summary numSequencePoints="1" visitedSequencePoints="1" numBranchPoints="1" visitedBranchPoints="1" sequenceCoverage="100" branchCoverage="100" maxCyclomaticComplexity="1" minCyclomaticComplexity="1" visitedClasses="0" numClasses="0" visitedMethods="1" numMethods="1" />
              <MetadataToken>100663311</MetadataToken>
              <Name>System.String UnitTests.Test/EmailWithoutAllowingAnything::get_Email()</Name>
              <FileRef uid="1" />
              <SequencePoints>
                <SequencePoint vc="2" uspid="111" ordinal="0" offset="0" sl="265" sc="35" el="265" ec="39" bec="0" bev="0" fileid="1" />
              </SequencePoints>
              <BranchPoints />
              <MethodPoint xsi:type="SequencePoint" vc="2" uspid="111" ordinal="0" offset="0" sl="265" sc="35" el="265" ec="39" bec="0" bev="0" fileid="1" />
            </Method>
            <Method visited="true" cyclomaticComplexity="1" nPathComplexity="0" sequenceCoverage="100" branchCoverage="100" isConstructor="false" isStatic="false" isGetter="false" isSetter="true">
              <Summary numSequencePoints="1" visitedSequencePoints="1" numBranchPoints="1" visitedBranchPoints="1" sequenceCoverage="100" branchCoverage="100" maxCyclomaticComplexity="1" minCyclomaticComplexity="1" visitedClasses="0" numClasses="0" visitedMethods="1" numMethods="1" />
              <MetadataToken>100663312</MetadataToken>
              <Name>System.Void UnitTests.Test/EmailWithoutAllowingAnything::set_Email(System.String)</Name>
              <FileRef uid="1" />
              <SequencePoints>
                <SequencePoint vc="2" uspid="112" ordinal="0" offset="0" sl="265" sc="40" el="265" ec="44" bec="0" bev="0" fileid="1" />
              </SequencePoints>
              <BranchPoints />
              <MethodPoint xsi:type="SequencePoint" vc="2" uspid="112" ordinal="0" offset="0" sl="265" sc="40" el="265" ec="44" bec="0" bev="0" fileid="1" />
            </Method>
            <Method visited="true" cyclomaticComplexity="1" nPathComplexity="0" sequenceCoverage="0" branchCoverage="0" isConstructor="true" isStatic="false" isGetter="false" isSetter="false">
              <Summary numSequencePoints="0" visitedSequencePoints="0" numBranchPoints="0" visitedBranchPoints="0" sequenceCoverage="0" branchCoverage="0" maxCyclomaticComplexity="1" minCyclomaticComplexity="1" visitedClasses="0" numClasses="0" visitedMethods="0" numMethods="0" />
              <MetadataToken>100663313</MetadataToken>
              <Name>System.Void UnitTests.Test/EmailWithoutAllowingAnything::.ctor()</Name>
              <SequencePoints />
              <BranchPoints />
              <MethodPoint vc="2" uspid="113" ordinal="0" offset="0" />
            </Method>
          </Methods>
        </Class>
        <Class>
          <Summary numSequencePoints="2" visitedSequencePoints="2" numBranchPoints="2" visitedBranchPoints="2" sequenceCoverage="100" branchCoverage="100" maxCyclomaticComplexity="1" minCyclomaticComplexity="1" visitedClasses="1" numClasses="1" visitedMethods="2" numMethods="2" />
          <FullName>UnitTests.Test/EmailValidationTarget</FullName>
          <Methods>
            <Method visited="true" cyclomaticComplexity="1" nPathComplexity="0" sequenceCoverage="100" branchCoverage="100" isConstructor="false" isStatic="false" isGetter="true" isSetter="false">
              <Summary numSequencePoints="1" visitedSequencePoints="1" numBranchPoints="1" visitedBranchPoints="1" sequenceCoverage="100" branchCoverage="100" maxCyclomaticComplexity="1" minCyclomaticComplexity="1" visitedClasses="0" numClasses="0" visitedMethods="1" numMethods="1" />
              <MetadataToken>100663314</MetadataToken>
              <Name>System.String UnitTests.Test/EmailValidationTarget::get_Email()</Name>
              <FileRef uid="1" />
              <SequencePoints>
                <SequencePoint vc="93" uspid="114" ordinal="0" offset="0" sl="271" sc="26" el="271" ec="30" bec="0" bev="0" fileid="1" />
              </SequencePoints>
              <BranchPoints />
              <MethodPoint xsi:type="SequencePoint" vc="93" uspid="114" ordinal="0" offset="0" sl="271" sc="26" el="271" ec="30" bec="0" bev="0" fileid="1" />
            </Method>
            <Method visited="true" cyclomaticComplexity="1" nPathComplexity="0" sequenceCoverage="100" branchCoverage="100" isConstructor="false" isStatic="false" isGetter="false" isSetter="true">
              <Summary numSequencePoints="1" visitedSequencePoints="1" numBranchPoints="1" visitedBranchPoints="1" sequenceCoverage="100" branchCoverage="100" maxCyclomaticComplexity="1" minCyclomaticComplexity="1" visitedClasses="0" numClasses="0" visitedMethods="1" numMethods="1" />
              <MetadataToken>100663315</MetadataToken>
              <Name>System.Void UnitTests.Test/EmailValidationTarget::set_Email(System.String)</Name>
              <FileRef uid="1" />
              <SequencePoints>
                <SequencePoint vc="93" uspid="115" ordinal="0" offset="0" sl="271" sc="31" el="271" ec="35" bec="0" bev="0" fileid="1" />
              </SequencePoints>
              <BranchPoints />
              <MethodPoint xsi:type="SequencePoint" vc="93" uspid="115" ordinal="0" offset="0" sl="271" sc="31" el="271" ec="35" bec="0" bev="0" fileid="1" />
            </Method>
            <Method visited="true" cyclomaticComplexity="1" nPathComplexity="0" sequenceCoverage="0" branchCoverage="0" isConstructor="true" isStatic="false" isGetter="false" isSetter="false">
              <Summary numSequencePoints="0" visitedSequencePoints="0" numBranchPoints="0" visitedBranchPoints="0" sequenceCoverage="0" branchCoverage="0" maxCyclomaticComplexity="1" minCyclomaticComplexity="1" visitedClasses="0" numClasses="0" visitedMethods="0" numMethods="0" />
              <MetadataToken>100663316</MetadataToken>
              <Name>System.Void UnitTests.Test/EmailValidationTarget::.ctor()</Name>
              <SequencePoints />
              <BranchPoints />
              <MethodPoint vc="3" uspid="116" ordinal="0" offset="0" />
            </Method>
          </Methods>
        </Class>
        <Class>
          <Summary numSequencePoints="2" visitedSequencePoints="2" numBranchPoints="2" visitedBranchPoints="2" sequenceCoverage="100" branchCoverage="100" maxCyclomaticComplexity="1" minCyclomaticComplexity="1" visitedClasses="1" numClasses="1" visitedMethods="2" numMethods="2" />
          <FullName>UnitTests.Test/InternationalEmailValidationTarget</FullName>
          <Methods>
            <Method visited="true" cyclomaticComplexity="1" nPathComplexity="0" sequenceCoverage="100" branchCoverage="100" isConstructor="false" isStatic="false" isGetter="true" isSetter="false">
              <Summary numSequencePoints="1" visitedSequencePoints="1" numBranchPoints="1" visitedBranchPoints="1" sequenceCoverage="100" branchCoverage="100" maxCyclomaticComplexity="1" minCyclomaticComplexity="1" visitedClasses="0" numClasses="0" visitedMethods="1" numMethods="1" />
              <MetadataToken>100663317</MetadataToken>
              <Name>System.String UnitTests.Test/InternationalEmailValidationTarget::get_Email()</Name>
              <FileRef uid="1" />
              <SequencePoints>
                <SequencePoint vc="4" uspid="117" ordinal="0" offset="0" sl="277" sc="26" el="277" ec="30" bec="0" bev="0" fileid="1" />
              </SequencePoints>
              <BranchPoints />
              <MethodPoint xsi:type="SequencePoint" vc="4" uspid="117" ordinal="0" offset="0" sl="277" sc="26" el="277" ec="30" bec="0" bev="0" fileid="1" />
            </Method>
            <Method visited="true" cyclomaticComplexity="1" nPathComplexity="0" sequenceCoverage="100" branchCoverage="100" isConstructor="false" isStatic="false" isGetter="false" isSetter="true">
              <Summary numSequencePoints="1" visitedSequencePoints="1" numBranchPoints="1" visitedBranchPoints="1" sequenceCoverage="100" branchCoverage="100" maxCyclomaticComplexity="1" minCyclomaticComplexity="1" visitedClasses="0" numClasses="0" visitedMethods="1" numMethods="1" />
              <MetadataToken>100663318</MetadataToken>
              <Name>System.Void UnitTests.Test/InternationalEmailValidationTarget::set_Email(System.String)</Name>
              <FileRef uid="1" />
              <SequencePoints>
                <SequencePoint vc="4" uspid="118" ordinal="0" offset="0" sl="277" sc="31" el="277" ec="35" bec="0" bev="0" fileid="1" />
              </SequencePoints>
              <BranchPoints />
              <MethodPoint xsi:type="SequencePoint" vc="4" uspid="118" ordinal="0" offset="0" sl="277" sc="31" el="277" ec="35" bec="0" bev="0" fileid="1" />
            </Method>
            <Method visited="true" cyclomaticComplexity="1" nPathComplexity="0" sequenceCoverage="0" branchCoverage="0" isConstructor="true" isStatic="false" isGetter="false" isSetter="false">
              <Summary numSequencePoints="0" visitedSequencePoints="0" numBranchPoints="0" visitedBranchPoints="0" sequenceCoverage="0" branchCoverage="0" maxCyclomaticComplexity="1" minCyclomaticComplexity="1" visitedClasses="0" numClasses="0" visitedMethods="0" numMethods="0" />
              <MetadataToken>100663319</MetadataToken>
              <Name>System.Void UnitTests.Test/InternationalEmailValidationTarget::.ctor()</Name>
              <SequencePoints />
              <BranchPoints />
              <MethodPoint vc="1" uspid="119" ordinal="0" offset="0" />
            </Method>
          </Methods>
        </Class>
        <Class>
          <Summary numSequencePoints="1" visitedSequencePoints="1" numBranchPoints="1" visitedBranchPoints="1" sequenceCoverage="100" branchCoverage="100" maxCyclomaticComplexity="1" minCyclomaticComplexity="1" visitedClasses="1" numClasses="1" visitedMethods="1" numMethods="1" />
          <FullName>UnitTests.Test/&lt;&gt;c</FullName>
          <Methods>
            <Method visited="true" cyclomaticComplexity="1" nPathComplexity="0" sequenceCoverage="0" branchCoverage="0" isConstructor="true" isStatic="true" isGetter="false" isSetter="false">
              <Summary numSequencePoints="0" visitedSequencePoints="0" numBranchPoints="0" visitedBranchPoints="0" sequenceCoverage="0" branchCoverage="0" maxCyclomaticComplexity="1" minCyclomaticComplexity="1" visitedClasses="0" numClasses="0" visitedMethods="0" numMethods="0" />
              <MetadataToken>100663320</MetadataToken>
              <Name>System.Void UnitTests.Test/&lt;&gt;c::.cctor()</Name>
              <SequencePoints />
              <BranchPoints />
              <MethodPoint vc="1" uspid="120" ordinal="0" offset="0" />
            </Method>
            <Method visited="true" cyclomaticComplexity="1" nPathComplexity="0" sequenceCoverage="0" branchCoverage="0" isConstructor="true" isStatic="false" isGetter="false" isSetter="false">
              <Summary numSequencePoints="0" visitedSequencePoints="0" numBranchPoints="0" visitedBranchPoints="0" sequenceCoverage="0" branchCoverage="0" maxCyclomaticComplexity="1" minCyclomaticComplexity="1" visitedClasses="0" numClasses="0" visitedMethods="0" numMethods="0" />
              <MetadataToken>100663321</MetadataToken>
              <Name>System.Void UnitTests.Test/&lt;&gt;c::.ctor()</Name>
              <SequencePoints />
              <BranchPoints />
              <MethodPoint vc="1" uspid="121" ordinal="0" offset="0" />
            </Method>
            <Method visited="true" cyclomaticComplexity="1" nPathComplexity="0" sequenceCoverage="100" branchCoverage="100" isConstructor="false" isStatic="false" isGetter="false" isSetter="false">
              <Summary numSequencePoints="1" visitedSequencePoints="1" numBranchPoints="1" visitedBranchPoints="1" sequenceCoverage="100" branchCoverage="100" maxCyclomaticComplexity="1" minCyclomaticComplexity="1" visitedClasses="0" numClasses="0" visitedMethods="1" numMethods="1" />
              <MetadataToken>100663322</MetadataToken>
              <Name>System.Void UnitTests.Test/&lt;&gt;c::&lt;TestThrowsExceptionIfNull&gt;b__6_0()</Name>
              <FileRef uid="1" />
              <SequencePoints>
                <SequencePoint vc="1" uspid="122" ordinal="0" offset="0" sl="176" sc="48" el="176" ec="90" bec="0" bev="0" fileid="1" />
              </SequencePoints>
              <BranchPoints />
              <MethodPoint xsi:type="SequencePoint" vc="1" uspid="122" ordinal="0" offset="0" sl="176" sc="48" el="176" ec="90" bec="0" bev="0" fileid="1" />
            </Method>
          </Methods>
        </Class>
      </Classes>
    </Module>
    <Module skippedDueTo="MissingPdb" hash="A2-D0-DB-C9-20-FB-37-90-D4-D6-25-E5-C4-7B-E0-42-CA-32-C0-51">
      <ModulePath>C:\Users\User\Documents\IEgit\EmailValidation\UnitTests\bin\Debug\nunit.framework.dll</ModulePath>
      <ModuleTime>2017-05-02T18:25:18.8837779Z</ModuleTime>
      <ModuleName>nunit.framework</ModuleName>
      <Classes />
    </Module>
    <Module skippedDueTo="Filter" hash="95-D9-45-73-2F-AC-1D-EF-EC-C6-93-78-10-BD-93-EC-19-FA-11-4E">
      <ModulePath>C:\Windows\Microsoft.Net\assembly\GAC_MSIL\System.ComponentModel.DataAnnotations\v4.0_4.0.0.0__31bf3856ad364e35\System.ComponentModel.DataAnnotations.dll</ModulePath>
      <ModuleTime>2017-04-22T12:18:55.746827Z</ModuleTime>
      <ModuleName>System.ComponentModel.DataAnnotations</ModuleName>
      <Classes />
    </Module>
    <Module skippedDueTo="Filter" hash="75-7C-9D-77-5B-C3-C2-F7-B9-5F-C1-B8-6A-BC-3A-67-72-FF-41-BB">
      <ModulePath>C:\Windows\Microsoft.Net\assembly\GAC_MSIL\System.Core\v4.0_4.0.0.0__b77a5c561934e089\System.Core.dll</ModulePath>
      <ModuleTime>2017-04-22T12:18:55.746827Z</ModuleTime>
      <ModuleName>System.Core</ModuleName>
      <Classes />
    </Module>
    <Module hash="0A-D5-2A-D6-B7-36-E4-26-13-41-C3-C6-65-51-8C-54-8D-A7-2A-E6">
      <Summary numSequencePoints="206" visitedSequencePoints="196" numBranchPoints="132" visitedBranchPoints="120" sequenceCoverage="95.15" branchCoverage="90.91" maxCyclomaticComplexity="21" minCyclomaticComplexity="1" visitedClasses="2" numClasses="2" visitedMethods="20" numMethods="20" />
      <ModulePath>C:\Users\User\Documents\IEgit\EmailValidation\UnitTests\bin\Debug\EmailValidation.dll</ModulePath>
      <ModuleTime>2017-05-02T20:33:17.0879457Z</ModuleTime>
      <ModuleName>EmailValidation</ModuleName>
      <Files>
        <File uid="11" fullPath="C:\Users\User\Documents\IEgit\EmailValidation\EmailValidation\EmailAttribute.cs" />
        <File uid="12" fullPath="C:\Users\User\Documents\IEgit\EmailValidation\EmailValidation\EmailValidator.cs" />
      </Files>
      <Classes>
        <Class>
          <Summary numSequencePoints="0" visitedSequencePoints="0" numBranchPoints="0" visitedBranchPoints="0" sequenceCoverage="0" branchCoverage="0" maxCyclomaticComplexity="0" minCyclomaticComplexity="0" visitedClasses="0" numClasses="0" visitedMethods="0" numMethods="0" />
          <FullName>&lt;Module&gt;</FullName>
          <Methods />
        </Class>
        <Class>
          <Summary numSequencePoints="23" visitedSequencePoints="21" numBranchPoints="12" visitedBranchPoints="10" sequenceCoverage="91.30" branchCoverage="83.33" maxCyclomaticComplexity="5" minCyclomaticComplexity="1" visitedClasses="1" numClasses="1" visitedMethods="6" numMethods="6" />
          <FullName>EmailValidation.EmailAttribute</FullName>
          <Methods>
            <Method visited="true" cyclomaticComplexity="1" nPathComplexity="0" sequenceCoverage="100" branchCoverage="100" isConstructor="false" isStatic="false" isGetter="true" isSetter="false">
              <Summary numSequencePoints="1" visitedSequencePoints="1" numBranchPoints="1" visitedBranchPoints="1" sequenceCoverage="100" branchCoverage="100" maxCyclomaticComplexity="1" minCyclomaticComplexity="1" visitedClasses="0" numClasses="0" visitedMethods="1" numMethods="1" />
              <MetadataToken>100663300</MetadataToken>
              <Name>System.Boolean EmailValidation.EmailAttribute::get_AllowTopLevelDomains()</Name>
              <FileRef uid="11" />
              <SequencePoints>
                <SequencePoint vc="99" uspid="123" ordinal="0" offset="0" sl="44" sc="38" el="44" ec="42" bec="0" bev="0" fileid="11" />
              </SequencePoints>
              <BranchPoints />
              <MethodPoint xsi:type="SequencePoint" vc="99" uspid="123" ordinal="0" offset="0" sl="44" sc="38" el="44" ec="42" bec="0" bev="0" fileid="11" />
            </Method>
            <Method visited="true" cyclomaticComplexity="1" nPathComplexity="0" sequenceCoverage="100" branchCoverage="100" isConstructor="false" isStatic="false" isGetter="true" isSetter="false">
              <Summary numSequencePoints="1" visitedSequencePoints="1" numBranchPoints="1" visitedBranchPoints="1" sequenceCoverage="100" branchCoverage="100" maxCyclomaticComplexity="1" minCyclomaticComplexity="1" visitedClasses="0" numClasses="0" visitedMethods="1" numMethods="1" />
              <MetadataToken>100663301</MetadataToken>
              <Name>System.Boolean EmailValidation.EmailAttribute::get_AllowInternational()</Name>
              <FileRef uid="11" />
              <SequencePoints>
                <SequencePoint vc="99" uspid="124" ordinal="0" offset="0" sl="46" sc="36" el="46" ec="40" bec="0" bev="0" fileid="11" />
              </SequencePoints>
              <BranchPoints />
              <MethodPoint xsi:type="SequencePoint" vc="99" uspid="124" ordinal="0" offset="0" sl="46" sc="36" el="46" ec="40" bec="0" bev="0" fileid="11" />
            </Method>
            <Method visited="true" cyclomaticComplexity="1" nPathComplexity="0" sequenceCoverage="100" branchCoverage="100" isConstructor="true" isStatic="false" isGetter="false" isSetter="false">
              <Summary numSequencePoints="3" visitedSequencePoints="3" numBranchPoints="1" visitedBranchPoints="1" sequenceCoverage="100" branchCoverage="100" maxCyclomaticComplexity="1" minCyclomaticComplexity="1" visitedClasses="0" numClasses="0" visitedMethods="1" numMethods="1" />
              <MetadataToken>100663297</MetadataToken>
              <Name>System.Void EmailValidation.EmailAttribute::.ctor()</Name>
              <FileRef uid="11" />
              <SequencePoints>
                <SequencePoint vc="1" uspid="125" ordinal="0" offset="0" sl="34" sc="35" el="34" ec="53" bec="0" bev="0" fileid="11" />
                <SequencePoint vc="1" uspid="126" ordinal="1" offset="9" sl="34" sc="54" el="34" ec="55" bec="0" bev="0" fileid="11" />
                <SequencePoint vc="1" uspid="127" ordinal="2" offset="10" sl="34" sc="56" el="34" ec="57" bec="0" bev="0" fileid="11" />
              </SequencePoints>
              <BranchPoints />
              <MethodPoint xsi:type="SequencePoint" vc="1" uspid="125" ordinal="0" offset="0" sl="34" sc="35" el="34" ec="53" bec="0" bev="0" fileid="11" />
            </Method>
            <Method visited="true" cyclomaticComplexity="1" nPathComplexity="0" sequenceCoverage="100" branchCoverage="100" isConstructor="true" isStatic="false" isGetter="false" isSetter="false">
              <Summary numSequencePoints="3" visitedSequencePoints="3" numBranchPoints="1" visitedBranchPoints="1" sequenceCoverage="100" branchCoverage="100" maxCyclomaticComplexity="1" minCyclomaticComplexity="1" visitedClasses="0" numClasses="0" visitedMethods="1" numMethods="1" />
              <MetadataToken>100663298</MetadataToken>
              <Name>System.Void EmailValidation.EmailAttribute::.ctor(System.Boolean)</Name>
              <FileRef uid="11" />
              <SequencePoints>
                <SequencePoint vc="1" uspid="128" ordinal="0" offset="0" sl="36" sc="60" el="36" ec="93" bec="0" bev="0" fileid="11" />
                <SequencePoint vc="1" uspid="129" ordinal="1" offset="9" sl="36" sc="94" el="36" ec="95" bec="0" bev="0" fileid="11" />
                <SequencePoint vc="1" uspid="130" ordinal="2" offset="10" sl="36" sc="96" el="36" ec="97" bec="0" bev="0" fileid="11" />
              </SequencePoints>
              <BranchPoints />
              <MethodPoint xsi:type="SequencePoint" vc="1" uspid="128" ordinal="0" offset="0" sl="36" sc="60" el="36" ec="93" bec="0" bev="0" fileid="11" />
            </Method>
            <Method visited="true" cyclomaticComplexity="1" nPathComplexity="0" sequenceCoverage="100" branchCoverage="100" isConstructor="true" isStatic="false" isGetter="false" isSetter="false">
              <Summary numSequencePoints="5" visitedSequencePoints="5" numBranchPoints="1" visitedBranchPoints="1" sequenceCoverage="100" branchCoverage="100" maxCyclomaticComplexity="1" minCyclomaticComplexity="1" visitedClasses="0" numClasses="0" visitedMethods="1" numMethods="1" />
              <MetadataToken>100663299</MetadataToken>
              <Name>System.Void EmailValidation.EmailAttribute::.ctor(System.Boolean,System.Boolean)</Name>
              <FileRef uid="11" />
              <SequencePoints>
                <SequencePoint vc="3" uspid="131" ordinal="0" offset="0" sl="38" sc="9" el="38" ec="83" bec="0" bev="0" fileid="11" />
                <SequencePoint vc="3" uspid="132" ordinal="1" offset="7" sl="39" sc="3" el="39" ec="4" bec="0" bev="0" fileid="11" />
                <SequencePoint vc="3" uspid="133" ordinal="2" offset="8" sl="40" sc="4" el="40" ec="48" bec="0" bev="0" fileid="11" />
                <SequencePoint vc="3" uspid="134" ordinal="3" offset="15" sl="41" sc="4" el="41" ec="44" bec="0" bev="0" fileid="11" />
                <SequencePoint vc="3" uspid="135" ordinal="4" offset="22" sl="42" sc="3" el="42" ec="4" bec="0" bev="0" fileid="11" />
              </SequencePoints>
              <BranchPoints />
              <MethodPoint xsi:type="SequencePoint" vc="3" uspid="131" ordinal="0" offset="0" sl="38" sc="9" el="38" ec="83" bec="0" bev="0" fileid="11" />
            </Method>
            <Method visited="true" cyclomaticComplexity="5" nPathComplexity="8" sequenceCoverage="80" branchCoverage="71.43" isConstructor="false" isStatic="false" isGetter="false" isSetter="false">
              <Summary numSequencePoints="10" visitedSequencePoints="8" numBranchPoints="7" visitedBranchPoints="5" sequenceCoverage="80" branchCoverage="71.43" maxCyclomaticComplexity="5" minCyclomaticComplexity="5" visitedClasses="0" numClasses="0" visitedMethods="1" numMethods="1" />
              <MetadataToken>100663302</MetadataToken>
              <Name>System.ComponentModel.DataAnnotations.ValidationResult EmailValidation.EmailAttribute::IsValid(System.Object,System.ComponentModel.DataAnnotations.ValidationContext)</Name>
              <FileRef uid="11" />
              <SequencePoints>
                <SequencePoint vc="99" uspid="136" ordinal="0" offset="0" sl="49" sc="3" el="49" ec="4" bec="0" bev="0" fileid="11" />
                <SequencePoint vc="99" uspid="137" ordinal="1" offset="1" sl="50" sc="13" el="50" ec="83" bec="2" bev="1" fileid="11" />
                <SequencePoint vc="0" uspid="138" ordinal="2" offset="20" sl="51" sc="17" el="51" ec="82" bec="0" bev="0" fileid="11" />
                <SequencePoint vc="99" uspid="139" ordinal="3" offset="31" sl="53" sc="4" el="53" ec="68" bec="0" bev="0" fileid="11" />
                <SequencePoint vc="99" uspid="140" ordinal="4" offset="47" sl="55" sc="4" el="55" ec="22" bec="2" bev="1" fileid="11" />
                <SequencePoint vc="0" uspid="141" ordinal="5" offset="55" sl="56" sc="5" el="56" ec="70" bec="0" bev="0" fileid="11" />
                <SequencePoint vc="99" uspid="142" ordinal="6" offset="69" sl="58" sc="4" el="58" ec="91" bec="2" bev="2" fileid="11" />
                <SequencePoint vc="59" uspid="143" ordinal="7" offset="98" sl="59" sc="5" el="59" ec="37" bec="0" bev="0" fileid="11" />
                <SequencePoint vc="40" uspid="144" ordinal="8" offset="106" sl="61" sc="4" el="61" ec="63" bec="0" bev="0" fileid="11" />
                <SequencePoint vc="99" uspid="145" ordinal="9" offset="120" sl="62" sc="3" el="62" ec="4" bec="0" bev="0" fileid="11" />
              </SequencePoints>
              <BranchPoints>
                <BranchPoint vc="0" uspid="148" ordinal="2" offset="18" sl="50" path="0" offsetend="20" fileid="11" />
                <BranchPoint vc="99" uspid="149" ordinal="3" offset="18" sl="50" path="1" offsetend="31" fileid="11" />
                <BranchPoint vc="0" uspid="150" ordinal="4" offset="53" sl="55" path="0" offsetend="55" fileid="11" />
                <BranchPoint vc="99" uspid="151" ordinal="5" offset="53" sl="55" path="1" offsetend="69" fileid="11" />
                <BranchPoint vc="59" uspid="152" ordinal="6" offset="96" sl="58" path="0" offsetend="98" fileid="11" />
                <BranchPoint vc="40" uspid="153" ordinal="7" offset="96" sl="58" path="1" offsetend="106" fileid="11" />
              </BranchPoints>
              <MethodPoint xsi:type="SequencePoint" vc="99" uspid="136" ordinal="0" offset="0" sl="49" sc="3" el="49" ec="4" bec="0" bev="0" fileid="11" />
            </Method>
          </Methods>
        </Class>
        <Class>
          <Summary numSequencePoints="183" visitedSequencePoints="175" numBranchPoints="120" visitedBranchPoints="110" sequenceCoverage="95.63" branchCoverage="91.67" maxCyclomaticComplexity="21" minCyclomaticComplexity="1" visitedClasses="1" numClasses="1" visitedMethods="14" numMethods="14" />
          <FullName>EmailValidation.EmailValidator</FullName>
          <Methods>
            <Method visited="true" cyclomaticComplexity="7" nPathComplexity="4" sequenceCoverage="100" branchCoverage="100" isConstructor="false" isStatic="true" isGetter="false" isSetter="false">
              <Summary numSequencePoints="3" visitedSequencePoints="3" numBranchPoints="5" visitedBranchPoints="5" sequenceCoverage="100" branchCoverage="100" maxCyclomaticComplexity="7" minCyclomaticComplexity="7" visitedClasses="0" numClasses="0" visitedMethods="1" numMethods="1" />
              <MetadataToken>100663303</MetadataToken>
              <Name>System.Boolean EmailValidation.EmailValidator::IsLetterOrDigit(System.Char)</Name>
              <FileRef uid="12" />
              <SequencePoints>
                <SequencePoint vc="4131" uspid="154" ordinal="0" offset="0" sl="41" sc="3" el="41" ec="4" bec="0" bev="0" fileid="12" />
                <SequencePoint vc="4131" uspid="155" ordinal="1" offset="1" sl="42" sc="4" el="42" ec="86" bec="4" bev="4" fileid="12" />
                <SequencePoint vc="4131" uspid="156" ordinal="2" offset="43" sl="43" sc="3" el="43" ec="4" bec="0" bev="0" fileid="12" />
              </SequencePoints>
              <BranchPoints>
                <BranchPoint vc="3324" uspid="157" ordinal="0" offset="4" sl="42" path="0" offsetend="6" fileid="12" />
                <BranchPoint vc="807" uspid="158" ordinal="1" offset="4" sl="42" path="1" offsetend="11" fileid="12" />
                <BranchPoint vc="3232" uspid="161" ordinal="4" offset="14" sl="42" path="0" offsetend="16" fileid="12" />
                <BranchPoint vc="823" uspid="162" ordinal="5" offset="14" sl="42" path="1" offsetend="21" fileid="12" />
              </BranchPoints>
              <MethodPoint xsi:type="SequencePoint" vc="4131" uspid="154" ordinal="0" offset="0" sl="41" sc="3" el="41" ec="4" bec="0" bev="0" fileid="12" />
            </Method>
            <Method visited="true" cyclomaticComplexity="4" nPathComplexity="2" sequenceCoverage="100" branchCoverage="100" isConstructor="false" isStatic="true" isGetter="false" isSetter="false">
              <Summary numSequencePoints="3" visitedSequencePoints="3" numBranchPoints="3" visitedBranchPoints="3" sequenceCoverage="100" branchCoverage="100" maxCyclomaticComplexity="4" minCyclomaticComplexity="4" visitedClasses="0" numClasses="0" visitedMethods="1" numMethods="1" />
              <MetadataToken>100663304</MetadataToken>
              <Name>System.Boolean EmailValidation.EmailValidator::IsAtom(System.Char,System.Boolean)</Name>
              <FileRef uid="12" />
              <SequencePoints>
                <SequencePoint vc="2133" uspid="167" ordinal="0" offset="0" sl="46" sc="3" el="46" ec="4" bec="0" bev="0" fileid="12" />
                <SequencePoint vc="2133" uspid="168" ordinal="1" offset="1" sl="47" sc="4" el="47" ec="98" bec="2" bev="2" fileid="12" />
                <SequencePoint vc="2133" uspid="169" ordinal="2" offset="43" sl="48" sc="3" el="48" ec="4" bec="0" bev="0" fileid="12" />
              </SequencePoints>
              <BranchPoints>
                <BranchPoint vc="36" uspid="170" ordinal="0" offset="7" sl="47" path="0" offsetend="9" fileid="12" />
                <BranchPoint vc="2097" uspid="171" ordinal="1" offset="7" sl="47" path="1" offsetend="12" fileid="12" />
              </BranchPoints>
              <MethodPoint xsi:type="SequencePoint" vc="2133" uspid="167" ordinal="0" offset="0" sl="46" sc="3" el="46" ec="4" bec="0" bev="0" fileid="12" />
            </Method>
            <Method visited="true" cyclomaticComplexity="4" nPathComplexity="2" sequenceCoverage="100" branchCoverage="100" isConstructor="false" isStatic="true" isGetter="false" isSetter="false">
              <Summary numSequencePoints="3" visitedSequencePoints="3" numBranchPoints="3" visitedBranchPoints="3" sequenceCoverage="100" branchCoverage="100" maxCyclomaticComplexity="4" minCyclomaticComplexity="4" visitedClasses="0" numClasses="0" visitedMethods="1" numMethods="1" />
              <MetadataToken>100663305</MetadataToken>
              <Name>System.Boolean EmailValidation.EmailValidator::IsDomain(System.Char,System.Boolean)</Name>
              <FileRef uid="12" />
              <SequencePoints>
                <SequencePoint vc="2100" uspid="174" ordinal="0" offset="0" sl="51" sc="3" el="51" ec="4" bec="0" bev="0" fileid="12" />
                <SequencePoint vc="2100" uspid="175" ordinal="1" offset="1" sl="52" sc="4" el="52" ec="74" bec="2" bev="2" fileid="12" />
                <SequencePoint vc="2100" uspid="176" ordinal="2" offset="31" sl="53" sc="3" el="53" ec="4" bec="0" bev="0" fileid="12" />
              </SequencePoints>
              <BranchPoints>
                <BranchPoint vc="66" uspid="177" ordinal="0" offset="7" sl="52" path="0" offsetend="9" fileid="12" />
                <BranchPoint vc="2034" uspid="178" ordinal="1" offset="7" sl="52" path="1" offsetend="12" fileid="12" />
              </BranchPoints>
              <MethodPoint xsi:type="SequencePoint" vc="2100" uspid="174" ordinal="0" offset="0" sl="51" sc="3" el="51" ec="4" bec="0" bev="0" fileid="12" />
            </Method>
            <Method visited="true" cyclomaticComplexity="3" nPathComplexity="2" sequenceCoverage="100" branchCoverage="100" isConstructor="false" isStatic="true" isGetter="false" isSetter="false">
              <Summary numSequencePoints="6" visitedSequencePoints="6" numBranchPoints="3" visitedBranchPoints="3" sequenceCoverage="100" branchCoverage="100" maxCyclomaticComplexity="3" minCyclomaticComplexity="3" visitedClasses="0" numClasses="0" visitedMethods="1" numMethods="1" />
              <MetadataToken>100663306</MetadataToken>
              <Name>System.Boolean EmailValidation.EmailValidator::SkipAtom(System.String,System.Int32&amp;,System.Boolean)</Name>
              <FileRef uid="12" />
              <SequencePoints>
                <SequencePoint vc="218" uspid="181" ordinal="0" offset="0" sl="56" sc="3" el="56" ec="4" bec="0" bev="0" fileid="12" />
                <SequencePoint vc="218" uspid="182" ordinal="1" offset="1" sl="57" sc="4" el="57" ec="27" bec="0" bev="0" fileid="12" />
                <SequencePoint vc="1923" uspid="183" ordinal="2" offset="6" sl="60" sc="5" el="60" ec="13" bec="0" bev="0" fileid="12" />
                <SequencePoint vc="2141" uspid="184" ordinal="3" offset="12" sl="59" sc="4" el="59" ec="75" bec="2" bev="2" fileid="12" />
                <SequencePoint vc="218" uspid="185" ordinal="4" offset="43" sl="62" sc="4" el="62" ec="30" bec="0" bev="0" fileid="12" />
                <SequencePoint vc="218" uspid="186" ordinal="5" offset="51" sl="63" sc="3" el="63" ec="4" bec="0" bev="0" fileid="12" />
              </SequencePoints>
              <BranchPoints>
                <BranchPoint vc="218" uspid="189" ordinal="2" offset="41" sl="59" path="0" offsetend="43" fileid="12" />
                <BranchPoint vc="1923" uspid="190" ordinal="3" offset="41" sl="59" path="1" offsetend="6" fileid="12" />
              </BranchPoints>
              <MethodPoint xsi:type="SequencePoint" vc="218" uspid="181" ordinal="0" offset="0" sl="56" sc="3" el="56" ec="4" bec="0" bev="0" fileid="12" />
            </Method>
            <Method visited="true" cyclomaticComplexity="6" nPathComplexity="4" sequenceCoverage="100" branchCoverage="100" isConstructor="false" isStatic="true" isGetter="false" isSetter="false">
              <Summary numSequencePoints="9" visitedSequencePoints="9" numBranchPoints="5" visitedBranchPoints="5" sequenceCoverage="100" branchCoverage="100" maxCyclomaticComplexity="6" minCyclomaticComplexity="6" visitedClasses="0" numClasses="0" visitedMethods="1" numMethods="1" />
              <MetadataToken>100663307</MetadataToken>
              <Name>System.Boolean EmailValidation.EmailValidator::SkipSubDomain(System.String,System.Int32&amp;,System.Boolean)</Name>
              <FileRef uid="12" />
              <SequencePoints>
                <SequencePoint vc="251" uspid="191" ordinal="0" offset="0" sl="66" sc="3" el="66" ec="4" bec="0" bev="0" fileid="12" />
                <SequencePoint vc="251" uspid="192" ordinal="1" offset="1" sl="67" sc="4" el="67" ec="27" bec="0" bev="0" fileid="12" />
                <SequencePoint vc="251" uspid="193" ordinal="2" offset="4" sl="69" sc="4" el="69" ec="74" bec="2" bev="2" fileid="12" />
                <SequencePoint vc="6" uspid="194" ordinal="3" offset="39" sl="70" sc="5" el="70" ec="18" bec="0" bev="0" fileid="12" />
                <SequencePoint vc="245" uspid="195" ordinal="4" offset="43" sl="72" sc="4" el="72" ec="12" bec="0" bev="0" fileid="12" />
                <SequencePoint vc="1706" uspid="196" ordinal="5" offset="51" sl="75" sc="5" el="75" ec="13" bec="0" bev="0" fileid="12" />
                <SequencePoint vc="1951" uspid="197" ordinal="6" offset="57" sl="74" sc="4" el="74" ec="77" bec="2" bev="2" fileid="12" />
                <SequencePoint vc="245" uspid="198" ordinal="7" offset="88" sl="77" sc="4" el="77" ec="63" bec="0" bev="0" fileid="12" />
                <SequencePoint vc="251" uspid="199" ordinal="8" offset="119" sl="78" sc="3" el="78" ec="4" bec="0" bev="0" fileid="12" />
              </SequencePoints>
              <BranchPoints>
                <BranchPoint vc="6" uspid="202" ordinal="2" offset="37" sl="69" path="0" offsetend="39" fileid="12" />
                <BranchPoint vc="245" uspid="203" ordinal="3" offset="37" sl="69" path="1" offsetend="43" fileid="12" />
                <BranchPoint vc="245" uspid="206" ordinal="6" offset="86" sl="74" path="0" offsetend="88" fileid="12" />
                <BranchPoint vc="1706" uspid="207" ordinal="7" offset="86" sl="74" path="1" offsetend="51" fileid="12" />
              </BranchPoints>
              <MethodPoint xsi:type="SequencePoint" vc="251" uspid="191" ordinal="0" offset="0" sl="66" sc="3" el="66" ec="4" bec="0" bev="0" fileid="12" />
            </Method>
            <Method visited="true" cyclomaticComplexity="9" nPathComplexity="64" sequenceCoverage="100" branchCoverage="100" isConstructor="false" isStatic="true" isGetter="false" isSetter="false">
              <Summary numSequencePoints="19" visitedSequencePoints="19" numBranchPoints="13" visitedBranchPoints="13" sequenceCoverage="100" branchCoverage="100" maxCyclomaticComplexity="9" minCyclomaticComplexity="9" visitedClasses="0" numClasses="0" visitedMethods="1" numMethods="1" />
              <MetadataToken>100663308</MetadataToken>
              <Name>System.Boolean EmailValidation.EmailValidator::SkipDomain(System.String,System.Int32&amp;,System.Boolean,System.Boolean)</Name>
              <FileRef uid="12" />
              <SequencePoints>
                <SequencePoint vc="118" uspid="210" ordinal="0" offset="0" sl="81" sc="3" el="81" ec="4" bec="0" bev="0" fileid="12" />
                <SequencePoint vc="118" uspid="211" ordinal="1" offset="1" sl="82" sc="4" el="82" ec="61" bec="2" bev="2" fileid="12" />
                <SequencePoint vc="8" uspid="212" ordinal="2" offset="16" sl="83" sc="5" el="83" ec="18" bec="0" bev="0" fileid="12" />
                <SequencePoint vc="110" uspid="213" ordinal="3" offset="23" sl="85" sc="4" el="85" ec="50" bec="2" bev="2" fileid="12" />
                <SequencePoint vc="103" uspid="214" ordinal="4" offset="52" sl="85" sc="51" el="85" ec="52" bec="0" bev="0" fileid="12" />
                <SequencePoint vc="135" uspid="215" ordinal="5" offset="53" sl="86" sc="8" el="86" ec="9" bec="0" bev="0" fileid="12" />
                <SequencePoint vc="135" uspid="216" ordinal="6" offset="54" sl="87" sc="6" el="87" ec="14" bec="0" bev="0" fileid="12" />
                <SequencePoint vc="135" uspid="217" ordinal="7" offset="60" sl="89" sc="6" el="89" ec="31" bec="2" bev="2" fileid="12" />
                <SequencePoint vc="2" uspid="218" ordinal="8" offset="74" sl="90" sc="7" el="90" ec="20" bec="0" bev="0" fileid="12" />
                <SequencePoint vc="133" uspid="219" ordinal="9" offset="78" sl="92" sc="6" el="92" ec="63" bec="2" bev="2" fileid="12" />
                <SequencePoint vc="2" uspid="220" ordinal="10" offset="95" sl="93" sc="7" el="93" ec="20" bec="0" bev="0" fileid="12" />
                <SequencePoint vc="131" uspid="221" ordinal="11" offset="99" sl="94" sc="5" el="94" ec="6" bec="0" bev="0" fileid="12" />
                <SequencePoint vc="131" uspid="222" ordinal="12" offset="100" sl="94" sc="7" el="94" ec="57" bec="2" bev="2" fileid="12" />
                <SequencePoint vc="99" uspid="223" ordinal="13" offset="131" sl="95" sc="4" el="95" ec="5" bec="0" bev="0" fileid="12" />
                <SequencePoint vc="7" uspid="224" ordinal="14" offset="134" sl="95" sc="11" el="95" ec="37" bec="2" bev="2" fileid="12" />
                <SequencePoint vc="1" uspid="225" ordinal="15" offset="144" sl="95" sc="38" el="95" ec="39" bec="0" bev="0" fileid="12" />
                <SequencePoint vc="1" uspid="226" ordinal="16" offset="145" sl="96" sc="5" el="96" ec="18" bec="0" bev="0" fileid="12" />
                <SequencePoint vc="105" uspid="227" ordinal="17" offset="149" sl="99" sc="4" el="99" ec="16" bec="0" bev="0" fileid="12" />
                <SequencePoint vc="118" uspid="228" ordinal="18" offset="153" sl="100" sc="3" el="100" ec="4" bec="0" bev="0" fileid="12" />
              </SequencePoints>
              <BranchPoints>
                <BranchPoint vc="8" uspid="229" ordinal="0" offset="14" sl="82" path="0" offsetend="16" fileid="12" />
                <BranchPoint vc="110" uspid="230" ordinal="1" offset="14" sl="82" path="1" offsetend="23" fileid="12" />
                <BranchPoint vc="103" uspid="233" ordinal="4" offset="50" sl="85" path="0" offsetend="52" fileid="12" />
                <BranchPoint vc="7" uspid="234" ordinal="5" offset="50" sl="85" path="1" offsetend="134" fileid="12" />
                <BranchPoint vc="2" uspid="235" ordinal="6" offset="72" sl="89" path="0" offsetend="74" fileid="12" />
                <BranchPoint vc="133" uspid="236" ordinal="7" offset="72" sl="89" path="1" offsetend="78" fileid="12" />
                <BranchPoint vc="2" uspid="237" ordinal="8" offset="93" sl="92" path="0" offsetend="95" fileid="12" />
                <BranchPoint vc="131" uspid="238" ordinal="9" offset="93" sl="92" path="1" offsetend="99" fileid="12" />
                <BranchPoint vc="99" uspid="241" ordinal="12" offset="129" sl="94" path="0" offsetend="131" fileid="12" />
                <BranchPoint vc="32" uspid="242" ordinal="13" offset="129" sl="94" path="1" offsetend="53" fileid="12" />
                <BranchPoint vc="1" uspid="243" ordinal="14" offset="142" sl="95" path="0" offsetend="144" fileid="12" />
                <BranchPoint vc="6" uspid="244" ordinal="15" offset="142" sl="95" path="1" offsetend="149" fileid="12" />
              </BranchPoints>
              <MethodPoint xsi:type="SequencePoint" vc="118" uspid="210" ordinal="0" offset="0" sl="81" sc="3" el="81" ec="4" bec="0" bev="0" fileid="12" />
            </Method>
            <Method visited="true" cyclomaticComplexity="9" nPathComplexity="64" sequenceCoverage="92.31" branchCoverage="76.92" isConstructor="false" isStatic="true" isGetter="false" isSetter="false">
              <Summary numSequencePoints="26" visitedSequencePoints="24" numBranchPoints="13" visitedBranchPoints="10" sequenceCoverage="92.31" branchCoverage="76.92" maxCyclomaticComplexity="9" minCyclomaticComplexity="9" visitedClasses="0" numClasses="0" visitedMethods="1" numMethods="1" />
              <MetadataToken>100663309</MetadataToken>
              <Name>System.Boolean EmailValidation.EmailValidator::SkipQuoted(System.String,System.Int32&amp;,System.Boolean)</Name>
              <FileRef uid="12" />
              <SequencePoints>
                <SequencePoint vc="28" uspid="245" ordinal="0" offset="0" sl="103" sc="3" el="103" ec="4" bec="0" bev="0" fileid="12" />
                <SequencePoint vc="28" uspid="246" ordinal="1" offset="1" sl="104" sc="4" el="104" ec="25" bec="0" bev="0" fileid="12" />
                <SequencePoint vc="28" uspid="247" ordinal="2" offset="3" sl="107" sc="4" el="107" ec="12" bec="0" bev="0" fileid="12" />
                <SequencePoint vc="486" uspid="248" ordinal="3" offset="11" sl="109" sc="32" el="109" ec="33" bec="0" bev="0" fileid="12" />
                <SequencePoint vc="486" uspid="249" ordinal="4" offset="12" sl="110" sc="5" el="110" ec="51" bec="2" bev="1" fileid="12" />
                <SequencePoint vc="0" uspid="250" ordinal="5" offset="38" sl="111" sc="6" el="111" ec="19" bec="0" bev="0" fileid="12" />
                <SequencePoint vc="486" uspid="251" ordinal="6" offset="45" sl="113" sc="5" el="113" ec="29" bec="2" bev="2" fileid="12" />
                <SequencePoint vc="42" uspid="252" ordinal="7" offset="61" sl="113" sc="30" el="113" ec="31" bec="0" bev="0" fileid="12" />
                <SequencePoint vc="42" uspid="253" ordinal="8" offset="62" sl="114" sc="6" el="114" ec="25" bec="0" bev="0" fileid="12" />
                <SequencePoint vc="42" uspid="254" ordinal="9" offset="67" sl="115" sc="5" el="115" ec="6" bec="0" bev="0" fileid="12" />
                <SequencePoint vc="444" uspid="255" ordinal="10" offset="70" sl="115" sc="12" el="115" ec="25" bec="2" bev="2" fileid="12" />
                <SequencePoint vc="414" uspid="256" ordinal="11" offset="80" sl="115" sc="26" el="115" ec="27" bec="0" bev="0" fileid="12" />
                <SequencePoint vc="414" uspid="257" ordinal="12" offset="81" sl="116" sc="6" el="116" ec="29" bec="2" bev="2" fileid="12" />
                <SequencePoint vc="28" uspid="258" ordinal="13" offset="99" sl="117" sc="7" el="117" ec="13" bec="0" bev="0" fileid="12" />
                <SequencePoint vc="386" uspid="259" ordinal="14" offset="101" sl="118" sc="5" el="118" ec="6" bec="0" bev="0" fileid="12" />
                <SequencePoint vc="30" uspid="260" ordinal="15" offset="104" sl="118" sc="12" el="118" ec="13" bec="0" bev="0" fileid="12" />
                <SequencePoint vc="30" uspid="261" ordinal="16" offset="105" sl="119" sc="6" el="119" ec="22" bec="0" bev="0" fileid="12" />
                <SequencePoint vc="30" uspid="262" ordinal="17" offset="107" sl="120" sc="5" el="120" ec="6" bec="0" bev="0" fileid="12" />
                <SequencePoint vc="458" uspid="263" ordinal="18" offset="108" sl="122" sc="5" el="122" ec="13" bec="0" bev="0" fileid="12" />
                <SequencePoint vc="458" uspid="264" ordinal="19" offset="114" sl="123" sc="4" el="123" ec="5" bec="0" bev="0" fileid="12" />
                <SequencePoint vc="486" uspid="265" ordinal="20" offset="115" sl="109" sc="4" el="109" ec="31" bec="2" bev="1" fileid="12" />
                <SequencePoint vc="28" uspid="266" ordinal="21" offset="131" sl="125" sc="4" el="125" ec="51" bec="2" bev="1" fileid="12" />
                <SequencePoint vc="0" uspid="267" ordinal="22" offset="165" sl="126" sc="5" el="126" ec="18" bec="0" bev="0" fileid="12" />
                <SequencePoint vc="28" uspid="268" ordinal="23" offset="169" sl="128" sc="4" el="128" ec="12" bec="0" bev="0" fileid="12" />
                <SequencePoint vc="28" uspid="269" ordinal="24" offset="175" sl="130" sc="4" el="130" ec="16" bec="0" bev="0" fileid="12" />
                <SequencePoint vc="28" uspid="270" ordinal="25" offset="179" sl="131" sc="3" el="131" ec="4" bec="0" bev="0" fileid="12" />
              </SequencePoints>
              <BranchPoints>
                <BranchPoint vc="0" uspid="273" ordinal="2" offset="36" sl="110" path="0" offsetend="38" fileid="12" />
                <BranchPoint vc="486" uspid="274" ordinal="3" offset="36" sl="110" path="1" offsetend="45" fileid="12" />
                <BranchPoint vc="42" uspid="275" ordinal="4" offset="59" sl="113" path="0" offsetend="61" fileid="12" />
                <BranchPoint vc="444" uspid="276" ordinal="5" offset="59" sl="113" path="1" offsetend="70" fileid="12" />
                <BranchPoint vc="414" uspid="277" ordinal="6" offset="78" sl="115" path="0" offsetend="80" fileid="12" />
                <BranchPoint vc="30" uspid="278" ordinal="7" offset="78" sl="115" path="1" offsetend="104" fileid="12" />
                <BranchPoint vc="28" uspid="279" ordinal="8" offset="97" sl="116" path="0" offsetchain="99" offsetend="131" fileid="12" />
                <BranchPoint vc="386" uspid="280" ordinal="9" offset="97" sl="116" path="1" offsetend="101" fileid="12" />
                <BranchPoint vc="0" uspid="281" ordinal="10" offset="129" sl="109" path="0" offsetend="131" fileid="12" />
                <BranchPoint vc="486" uspid="282" ordinal="11" offset="129" sl="109" path="1" offsetend="11" fileid="12" />
                <BranchPoint vc="0" uspid="285" ordinal="14" offset="163" sl="125" path="0" offsetend="165" fileid="12" />
                <BranchPoint vc="28" uspid="286" ordinal="15" offset="163" sl="125" path="1" offsetend="169" fileid="12" />
              </BranchPoints>
              <MethodPoint xsi:type="SequencePoint" vc="28" uspid="245" ordinal="0" offset="0" sl="103" sc="3" el="103" ec="4" bec="0" bev="0" fileid="12" />
            </Method>
            <Method visited="true" cyclomaticComplexity="2" nPathComplexity="2" sequenceCoverage="100" branchCoverage="100" isConstructor="false" isStatic="true" isGetter="false" isSetter="false">
              <Summary numSequencePoints="5" visitedSequencePoints="5" numBranchPoints="3" visitedBranchPoints="3" sequenceCoverage="100" branchCoverage="100" maxCyclomaticComplexity="2" minCyclomaticComplexity="2" visitedClasses="0" numClasses="0" visitedMethods="1" numMethods="1" />
              <MetadataToken>100663310</MetadataToken>
              <Name>System.Boolean EmailValidation.EmailValidator::SkipWord(System.String,System.Int32&amp;,System.Boolean)</Name>
              <FileRef uid="12" />
              <SequencePoints>
                <SequencePoint vc="246" uspid="287" ordinal="0" offset="0" sl="134" sc="3" el="134" ec="4" bec="0" bev="0" fileid="12" />
                <SequencePoint vc="246" uspid="288" ordinal="1" offset="1" sl="135" sc="4" el="135" ec="27" bec="2" bev="2" fileid="12" />
                <SequencePoint vc="28" uspid="289" ordinal="2" offset="17" sl="136" sc="5" el="136" ec="61" bec="0" bev="0" fileid="12" />
                <SequencePoint vc="218" uspid="290" ordinal="3" offset="28" sl="138" sc="4" el="138" ec="58" bec="0" bev="0" fileid="12" />
                <SequencePoint vc="246" uspid="291" ordinal="4" offset="39" sl="139" sc="3" el="139" ec="4" bec="0" bev="0" fileid="12" />
              </SequencePoints>
              <BranchPoints>
                <BranchPoint vc="28" uspid="292" ordinal="0" offset="15" sl="135" path="0" offsetend="17" fileid="12" />
                <BranchPoint vc="218" uspid="293" ordinal="1" offset="15" sl="135" path="1" offsetend="28" fileid="12" />
              </BranchPoints>
              <MethodPoint xsi:type="SequencePoint" vc="246" uspid="287" ordinal="0" offset="0" sl="134" sc="3" el="134" ec="4" bec="0" bev="0" fileid="12" />
            </Method>
            <Method visited="true" cyclomaticComplexity="12" nPathComplexity="16" sequenceCoverage="100" branchCoverage="100" isConstructor="false" isStatic="true" isGetter="false" isSetter="false">
              <Summary numSequencePoints="19" visitedSequencePoints="19" numBranchPoints="9" visitedBranchPoints="9" sequenceCoverage="100" branchCoverage="100" maxCyclomaticComplexity="12" minCyclomaticComplexity="12" visitedClasses="0" numClasses="0" visitedMethods="1" numMethods="1" />
              <MetadataToken>100663311</MetadataToken>
              <Name>System.Boolean EmailValidation.EmailValidator::SkipIPv4Literal(System.String,System.Int32&amp;)</Name>
              <FileRef uid="12" />
              <SequencePoints>
                <SequencePoint vc="14" uspid="294" ordinal="0" offset="0" sl="142" sc="3" el="142" ec="4" bec="0" bev="0" fileid="12" />
                <SequencePoint vc="14" uspid="295" ordinal="1" offset="1" sl="143" sc="4" el="143" ec="19" bec="0" bev="0" fileid="12" />
                <SequencePoint vc="50" uspid="296" ordinal="2" offset="8" sl="145" sc="46" el="145" ec="47" bec="0" bev="0" fileid="12" />
                <SequencePoint vc="50" uspid="297" ordinal="3" offset="9" sl="146" sc="5" el="146" ec="28" bec="0" bev="0" fileid="12" />
                <SequencePoint vc="50" uspid="298" ordinal="4" offset="12" sl="147" sc="5" el="147" ec="19" bec="0" bev="0" fileid="12" />
                <SequencePoint vc="82" uspid="299" ordinal="5" offset="16" sl="149" sc="77" el="149" ec="78" bec="0" bev="0" fileid="12" />
                <SequencePoint vc="82" uspid="300" ordinal="6" offset="17" sl="150" sc="6" el="150" ec="49" bec="0" bev="0" fileid="12" />
                <SequencePoint vc="82" uspid="301" ordinal="7" offset="34" sl="151" sc="6" el="151" ec="14" bec="0" bev="0" fileid="12" />
                <SequencePoint vc="82" uspid="302" ordinal="8" offset="40" sl="152" sc="5" el="152" ec="6" bec="0" bev="0" fileid="12" />
                <SequencePoint vc="132" uspid="303" ordinal="9" offset="41" sl="149" sc="5" el="149" ec="76" bec="2" bev="2" fileid="12" />
                <SequencePoint vc="50" uspid="304" ordinal="10" offset="85" sl="154" sc="5" el="154" ec="70" bec="2" bev="2" fileid="12" />
                <SequencePoint vc="2" uspid="305" ordinal="11" offset="114" sl="155" sc="6" el="155" ec="19" bec="0" bev="0" fileid="12" />
                <SequencePoint vc="48" uspid="306" ordinal="12" offset="119" sl="157" sc="5" el="157" ec="14" bec="0" bev="0" fileid="12" />
                <SequencePoint vc="48" uspid="307" ordinal="13" offset="123" sl="159" sc="5" el="159" ec="65" bec="2" bev="2" fileid="12" />
                <SequencePoint vc="36" uspid="308" ordinal="14" offset="158" sl="160" sc="6" el="160" ec="14" bec="0" bev="0" fileid="12" />
                <SequencePoint vc="48" uspid="309" ordinal="15" offset="164" sl="161" sc="4" el="161" ec="5" bec="0" bev="0" fileid="12" />
                <SequencePoint vc="62" uspid="310" ordinal="16" offset="165" sl="145" sc="4" el="145" ec="45" bec="2" bev="2" fileid="12" />
                <SequencePoint vc="12" uspid="311" ordinal="17" offset="191" sl="163" sc="4" el="163" ec="23" bec="0" bev="0" fileid="12" />
                <SequencePoint vc="14" uspid="312" ordinal="18" offset="199" sl="164" sc="3" el="164" ec="4" bec="0" bev="0" fileid="12" />
              </SequencePoints>
              <BranchPoints>
                <BranchPoint vc="50" uspid="317" ordinal="4" offset="83" sl="149" path="0" offsetend="85" fileid="12" />
                <BranchPoint vc="82" uspid="318" ordinal="5" offset="83" sl="149" path="1" offsetend="16" fileid="12" />
                <BranchPoint vc="2" uspid="323" ordinal="10" offset="112" sl="154" path="0" offsetend="114" fileid="12" />
                <BranchPoint vc="48" uspid="324" ordinal="11" offset="112" sl="154" path="1" offsetend="119" fileid="12" />
                <BranchPoint vc="36" uspid="329" ordinal="16" offset="156" sl="159" path="0" offsetend="158" fileid="12" />
                <BranchPoint vc="12" uspid="330" ordinal="17" offset="156" sl="159" path="1" offsetend="164" fileid="12" />
                <BranchPoint vc="12" uspid="333" ordinal="20" offset="186" sl="145" path="0" offsetend="191" fileid="12" />
                <BranchPoint vc="50" uspid="334" ordinal="21" offset="186" sl="145" path="1" offsetend="8" fileid="12" />
              </BranchPoints>
              <MethodPoint xsi:type="SequencePoint" vc="14" uspid="294" ordinal="0" offset="0" sl="142" sc="3" el="142" ec="4" bec="0" bev="0" fileid="12" />
            </Method>
            <Method visited="true" cyclomaticComplexity="7" nPathComplexity="4" sequenceCoverage="100" branchCoverage="100" isConstructor="false" isStatic="true" isGetter="false" isSetter="false">
              <Summary numSequencePoints="3" visitedSequencePoints="3" numBranchPoints="5" visitedBranchPoints="5" sequenceCoverage="100" branchCoverage="100" maxCyclomaticComplexity="7" minCyclomaticComplexity="7" visitedClasses="0" numClasses="0" visitedMethods="1" numMethods="1" />
              <MetadataToken>100663312</MetadataToken>
              <Name>System.Boolean EmailValidation.EmailValidator::IsHexDigit(System.Char)</Name>
              <FileRef uid="12" />
              <SequencePoints>
                <SequencePoint vc="302" uspid="335" ordinal="0" offset="0" sl="167" sc="3" el="167" ec="4" bec="0" bev="0" fileid="12" />
                <SequencePoint vc="302" uspid="336" ordinal="1" offset="1" sl="168" sc="4" el="168" ec="86" bec="4" bev="4" fileid="12" />
                <SequencePoint vc="302" uspid="337" ordinal="2" offset="43" sl="169" sc="3" el="169" ec="4" bec="0" bev="0" fileid="12" />
              </SequencePoints>
              <BranchPoints>
                <BranchPoint vc="114" uspid="338" ordinal="0" offset="4" sl="168" path="0" offsetend="6" fileid="12" />
                <BranchPoint vc="188" uspid="339" ordinal="1" offset="4" sl="168" path="1" offsetend="11" fileid="12" />
                <BranchPoint vc="102" uspid="342" ordinal="4" offset="14" sl="168" path="0" offsetend="16" fileid="12" />
                <BranchPoint vc="200" uspid="343" ordinal="5" offset="14" sl="168" path="1" offsetend="21" fileid="12" />
              </BranchPoints>
              <MethodPoint xsi:type="SequencePoint" vc="302" uspid="335" ordinal="0" offset="0" sl="167" sc="3" el="167" ec="4" bec="0" bev="0" fileid="12" />
            </Method>
            <Method visited="true" cyclomaticComplexity="19" nPathComplexity="4096" sequenceCoverage="88.10" branchCoverage="76" isConstructor="false" isStatic="true" isGetter="false" isSetter="false">
              <Summary numSequencePoints="42" visitedSequencePoints="37" numBranchPoints="25" visitedBranchPoints="19" sequenceCoverage="88.10" branchCoverage="76" maxCyclomaticComplexity="19" minCyclomaticComplexity="19" visitedClasses="0" numClasses="0" visitedMethods="1" numMethods="1" />
              <MetadataToken>100663313</MetadataToken>
              <Name>System.Boolean EmailValidation.EmailValidator::SkipIPv6Literal(System.String,System.Int32&amp;)</Name>
              <FileRef uid="12" />
              <SequencePoints>
                <SequencePoint vc="14" uspid="348" ordinal="0" offset="0" sl="187" sc="3" el="187" ec="4" bec="0" bev="0" fileid="12" />
                <SequencePoint vc="14" uspid="349" ordinal="1" offset="1" sl="188" sc="4" el="188" ec="25" bec="0" bev="0" fileid="12" />
                <SequencePoint vc="14" uspid="350" ordinal="2" offset="3" sl="189" sc="4" el="189" ec="19" bec="0" bev="0" fileid="12" />
                <SequencePoint vc="66" uspid="351" ordinal="3" offset="10" sl="191" sc="32" el="191" ec="33" bec="0" bev="0" fileid="12" />
                <SequencePoint vc="66" uspid="352" ordinal="4" offset="11" sl="192" sc="5" el="192" ec="28" bec="0" bev="0" fileid="12" />
                <SequencePoint vc="236" uspid="353" ordinal="5" offset="16" sl="195" sc="6" el="195" ec="14" bec="0" bev="0" fileid="12" />
                <SequencePoint vc="302" uspid="354" ordinal="6" offset="22" sl="194" sc="5" el="194" ec="60" bec="2" bev="2" fileid="12" />
                <SequencePoint vc="66" uspid="355" ordinal="7" offset="54" sl="197" sc="5" el="197" ec="30" bec="2" bev="1" fileid="12" />
                <SequencePoint vc="0" uspid="356" ordinal="8" offset="73" sl="198" sc="6" el="198" ec="12" bec="0" bev="0" fileid="12" />
                <SequencePoint vc="66" uspid="357" ordinal="9" offset="78" sl="200" sc="5" el="200" ec="64" bec="2" bev="2" fileid="12" />
                <SequencePoint vc="2" uspid="358" ordinal="10" offset="108" sl="200" sc="65" el="200" ec="66" bec="0" bev="0" fileid="12" />
                <SequencePoint vc="2" uspid="359" ordinal="11" offset="109" sl="202" sc="6" el="202" ec="25" bec="0" bev="0" fileid="12" />
                <SequencePoint vc="2" uspid="360" ordinal="12" offset="112" sl="204" sc="6" el="204" ec="45" bec="2" bev="1" fileid="12" />
                <SequencePoint vc="0" uspid="361" ordinal="13" offset="128" sl="205" sc="7" el="205" ec="20" bec="0" bev="0" fileid="12" />
                <SequencePoint vc="2" uspid="362" ordinal="14" offset="136" sl="207" sc="6" el="207" ec="48" bec="0" bev="0" fileid="12" />
                <SequencePoint vc="64" uspid="363" ordinal="15" offset="156" sl="210" sc="5" el="210" ec="36" bec="0" bev="0" fileid="12" />
                <SequencePoint vc="64" uspid="364" ordinal="16" offset="161" sl="211" sc="5" el="211" ec="19" bec="2" bev="2" fileid="12" />
                <SequencePoint vc="2" uspid="365" ordinal="17" offset="171" sl="212" sc="6" el="212" ec="19" bec="0" bev="0" fileid="12" />
                <SequencePoint vc="62" uspid="366" ordinal="18" offset="179" sl="214" sc="5" el="214" ec="28" bec="2" bev="2" fileid="12" />
                <SequencePoint vc="10" uspid="367" ordinal="19" offset="200" sl="215" sc="6" el="215" ec="12" bec="0" bev="0" fileid="12" />
                <SequencePoint vc="52" uspid="368" ordinal="20" offset="202" sl="217" sc="5" el="217" ec="24" bec="0" bev="0" fileid="12" />
                <SequencePoint vc="60" uspid="369" ordinal="21" offset="207" sl="219" sc="6" el="219" ec="14" bec="0" bev="0" fileid="12" />
                <SequencePoint vc="112" uspid="370" ordinal="22" offset="213" sl="218" sc="5" el="218" ec="54" bec="2" bev="2" fileid="12" />
                <SequencePoint vc="52" uspid="371" ordinal="23" offset="244" sl="221" sc="5" el="221" ec="32" bec="0" bev="0" fileid="12" />
                <SequencePoint vc="52" uspid="372" ordinal="24" offset="249" sl="222" sc="5" el="222" ec="19" bec="2" bev="1" fileid="12" />
                <SequencePoint vc="0" uspid="373" ordinal="25" offset="259" sl="223" sc="6" el="223" ec="19" bec="0" bev="0" fileid="12" />
                <SequencePoint vc="52" uspid="374" ordinal="26" offset="264" sl="225" sc="5" el="225" ec="20" bec="2" bev="2" fileid="12" />
                <SequencePoint vc="8" uspid="375" ordinal="27" offset="274" sl="225" sc="21" el="225" ec="22" bec="0" bev="0" fileid="12" />
                <SequencePoint vc="8" uspid="376" ordinal="28" offset="275" sl="226" sc="6" el="226" ec="18" bec="2" bev="1" fileid="12" />
                <SequencePoint vc="0" uspid="377" ordinal="29" offset="282" sl="227" sc="7" el="227" ec="20" bec="0" bev="0" fileid="12" />
                <SequencePoint vc="8" uspid="378" ordinal="30" offset="287" sl="229" sc="6" el="229" ec="21" bec="0" bev="0" fileid="12" />
                <SequencePoint vc="8" uspid="379" ordinal="31" offset="289" sl="230" sc="6" el="230" ec="18" bec="0" bev="0" fileid="12" />
                <SequencePoint vc="8" uspid="380" ordinal="32" offset="293" sl="231" sc="5" el="231" ec="6" bec="0" bev="0" fileid="12" />
                <SequencePoint vc="44" uspid="381" ordinal="33" offset="296" sl="231" sc="12" el="231" ec="13" bec="0" bev="0" fileid="12" />
                <SequencePoint vc="44" uspid="382" ordinal="34" offset="297" sl="232" sc="6" el="232" ec="15" bec="0" bev="0" fileid="12" />
                <SequencePoint vc="44" uspid="383" ordinal="35" offset="301" sl="233" sc="5" el="233" ec="6" bec="0" bev="0" fileid="12" />
                <SequencePoint vc="52" uspid="384" ordinal="36" offset="302" sl="234" sc="4" el="234" ec="5" bec="0" bev="0" fileid="12" />
                <SequencePoint vc="66" uspid="385" ordinal="37" offset="303" sl="191" sc="4" el="191" ec="31" bec="2" bev="1" fileid="12" />
                <SequencePoint vc="10" uspid="386" ordinal="38" offset="322" sl="236" sc="4" el="236" ec="19" bec="2" bev="1" fileid="12" />
                <SequencePoint vc="0" uspid="387" ordinal="39" offset="332" sl="237" sc="5" el="237" ec="18" bec="0" bev="0" fileid="12" />
                <SequencePoint vc="10" uspid="388" ordinal="40" offset="337" sl="239" sc="4" el="239" ec="46" bec="0" bev="0" fileid="12" />
                <SequencePoint vc="14" uspid="389" ordinal="41" offset="354" sl="240" sc="3" el="240" ec="4" bec="0" bev="0" fileid="12" />
              </SequencePoints>
              <BranchPoints>
                <BranchPoint vc="66" uspid="392" ordinal="2" offset="52" sl="194" path="0" offsetend="54" fileid="12" />
                <BranchPoint vc="236" uspid="393" ordinal="3" offset="52" sl="194" path="1" offsetend="16" fileid="12" />
                <BranchPoint vc="0" uspid="394" ordinal="4" offset="71" sl="197" path="0" offsetchain="73" offsetend="322" fileid="12" />
                <BranchPoint vc="66" uspid="395" ordinal="5" offset="71" sl="197" path="1" offsetend="78" fileid="12" />
                <BranchPoint vc="2" uspid="400" ordinal="10" offset="106" sl="200" path="0" offsetend="108" fileid="12" />
                <BranchPoint vc="64" uspid="401" ordinal="11" offset="106" sl="200" path="1" offsetend="156" fileid="12" />
                <BranchPoint vc="0" uspid="402" ordinal="12" offset="126" sl="204" path="0" offsetend="128" fileid="12" />
                <BranchPoint vc="2" uspid="403" ordinal="13" offset="126" sl="204" path="1" offsetend="136" fileid="12" />
                <BranchPoint vc="2" uspid="406" ordinal="16" offset="169" sl="211" path="0" offsetend="171" fileid="12" />
                <BranchPoint vc="62" uspid="407" ordinal="17" offset="169" sl="211" path="1" offsetend="179" fileid="12" />
                <BranchPoint vc="10" uspid="408" ordinal="18" offset="198" sl="214" path="0" offsetchain="200" offsetend="322" fileid="12" />
                <BranchPoint vc="52" uspid="409" ordinal="19" offset="198" sl="214" path="1" offsetend="202" fileid="12" />
                <BranchPoint vc="52" uspid="412" ordinal="22" offset="242" sl="218" path="0" offsetend="244" fileid="12" />
                <BranchPoint vc="60" uspid="413" ordinal="23" offset="242" sl="218" path="1" offsetend="207" fileid="12" />
                <BranchPoint vc="0" uspid="414" ordinal="24" offset="257" sl="222" path="0" offsetend="259" fileid="12" />
                <BranchPoint vc="52" uspid="415" ordinal="25" offset="257" sl="222" path="1" offsetend="264" fileid="12" />
                <BranchPoint vc="8" uspid="416" ordinal="26" offset="272" sl="225" path="0" offsetend="274" fileid="12" />
                <BranchPoint vc="44" uspid="417" ordinal="27" offset="272" sl="225" path="1" offsetend="296" fileid="12" />
                <BranchPoint vc="0" uspid="418" ordinal="28" offset="280" sl="226" path="0" offsetend="282" fileid="12" />
                <BranchPoint vc="8" uspid="419" ordinal="29" offset="280" sl="226" path="1" offsetend="287" fileid="12" />
                <BranchPoint vc="0" uspid="420" ordinal="30" offset="317" sl="191" path="0" offsetend="322" fileid="12" />
                <BranchPoint vc="66" uspid="421" ordinal="31" offset="317" sl="191" path="1" offsetend="10" fileid="12" />
                <BranchPoint vc="0" uspid="422" ordinal="32" offset="330" sl="236" path="0" offsetend="332" fileid="12" />
                <BranchPoint vc="10" uspid="423" ordinal="33" offset="330" sl="236" path="1" offsetend="337" fileid="12" />
              </BranchPoints>
              <MethodPoint xsi:type="SequencePoint" vc="14" uspid="348" ordinal="0" offset="0" sl="187" sc="3" el="187" ec="4" bec="0" bev="0" fileid="12" />
            </Method>
            <Method visited="true" cyclomaticComplexity="1" nPathComplexity="0" sequenceCoverage="100" branchCoverage="100" isConstructor="false" isStatic="true" isGetter="false" isSetter="false">
              <Summary numSequencePoints="1" visitedSequencePoints="1" numBranchPoints="1" visitedBranchPoints="1" sequenceCoverage="100" branchCoverage="100" maxCyclomaticComplexity="1" minCyclomaticComplexity="1" visitedClasses="0" numClasses="0" visitedMethods="1" numMethods="1" />
              <MetadataToken>100663314</MetadataToken>
              <Name>System.Boolean EmailValidation.EmailValidator::Validate(System.String)</Name>
              <FileRef uid="12" />
              <SequencePoints>
                <SequencePoint vc="4" uspid="426" ordinal="0" offset="0" sl="242" sc="54" el="242" ec="83" bec="0" bev="0" fileid="12" />
              </SequencePoints>
              <BranchPoints />
              <MethodPoint xsi:type="SequencePoint" vc="4" uspid="426" ordinal="0" offset="0" sl="242" sc="54" el="242" ec="83" bec="0" bev="0" fileid="12" />
            </Method>
            <Method visited="true" cyclomaticComplexity="1" nPathComplexity="0" sequenceCoverage="100" branchCoverage="100" isConstructor="false" isStatic="true" isGetter="false" isSetter="false">
              <Summary numSequencePoints="1" visitedSequencePoints="1" numBranchPoints="1" visitedBranchPoints="1" sequenceCoverage="100" branchCoverage="100" maxCyclomaticComplexity="1" minCyclomaticComplexity="1" visitedClasses="0" numClasses="0" visitedMethods="1" numMethods="1" />
              <MetadataToken>100663315</MetadataToken>
              <Name>System.Boolean EmailValidation.EmailValidator::Validate(System.String,System.Boolean)</Name>
              <FileRef uid="12" />
              <SequencePoints>
                <SequencePoint vc="89" uspid="427" ordinal="0" offset="0" sl="243" sc="81" el="243" ec="125" bec="0" bev="0" fileid="12" />
              </SequencePoints>
              <BranchPoints />
              <MethodPoint xsi:type="SequencePoint" vc="89" uspid="427" ordinal="0" offset="0" sl="243" sc="81" el="243" ec="125" bec="0" bev="0" fileid="12" />
            </Method>
            <Method visited="true" cyclomaticComplexity="21" nPathComplexity="32768" sequenceCoverage="97.67" branchCoverage="96.77" isConstructor="false" isStatic="true" isGetter="false" isSetter="false">
              <Summary numSequencePoints="43" visitedSequencePoints="42" numBranchPoints="31" visitedBranchPoints="30" sequenceCoverage="97.67" branchCoverage="96.77" maxCyclomaticComplexity="21" minCyclomaticComplexity="21" visitedClasses="0" numClasses="0" visitedMethods="1" numMethods="1" />
              <MetadataToken>100663316</MetadataToken>
              <Name>System.Boolean EmailValidation.EmailValidator::Validate(System.String,System.Boolean,System.Boolean)</Name>
              <FileRef uid="12" />
              <SequencePoints>
                <SequencePoint vc="197" uspid="428" ordinal="0" offset="0" sl="263" sc="3" el="263" ec="4" bec="0" bev="0" fileid="12" />
                <SequencePoint vc="197" uspid="429" ordinal="1" offset="1" sl="264" sc="4" el="264" ec="18" bec="0" bev="0" fileid="12" />
                <SequencePoint vc="197" uspid="430" ordinal="2" offset="3" sl="266" sc="4" el="266" ec="22" bec="2" bev="2" fileid="12" />
                <SequencePoint vc="1" uspid="431" ordinal="3" offset="11" sl="267" sc="5" el="267" ec="47" bec="0" bev="0" fileid="12" />
                <SequencePoint vc="196" uspid="432" ordinal="4" offset="22" sl="269" sc="4" el="269" ec="49" bec="2" bev="2" fileid="12" />
                <SequencePoint vc="4" uspid="433" ordinal="5" offset="53" sl="270" sc="5" el="270" ec="18" bec="0" bev="0" fileid="12" />
                <SequencePoint vc="192" uspid="434" ordinal="6" offset="61" sl="272" sc="4" el="272" ec="82" bec="2" bev="2" fileid="12" />
                <SequencePoint vc="18" uspid="435" ordinal="7" offset="93" sl="273" sc="5" el="273" ec="18" bec="0" bev="0" fileid="12" />
                <SequencePoint vc="56" uspid="436" ordinal="8" offset="103" sl="275" sc="32" el="275" ec="33" bec="0" bev="0" fileid="12" />
                <SequencePoint vc="56" uspid="437" ordinal="9" offset="104" sl="276" sc="5" el="276" ec="13" bec="0" bev="0" fileid="12" />
                <SequencePoint vc="56" uspid="438" ordinal="10" offset="108" sl="278" sc="5" el="278" ec="31" bec="2" bev="2" fileid="12" />
                <SequencePoint vc="2" uspid="439" ordinal="11" offset="126" sl="279" sc="6" el="279" ec="19" bec="0" bev="0" fileid="12" />
                <SequencePoint vc="54" uspid="440" ordinal="12" offset="134" sl="281" sc="5" el="281" ec="58" bec="2" bev="2" fileid="12" />
                <SequencePoint vc="4" uspid="441" ordinal="13" offset="152" sl="282" sc="6" el="282" ec="19" bec="0" bev="0" fileid="12" />
                <SequencePoint vc="50" uspid="442" ordinal="14" offset="160" sl="284" sc="5" el="284" ec="31" bec="2" bev="2" fileid="12" />
                <SequencePoint vc="4" uspid="443" ordinal="15" offset="178" sl="285" sc="6" el="285" ec="19" bec="0" bev="0" fileid="12" />
                <SequencePoint vc="46" uspid="444" ordinal="16" offset="186" sl="286" sc="4" el="286" ec="5" bec="0" bev="0" fileid="12" />
                <SequencePoint vc="220" uspid="445" ordinal="17" offset="187" sl="275" sc="4" el="275" ec="31" bec="2" bev="2" fileid="12" />
                <SequencePoint vc="164" uspid="446" ordinal="18" offset="204" sl="288" sc="4" el="288" ec="73" bec="2" bev="2" fileid="12" />
                <SequencePoint vc="20" uspid="447" ordinal="19" offset="247" sl="289" sc="5" el="289" ec="18" bec="0" bev="0" fileid="12" />
                <SequencePoint vc="144" uspid="448" ordinal="20" offset="255" sl="291" sc="4" el="291" ec="28" bec="2" bev="2" fileid="12" />
                <SequencePoint vc="118" uspid="449" ordinal="21" offset="275" sl="291" sc="29" el="291" ec="30" bec="0" bev="0" fileid="12" />
                <SequencePoint vc="118" uspid="450" ordinal="22" offset="276" sl="293" sc="5" el="293" ec="82" bec="2" bev="2" fileid="12" />
                <SequencePoint vc="13" uspid="451" ordinal="23" offset="295" sl="294" sc="6" el="294" ec="19" bec="0" bev="0" fileid="12" />
                <SequencePoint vc="105" uspid="452" ordinal="24" offset="303" sl="296" sc="5" el="296" ec="34" bec="0" bev="0" fileid="12" />
                <SequencePoint vc="26" uspid="453" ordinal="25" offset="319" sl="300" sc="4" el="300" ec="12" bec="0" bev="0" fileid="12" />
                <SequencePoint vc="26" uspid="454" ordinal="26" offset="323" sl="303" sc="4" el="303" ec="34" bec="2" bev="1" fileid="12" />
                <SequencePoint vc="0" uspid="455" ordinal="27" offset="343" sl="304" sc="5" el="304" ec="18" bec="0" bev="0" fileid="12" />
                <SequencePoint vc="26" uspid="456" ordinal="28" offset="351" sl="306" sc="4" el="306" ec="42" bec="0" bev="0" fileid="12" />
                <SequencePoint vc="26" uspid="457" ordinal="29" offset="360" sl="307" sc="4" el="307" ec="43" bec="2" bev="2" fileid="12" />
                <SequencePoint vc="14" uspid="458" ordinal="30" offset="382" sl="307" sc="44" el="307" ec="45" bec="0" bev="0" fileid="12" />
                <SequencePoint vc="14" uspid="459" ordinal="31" offset="383" sl="308" sc="5" el="308" ec="29" bec="0" bev="0" fileid="12" />
                <SequencePoint vc="14" uspid="460" ordinal="32" offset="396" sl="309" sc="5" el="309" ec="45" bec="2" bev="2" fileid="12" />
                <SequencePoint vc="2" uspid="461" ordinal="33" offset="413" sl="310" sc="6" el="310" ec="19" bec="0" bev="0" fileid="12" />
                <SequencePoint vc="12" uspid="462" ordinal="34" offset="418" sl="311" sc="4" el="311" ec="5" bec="0" bev="0" fileid="12" />
                <SequencePoint vc="12" uspid="463" ordinal="35" offset="421" sl="311" sc="11" el="311" ec="12" bec="0" bev="0" fileid="12" />
                <SequencePoint vc="12" uspid="464" ordinal="36" offset="422" sl="312" sc="5" el="312" ec="45" bec="2" bev="2" fileid="12" />
                <SequencePoint vc="2" uspid="465" ordinal="37" offset="439" sl="313" sc="6" el="313" ec="19" bec="0" bev="0" fileid="12" />
                <SequencePoint vc="10" uspid="466" ordinal="38" offset="444" sl="314" sc="4" el="314" ec="5" bec="0" bev="0" fileid="12" />
                <SequencePoint vc="22" uspid="467" ordinal="39" offset="445" sl="316" sc="4" el="316" ec="55" bec="2" bev="2" fileid="12" />
                <SequencePoint vc="2" uspid="468" ordinal="40" offset="481" sl="317" sc="5" el="317" ec="18" bec="0" bev="0" fileid="12" />
                <SequencePoint vc="20" uspid="469" ordinal="41" offset="486" sl="319" sc="4" el="319" ec="33" bec="0" bev="0" fileid="12" />
                <SequencePoint vc="196" uspid="470" ordinal="42" offset="499" sl="320" sc="3" el="320" ec="4" bec="0" bev="0" fileid="12" />
              </SequencePoints>
              <BranchPoints>
                <BranchPoint vc="1" uspid="471" ordinal="0" offset="9" sl="266" path="0" offsetend="11" fileid="12" />
                <BranchPoint vc="196" uspid="472" ordinal="1" offset="9" sl="266" path="1" offsetend="22" fileid="12" />
                <BranchPoint vc="4" uspid="475" ordinal="4" offset="51" sl="269" path="0" offsetend="53" fileid="12" />
                <BranchPoint vc="192" uspid="476" ordinal="5" offset="51" sl="269" path="1" offsetend="61" fileid="12" />
                <BranchPoint vc="18" uspid="479" ordinal="8" offset="91" sl="272" path="0" offsetend="93" fileid="12" />
                <BranchPoint vc="174" uspid="480" ordinal="9" offset="91" sl="272" path="1" offsetchain="101" offsetend="187" fileid="12" />
                <BranchPoint vc="2" uspid="481" ordinal="10" offset="124" sl="278" path="0" offsetend="126" fileid="12" />
                <BranchPoint vc="54" uspid="482" ordinal="11" offset="124" sl="278" path="1" offsetend="134" fileid="12" />
                <BranchPoint vc="4" uspid="483" ordinal="12" offset="150" sl="281" path="0" offsetend="152" fileid="12" />
                <BranchPoint vc="50" uspid="484" ordinal="13" offset="150" sl="281" path="1" offsetend="160" fileid="12" />
                <BranchPoint vc="4" uspid="485" ordinal="14" offset="176" sl="284" path="0" offsetend="178" fileid="12" />
                <BranchPoint vc="46" uspid="486" ordinal="15" offset="176" sl="284" path="1" offsetend="186" fileid="12" />
                <BranchPoint vc="164" uspid="487" ordinal="16" offset="202" sl="275" path="0" offsetend="204" fileid="12" />
                <BranchPoint vc="56" uspid="488" ordinal="17" offset="202" sl="275" path="1" offsetend="103" fileid="12" />
                <BranchPoint vc="20" uspid="493" ordinal="22" offset="245" sl="288" path="0" offsetend="247" fileid="12" />
                <BranchPoint vc="144" uspid="494" ordinal="23" offset="245" sl="288" path="1" offsetend="255" fileid="12" />
                <BranchPoint vc="118" uspid="495" ordinal="24" offset="273" sl="291" path="0" offsetend="275" fileid="12" />
                <BranchPoint vc="26" uspid="496" ordinal="25" offset="273" sl="291" path="1" offsetend="319" fileid="12" />
                <BranchPoint vc="13" uspid="497" ordinal="26" offset="293" sl="293" path="0" offsetend="295" fileid="12" />
                <BranchPoint vc="105" uspid="498" ordinal="27" offset="293" sl="293" path="1" offsetend="303" fileid="12" />
                <BranchPoint vc="0" uspid="499" ordinal="28" offset="341" sl="303" path="0" offsetend="343" fileid="12" />
                <BranchPoint vc="26" uspid="500" ordinal="29" offset="341" sl="303" path="1" offsetend="351" fileid="12" />
                <BranchPoint vc="14" uspid="501" ordinal="30" offset="380" sl="307" path="0" offsetend="382" fileid="12" />
                <BranchPoint vc="12" uspid="502" ordinal="31" offset="380" sl="307" path="1" offsetend="421" fileid="12" />
                <BranchPoint vc="2" uspid="503" ordinal="32" offset="411" sl="309" path="0" offsetend="413" fileid="12" />
                <BranchPoint vc="12" uspid="504" ordinal="33" offset="411" sl="309" path="1" offsetend="418" fileid="12" />
                <BranchPoint vc="2" uspid="505" ordinal="34" offset="437" sl="312" path="0" offsetend="439" fileid="12" />
                <BranchPoint vc="10" uspid="506" ordinal="35" offset="437" sl="312" path="1" offsetend="444" fileid="12" />
                <BranchPoint vc="2" uspid="509" ordinal="38" offset="479" sl="316" path="0" offsetend="481" fileid="12" />
                <BranchPoint vc="20" uspid="510" ordinal="39" offset="479" sl="316" path="1" offsetend="486" fileid="12" />
              </BranchPoints>
              <MethodPoint xsi:type="SequencePoint" vc="197" uspid="428" ordinal="0" offset="0" sl="263" sc="3" el="263" ec="4" bec="0" bev="0" fileid="12" />
            </Method>
          </Methods>
        </Class>
      </Classes>
    </Module>
    <Module hash="F8-C0-1C-7E-A4-49-41-E3-13-45-8B-31-33-FD-14-30-9D-E0-8C-2A">
      <Summary numSequencePoints="200" visitedSequencePoints="0" numBranchPoints="146" visitedBranchPoints="0" sequenceCoverage="0" branchCoverage="0" maxCyclomaticComplexity="10" minCyclomaticComplexity="1" visitedClasses="0" numClasses="12" visitedMethods="0" numMethods="96" />
      <ModulePath>C:\Users\User\Documents\IEgit\EmailValidation\UnitTests\bin\Debug\Portable.DataAnnotations.dll</ModulePath>
      <ModuleTime>2017-05-02T18:25:18.8837779Z</ModuleTime>
      <ModuleName>Portable.DataAnnotations</ModuleName>
      <Files>
        <File uid="15" fullPath="c:\Users\Ryan\Documents\Visual Studio 2013\Projects\Portable.DataAnnotations\Portable.DataAnnotations.Net45Portable\ValidationAttributes\BindableTypeAttribute.cs" />
        <File uid="16" fullPath="c:\Users\Ryan\Documents\Visual Studio 2013\Projects\Portable.DataAnnotations\Portable.DataAnnotations.Net45Portable\ValidationAttributes\Schema\ColumnAttribute.cs" />
        <File uid="17" fullPath="c:\Users\Ryan\Documents\Visual Studio 2013\Projects\Portable.DataAnnotations\Portable.DataAnnotations.Net45Portable\ValidationAttributes\Schema\ForeignKeyAttribute.cs" />
        <File uid="18" fullPath="c:\Users\Ryan\Documents\Visual Studio 2013\Projects\Portable.DataAnnotations\Portable.DataAnnotations.Net45Portable\ValidationAttributes\Schema\InversePropertyAttribute.cs" />
        <File uid="19" fullPath="c:\Users\Ryan\Documents\Visual Studio 2013\Projects\Portable.DataAnnotations\Portable.DataAnnotations.Net45Portable\ValidationAttributes\Schema\TableAttribute.cs" />
        <File uid="20" fullPath="c:\Users\Ryan\Documents\Visual Studio 2013\Projects\Portable.DataAnnotations\Portable.DataAnnotations.WindowsRuntime\ValidationAttributes\CreditCardAttribute.cs" />
        <File uid="21" fullPath="c:\Users\Ryan\Documents\Visual Studio 2013\Projects\Portable.DataAnnotations\Portable.DataAnnotations.WindowsRuntime\ValidationAttributes\EmailAddressAttribute.cs" />
        <File uid="22" fullPath="c:\Users\Ryan\Documents\Visual Studio 2013\Projects\Portable.DataAnnotations\Portable.DataAnnotations.WindowsRuntime\ValidationAttributes\MaxLengthAttribute.cs" />
        <File uid="23" fullPath="c:\Users\Ryan\Documents\Visual Studio 2013\Projects\Portable.DataAnnotations\Portable.DataAnnotations.WindowsRuntime\ValidationAttributes\MinLengthAttribute.cs" />
        <File uid="24" fullPath="c:\Users\Ryan\Documents\Visual Studio 2013\Projects\Portable.DataAnnotations\Portable.DataAnnotations.WindowsRuntime\ValidationAttributes\PhoneAttribute.cs" />
        <File uid="25" fullPath="c:\Users\Ryan\Documents\Visual Studio 2013\Projects\Portable.DataAnnotations\Portable.DataAnnotations.WindowsRuntime\ValidationAttributes\UrlAttribute.cs" />
        <File uid="26" fullPath="c:\Users\Ryan\Documents\Visual Studio 2013\Projects\Portable.DataAnnotations\Portable.DataAnnotations.Net40\Resources\DataAnnotationsResources.Designer.cs" />
      </Files>
      <Classes>
        <Class>
          <Summary numSequencePoints="0" visitedSequencePoints="0" numBranchPoints="0" visitedBranchPoints="0" sequenceCoverage="0" branchCoverage="0" maxCyclomaticComplexity="0" minCyclomaticComplexity="0" visitedClasses="0" numClasses="0" visitedMethods="0" numMethods="0" />
          <FullName>&lt;Module&gt;</FullName>
          <Methods />
        </Class>
        <Class>
          <Summary numSequencePoints="3" visitedSequencePoints="0" numBranchPoints="1" visitedBranchPoints="0" sequenceCoverage="0" branchCoverage="0" maxCyclomaticComplexity="1" minCyclomaticComplexity="1" visitedClasses="0" numClasses="1" visitedMethods="0" numMethods="1" />
          <FullName>System.ComponentModel.DataAnnotations.BindableTypeAttribute</FullName>
          <Methods>
            <Method visited="false" cyclomaticComplexity="1" nPathComplexity="0" sequenceCoverage="0" branchCoverage="0" isConstructor="false" isStatic="false" isGetter="true" isSetter="false">
              <Summary numSequencePoints="0" visitedSequencePoints="0" numBranchPoints="0" visitedBranchPoints="0" sequenceCoverage="0" branchCoverage="0" maxCyclomaticComplexity="1" minCyclomaticComplexity="1" visitedClasses="0" numClasses="0" visitedMethods="0" numMethods="0" />
              <MetadataToken>100663298</MetadataToken>
              <Name>System.Boolean System.ComponentModel.DataAnnotations.BindableTypeAttribute::get_IsBindable()</Name>
              <SequencePoints />
              <BranchPoints />
              <MethodPoint vc="0" uspid="511" ordinal="0" offset="0" />
            </Method>
            <Method visited="false" cyclomaticComplexity="1" nPathComplexity="0" sequenceCoverage="0" branchCoverage="0" isConstructor="false" isStatic="false" isGetter="false" isSetter="true">
              <Summary numSequencePoints="0" visitedSequencePoints="0" numBranchPoints="0" visitedBranchPoints="0" sequenceCoverage="0" branchCoverage="0" maxCyclomaticComplexity="1" minCyclomaticComplexity="1" visitedClasses="0" numClasses="0" visitedMethods="0" numMethods="0" />
              <MetadataToken>100663299</MetadataToken>
              <Name>System.Void System.ComponentModel.DataAnnotations.BindableTypeAttribute::set_IsBindable(System.Boolean)</Name>
              <SequencePoints />
              <BranchPoints />
              <MethodPoint vc="0" uspid="512" ordinal="0" offset="0" />
            </Method>
            <Method visited="false" cyclomaticComplexity="1" nPathComplexity="0" sequenceCoverage="0" branchCoverage="0" isConstructor="true" isStatic="false" isGetter="false" isSetter="false">
              <Summary numSequencePoints="3" visitedSequencePoints="0" numBranchPoints="1" visitedBranchPoints="0" sequenceCoverage="0" branchCoverage="0" maxCyclomaticComplexity="1" minCyclomaticComplexity="1" visitedClasses="0" numClasses="0" visitedMethods="0" numMethods="1" />
              <MetadataToken>100663297</MetadataToken>
              <Name>System.Void System.ComponentModel.DataAnnotations.BindableTypeAttribute::.ctor()</Name>
              <FileRef uid="15" />
              <SequencePoints>
                <SequencePoint vc="0" uspid="513" ordinal="0" offset="0" sl="10" sc="9" el="10" ec="39" bec="0" bev="0" fileid="15" />
                <SequencePoint vc="0" uspid="514" ordinal="1" offset="6" sl="12" sc="13" el="12" ec="31" bec="0" bev="0" fileid="15" />
                <SequencePoint vc="0" uspid="515" ordinal="2" offset="13" sl="13" sc="9" el="13" ec="10" bec="0" bev="0" fileid="15" />
              </SequencePoints>
              <BranchPoints />
              <MethodPoint xsi:type="SequencePoint" vc="0" uspid="513" ordinal="0" offset="0" sl="10" sc="9" el="10" ec="39" bec="0" bev="0" fileid="15" />
            </Method>
          </Methods>
        </Class>
        <Class>
          <Summary numSequencePoints="20" visitedSequencePoints="0" numBranchPoints="13" visitedBranchPoints="0" sequenceCoverage="0" branchCoverage="0" maxCyclomaticComplexity="2" minCyclomaticComplexity="1" visitedClasses="0" numClasses="1" visitedMethods="0" numMethods="7" />
          <FullName>System.ComponentModel.DataAnnotations.Schema.ColumnAttribute</FullName>
          <Methods>
            <Method visited="false" cyclomaticComplexity="1" nPathComplexity="0" sequenceCoverage="0" branchCoverage="0" isConstructor="false" isStatic="false" isGetter="true" isSetter="false">
              <Summary numSequencePoints="1" visitedSequencePoints="0" numBranchPoints="1" visitedBranchPoints="0" sequenceCoverage="0" branchCoverage="0" maxCyclomaticComplexity="1" minCyclomaticComplexity="1" visitedClasses="0" numClasses="0" visitedMethods="0" numMethods="1" />
              <MetadataToken>100663302</MetadataToken>
              <Name>System.String System.ComponentModel.DataAnnotations.Schema.ColumnAttribute::get_Name()</Name>
              <FileRef uid="16" />
              <SequencePoints>
                <SequencePoint vc="0" uspid="516" ordinal="0" offset="0" sl="44" sc="19" el="44" ec="32" bec="0" bev="0" fileid="16" />
              </SequencePoints>
              <BranchPoints />
              <MethodPoint xsi:type="SequencePoint" vc="0" uspid="516" ordinal="0" offset="0" sl="44" sc="19" el="44" ec="32" bec="0" bev="0" fileid="16" />
            </Method>
            <Method visited="false" cyclomaticComplexity="1" nPathComplexity="0" sequenceCoverage="0" branchCoverage="0" isConstructor="false" isStatic="false" isGetter="true" isSetter="false">
              <Summary numSequencePoints="1" visitedSequencePoints="0" numBranchPoints="1" visitedBranchPoints="0" sequenceCoverage="0" branchCoverage="0" maxCyclomaticComplexity="1" minCyclomaticComplexity="1" visitedClasses="0" numClasses="0" visitedMethods="0" numMethods="1" />
              <MetadataToken>100663303</MetadataToken>
              <Name>System.Int32 System.ComponentModel.DataAnnotations.Schema.ColumnAttribute::get_Order()</Name>
              <FileRef uid="16" />
              <SequencePoints>
                <SequencePoint vc="0" uspid="517" ordinal="0" offset="0" sl="52" sc="19" el="52" ec="33" bec="0" bev="0" fileid="16" />
              </SequencePoints>
              <BranchPoints />
              <MethodPoint xsi:type="SequencePoint" vc="0" uspid="517" ordinal="0" offset="0" sl="52" sc="19" el="52" ec="33" bec="0" bev="0" fileid="16" />
            </Method>
            <Method visited="false" cyclomaticComplexity="2" nPathComplexity="2" sequenceCoverage="0" branchCoverage="0" isConstructor="false" isStatic="false" isGetter="false" isSetter="true">
              <Summary numSequencePoints="4" visitedSequencePoints="0" numBranchPoints="3" visitedBranchPoints="0" sequenceCoverage="0" branchCoverage="0" maxCyclomaticComplexity="2" minCyclomaticComplexity="2" visitedClasses="0" numClasses="0" visitedMethods="0" numMethods="1" />
              <MetadataToken>100663304</MetadataToken>
              <Name>System.Void System.ComponentModel.DataAnnotations.Schema.ColumnAttribute::set_Order(System.Int32)</Name>
              <FileRef uid="16" />
              <SequencePoints>
                <SequencePoint vc="0" uspid="518" ordinal="0" offset="0" sl="55" sc="17" el="55" ec="31" bec="2" bev="0" fileid="16" />
                <SequencePoint vc="0" uspid="519" ordinal="1" offset="4" sl="57" sc="21" el="57" ec="68" bec="0" bev="0" fileid="16" />
                <SequencePoint vc="0" uspid="520" ordinal="2" offset="15" sl="60" sc="17" el="60" ec="32" bec="0" bev="0" fileid="16" />
                <SequencePoint vc="0" uspid="521" ordinal="3" offset="22" sl="61" sc="13" el="61" ec="14" bec="0" bev="0" fileid="16" />
              </SequencePoints>
              <BranchPoints>
                <BranchPoint vc="0" uspid="522" ordinal="0" offset="2" sl="55" path="0" offsetend="4" fileid="16" />
                <BranchPoint vc="0" uspid="523" ordinal="1" offset="2" sl="55" path="1" offsetend="15" fileid="16" />
              </BranchPoints>
              <MethodPoint xsi:type="SequencePoint" vc="0" uspid="518" ordinal="0" offset="0" sl="55" sc="17" el="55" ec="31" bec="2" bev="0" fileid="16" />
            </Method>
            <Method visited="false" cyclomaticComplexity="1" nPathComplexity="0" sequenceCoverage="0" branchCoverage="0" isConstructor="false" isStatic="false" isGetter="true" isSetter="false">
              <Summary numSequencePoints="1" visitedSequencePoints="0" numBranchPoints="1" visitedBranchPoints="0" sequenceCoverage="0" branchCoverage="0" maxCyclomaticComplexity="1" minCyclomaticComplexity="1" visitedClasses="0" numClasses="0" visitedMethods="0" numMethods="1" />
              <MetadataToken>100663305</MetadataToken>
              <Name>System.String System.ComponentModel.DataAnnotations.Schema.ColumnAttribute::get_TypeName()</Name>
              <FileRef uid="16" />
              <SequencePoints>
                <SequencePoint vc="0" uspid="524" ordinal="0" offset="0" sl="69" sc="19" el="69" ec="36" bec="0" bev="0" fileid="16" />
              </SequencePoints>
              <BranchPoints />
              <MethodPoint xsi:type="SequencePoint" vc="0" uspid="524" ordinal="0" offset="0" sl="69" sc="19" el="69" ec="36" bec="0" bev="0" fileid="16" />
            </Method>
            <Method visited="false" cyclomaticComplexity="2" nPathComplexity="2" sequenceCoverage="0" branchCoverage="0" isConstructor="false" isStatic="false" isGetter="false" isSetter="true">
              <Summary numSequencePoints="4" visitedSequencePoints="0" numBranchPoints="3" visitedBranchPoints="0" sequenceCoverage="0" branchCoverage="0" maxCyclomaticComplexity="2" minCyclomaticComplexity="2" visitedClasses="0" numClasses="0" visitedMethods="0" numMethods="1" />
              <MetadataToken>100663306</MetadataToken>
              <Name>System.Void System.ComponentModel.DataAnnotations.Schema.ColumnAttribute::set_TypeName(System.String)</Name>
              <FileRef uid="16" />
              <SequencePoints>
                <SequencePoint vc="0" uspid="525" ordinal="0" offset="0" sl="72" sc="17" el="72" ec="54" bec="2" bev="0" fileid="16" />
                <SequencePoint vc="0" uspid="526" ordinal="1" offset="8" sl="74" sc="21" el="74" ec="154" bec="0" bev="0" fileid="16" />
                <SequencePoint vc="0" uspid="527" ordinal="2" offset="45" sl="77" sc="17" el="77" ec="35" bec="0" bev="0" fileid="16" />
                <SequencePoint vc="0" uspid="528" ordinal="3" offset="52" sl="78" sc="13" el="78" ec="14" bec="0" bev="0" fileid="16" />
              </SequencePoints>
              <BranchPoints>
                <BranchPoint vc="0" uspid="529" ordinal="0" offset="6" sl="72" path="0" offsetend="8" fileid="16" />
                <BranchPoint vc="0" uspid="530" ordinal="1" offset="6" sl="72" path="1" offsetend="45" fileid="16" />
              </BranchPoints>
              <MethodPoint xsi:type="SequencePoint" vc="0" uspid="525" ordinal="0" offset="0" sl="72" sc="17" el="72" ec="54" bec="2" bev="0" fileid="16" />
            </Method>
            <Method visited="false" cyclomaticComplexity="1" nPathComplexity="0" sequenceCoverage="0" branchCoverage="0" isConstructor="true" isStatic="false" isGetter="false" isSetter="false">
              <Summary numSequencePoints="3" visitedSequencePoints="0" numBranchPoints="1" visitedBranchPoints="0" sequenceCoverage="0" branchCoverage="0" maxCyclomaticComplexity="1" minCyclomaticComplexity="1" visitedClasses="0" numClasses="0" visitedMethods="0" numMethods="1" />
              <MetadataToken>100663300</MetadataToken>
              <Name>System.Void System.ComponentModel.DataAnnotations.Schema.ColumnAttribute::.ctor()</Name>
              <FileRef uid="16" />
              <SequencePoints>
                <SequencePoint vc="0" uspid="531" ordinal="0" offset="0" sl="16" sc="9" el="16" ec="33" bec="0" bev="0" fileid="16" />
                <SequencePoint vc="0" uspid="532" ordinal="1" offset="7" sl="21" sc="9" el="21" ec="33" bec="0" bev="0" fileid="16" />
                <SequencePoint vc="0" uspid="533" ordinal="2" offset="13" sl="23" sc="9" el="23" ec="10" bec="0" bev="0" fileid="16" />
              </SequencePoints>
              <BranchPoints />
              <MethodPoint xsi:type="SequencePoint" vc="0" uspid="531" ordinal="0" offset="0" sl="16" sc="9" el="16" ec="33" bec="0" bev="0" fileid="16" />
            </Method>
            <Method visited="false" cyclomaticComplexity="2" nPathComplexity="2" sequenceCoverage="0" branchCoverage="0" isConstructor="true" isStatic="false" isGetter="false" isSetter="false">
              <Summary numSequencePoints="6" visitedSequencePoints="0" numBranchPoints="3" visitedBranchPoints="0" sequenceCoverage="0" branchCoverage="0" maxCyclomaticComplexity="2" minCyclomaticComplexity="2" visitedClasses="0" numClasses="0" visitedMethods="0" numMethods="1" />
              <MetadataToken>100663301</MetadataToken>
              <Name>System.Void System.ComponentModel.DataAnnotations.Schema.ColumnAttribute::.ctor(System.String)</Name>
              <FileRef uid="16" />
              <SequencePoints>
                <SequencePoint vc="0" uspid="534" ordinal="0" offset="0" sl="16" sc="9" el="16" ec="33" bec="0" bev="0" fileid="16" />
                <SequencePoint vc="0" uspid="535" ordinal="1" offset="7" sl="29" sc="9" el="29" ec="44" bec="0" bev="0" fileid="16" />
                <SequencePoint vc="0" uspid="536" ordinal="2" offset="13" sl="31" sc="13" el="31" ec="49" bec="2" bev="0" fileid="16" />
                <SequencePoint vc="0" uspid="537" ordinal="3" offset="21" sl="33" sc="17" el="33" ec="149" bec="0" bev="0" fileid="16" />
                <SequencePoint vc="0" uspid="538" ordinal="4" offset="58" sl="36" sc="13" el="36" ec="26" bec="0" bev="0" fileid="16" />
                <SequencePoint vc="0" uspid="539" ordinal="5" offset="65" sl="37" sc="9" el="37" ec="10" bec="0" bev="0" fileid="16" />
              </SequencePoints>
              <BranchPoints>
                <BranchPoint vc="0" uspid="540" ordinal="0" offset="19" sl="31" path="0" offsetend="21" fileid="16" />
                <BranchPoint vc="0" uspid="541" ordinal="1" offset="19" sl="31" path="1" offsetend="58" fileid="16" />
              </BranchPoints>
              <MethodPoint xsi:type="SequencePoint" vc="0" uspid="534" ordinal="0" offset="0" sl="16" sc="9" el="16" ec="33" bec="0" bev="0" fileid="16" />
            </Method>
          </Methods>
        </Class>
        <Class>
          <Summary numSequencePoints="0" visitedSequencePoints="0" numBranchPoints="0" visitedBranchPoints="0" sequenceCoverage="0" branchCoverage="0" maxCyclomaticComplexity="1" minCyclomaticComplexity="1" visitedClasses="0" numClasses="0" visitedMethods="0" numMethods="0" />
          <FullName>System.ComponentModel.DataAnnotations.Schema.ComplexTypeAttribute</FullName>
          <Methods>
            <Method visited="false" cyclomaticComplexity="1" nPathComplexity="0" sequenceCoverage="0" branchCoverage="0" isConstructor="true" isStatic="false" isGetter="false" isSetter="false">
              <Summary numSequencePoints="0" visitedSequencePoints="0" numBranchPoints="0" visitedBranchPoints="0" sequenceCoverage="0" branchCoverage="0" maxCyclomaticComplexity="1" minCyclomaticComplexity="1" visitedClasses="0" numClasses="0" visitedMethods="0" numMethods="0" />
              <MetadataToken>100663307</MetadataToken>
              <Name>System.Void System.ComponentModel.DataAnnotations.Schema.ComplexTypeAttribute::.ctor()</Name>
              <SequencePoints />
              <BranchPoints />
              <MethodPoint vc="0" uspid="542" ordinal="0" offset="0" />
            </Method>
          </Methods>
        </Class>
        <Class>
          <Summary numSequencePoints="6" visitedSequencePoints="0" numBranchPoints="4" visitedBranchPoints="0" sequenceCoverage="0" branchCoverage="0" maxCyclomaticComplexity="2" minCyclomaticComplexity="1" visitedClasses="0" numClasses="1" visitedMethods="0" numMethods="2" />
          <FullName>System.ComponentModel.DataAnnotations.Schema.ForeignKeyAttribute</FullName>
          <Methods>
            <Method visited="false" cyclomaticComplexity="1" nPathComplexity="0" sequenceCoverage="0" branchCoverage="0" isConstructor="false" isStatic="false" isGetter="true" isSetter="false">
              <Summary numSequencePoints="1" visitedSequencePoints="0" numBranchPoints="1" visitedBranchPoints="0" sequenceCoverage="0" branchCoverage="0" maxCyclomaticComplexity="1" minCyclomaticComplexity="1" visitedClasses="0" numClasses="0" visitedMethods="0" numMethods="1" />
              <MetadataToken>100663309</MetadataToken>
              <Name>System.String System.ComponentModel.DataAnnotations.Schema.ForeignKeyAttribute::get_Name()</Name>
              <FileRef uid="17" />
              <SequencePoints>
                <SequencePoint vc="0" uspid="543" ordinal="0" offset="0" sl="42" sc="19" el="42" ec="32" bec="0" bev="0" fileid="17" />
              </SequencePoints>
              <BranchPoints />
              <MethodPoint xsi:type="SequencePoint" vc="0" uspid="543" ordinal="0" offset="0" sl="42" sc="19" el="42" ec="32" bec="0" bev="0" fileid="17" />
            </Method>
            <Method visited="false" cyclomaticComplexity="2" nPathComplexity="2" sequenceCoverage="0" branchCoverage="0" isConstructor="true" isStatic="false" isGetter="false" isSetter="false">
              <Summary numSequencePoints="5" visitedSequencePoints="0" numBranchPoints="3" visitedBranchPoints="0" sequenceCoverage="0" branchCoverage="0" maxCyclomaticComplexity="2" minCyclomaticComplexity="2" visitedClasses="0" numClasses="0" visitedMethods="0" numMethods="1" />
              <MetadataToken>100663308</MetadataToken>
              <Name>System.Void System.ComponentModel.DataAnnotations.Schema.ForeignKeyAttribute::.ctor(System.String)</Name>
              <FileRef uid="17" />
              <SequencePoints>
                <SequencePoint vc="0" uspid="544" ordinal="0" offset="0" sl="26" sc="9" el="26" ec="48" bec="0" bev="0" fileid="17" />
                <SequencePoint vc="0" uspid="545" ordinal="1" offset="6" sl="28" sc="13" el="28" ec="49" bec="2" bev="0" fileid="17" />
                <SequencePoint vc="0" uspid="546" ordinal="2" offset="14" sl="30" sc="17" el="30" ec="149" bec="0" bev="0" fileid="17" />
                <SequencePoint vc="0" uspid="547" ordinal="3" offset="51" sl="33" sc="13" el="33" ec="26" bec="0" bev="0" fileid="17" />
                <SequencePoint vc="0" uspid="548" ordinal="4" offset="58" sl="34" sc="9" el="34" ec="10" bec="0" bev="0" fileid="17" />
              </SequencePoints>
              <BranchPoints>
                <BranchPoint vc="0" uspid="549" ordinal="0" offset="12" sl="28" path="0" offsetend="14" fileid="17" />
                <BranchPoint vc="0" uspid="550" ordinal="1" offset="12" sl="28" path="1" offsetend="51" fileid="17" />
              </BranchPoints>
              <MethodPoint xsi:type="SequencePoint" vc="0" uspid="544" ordinal="0" offset="0" sl="26" sc="9" el="26" ec="48" bec="0" bev="0" fileid="17" />
            </Method>
          </Methods>
        </Class>
        <Class>
          <Summary numSequencePoints="6" visitedSequencePoints="0" numBranchPoints="4" visitedBranchPoints="0" sequenceCoverage="0" branchCoverage="0" maxCyclomaticComplexity="2" minCyclomaticComplexity="1" visitedClasses="0" numClasses="1" visitedMethods="0" numMethods="2" />
          <FullName>System.ComponentModel.DataAnnotations.Schema.InversePropertyAttribute</FullName>
          <Methods>
            <Method visited="false" cyclomaticComplexity="1" nPathComplexity="0" sequenceCoverage="0" branchCoverage="0" isConstructor="false" isStatic="false" isGetter="true" isSetter="false">
              <Summary numSequencePoints="1" visitedSequencePoints="0" numBranchPoints="1" visitedBranchPoints="0" sequenceCoverage="0" branchCoverage="0" maxCyclomaticComplexity="1" minCyclomaticComplexity="1" visitedClasses="0" numClasses="0" visitedMethods="0" numMethods="1" />
              <MetadataToken>100663311</MetadataToken>
              <Name>System.String System.ComponentModel.DataAnnotations.Schema.InversePropertyAttribute::get_Property()</Name>
              <FileRef uid="18" />
              <SequencePoints>
                <SequencePoint vc="0" uspid="551" ordinal="0" offset="0" sl="29" sc="19" el="29" ec="36" bec="0" bev="0" fileid="18" />
              </SequencePoints>
              <BranchPoints />
              <MethodPoint xsi:type="SequencePoint" vc="0" uspid="551" ordinal="0" offset="0" sl="29" sc="19" el="29" ec="36" bec="0" bev="0" fileid="18" />
            </Method>
            <Method visited="false" cyclomaticComplexity="2" nPathComplexity="2" sequenceCoverage="0" branchCoverage="0" isConstructor="true" isStatic="false" isGetter="false" isSetter="false">
              <Summary numSequencePoints="5" visitedSequencePoints="0" numBranchPoints="3" visitedBranchPoints="0" sequenceCoverage="0" branchCoverage="0" maxCyclomaticComplexity="2" minCyclomaticComplexity="2" visitedClasses="0" numClasses="0" visitedMethods="0" numMethods="1" />
              <MetadataToken>100663310</MetadataToken>
              <Name>System.Void System.ComponentModel.DataAnnotations.Schema.InversePropertyAttribute::.ctor(System.String)</Name>
              <FileRef uid="18" />
              <SequencePoints>
                <SequencePoint vc="0" uspid="552" ordinal="0" offset="0" sl="18" sc="9" el="18" ec="57" bec="0" bev="0" fileid="18" />
                <SequencePoint vc="0" uspid="553" ordinal="1" offset="6" sl="19" sc="13" el="19" ec="53" bec="2" bev="0" fileid="18" />
                <SequencePoint vc="0" uspid="554" ordinal="2" offset="14" sl="20" sc="17" el="20" ec="153" bec="0" bev="0" fileid="18" />
                <SequencePoint vc="0" uspid="555" ordinal="3" offset="51" sl="22" sc="13" el="22" ec="34" bec="0" bev="0" fileid="18" />
                <SequencePoint vc="0" uspid="556" ordinal="4" offset="58" sl="23" sc="9" el="23" ec="10" bec="0" bev="0" fileid="18" />
              </SequencePoints>
              <BranchPoints>
                <BranchPoint vc="0" uspid="557" ordinal="0" offset="12" sl="19" path="0" offsetend="14" fileid="18" />
                <BranchPoint vc="0" uspid="558" ordinal="1" offset="12" sl="19" path="1" offsetend="51" fileid="18" />
              </BranchPoints>
              <MethodPoint xsi:type="SequencePoint" vc="0" uspid="552" ordinal="0" offset="0" sl="18" sc="9" el="18" ec="57" bec="0" bev="0" fileid="18" />
            </Method>
          </Methods>
        </Class>
        <Class>
          <Summary numSequencePoints="0" visitedSequencePoints="0" numBranchPoints="0" visitedBranchPoints="0" sequenceCoverage="0" branchCoverage="0" maxCyclomaticComplexity="1" minCyclomaticComplexity="1" visitedClasses="0" numClasses="0" visitedMethods="0" numMethods="0" />
          <FullName>System.ComponentModel.DataAnnotations.Schema.NotMappedAttribute</FullName>
          <Methods>
            <Method visited="false" cyclomaticComplexity="1" nPathComplexity="0" sequenceCoverage="0" branchCoverage="0" isConstructor="true" isStatic="false" isGetter="false" isSetter="false">
              <Summary numSequencePoints="0" visitedSequencePoints="0" numBranchPoints="0" visitedBranchPoints="0" sequenceCoverage="0" branchCoverage="0" maxCyclomaticComplexity="1" minCyclomaticComplexity="1" visitedClasses="0" numClasses="0" visitedMethods="0" numMethods="0" />
              <MetadataToken>100663312</MetadataToken>
              <Name>System.Void System.ComponentModel.DataAnnotations.Schema.NotMappedAttribute::.ctor()</Name>
              <SequencePoints />
              <BranchPoints />
              <MethodPoint vc="0" uspid="559" ordinal="0" offset="0" />
            </Method>
          </Methods>
        </Class>
        <Class>
          <Summary numSequencePoints="11" visitedSequencePoints="0" numBranchPoints="8" visitedBranchPoints="0" sequenceCoverage="0" branchCoverage="0" maxCyclomaticComplexity="2" minCyclomaticComplexity="1" visitedClasses="0" numClasses="1" visitedMethods="0" numMethods="4" />
          <FullName>System.ComponentModel.DataAnnotations.Schema.TableAttribute</FullName>
          <Methods>
            <Method visited="false" cyclomaticComplexity="1" nPathComplexity="0" sequenceCoverage="0" branchCoverage="0" isConstructor="false" isStatic="false" isGetter="true" isSetter="false">
              <Summary numSequencePoints="1" visitedSequencePoints="0" numBranchPoints="1" visitedBranchPoints="0" sequenceCoverage="0" branchCoverage="0" maxCyclomaticComplexity="1" minCyclomaticComplexity="1" visitedClasses="0" numClasses="0" visitedMethods="0" numMethods="1" />
              <MetadataToken>100663314</MetadataToken>
              <Name>System.String System.ComponentModel.DataAnnotations.Schema.TableAttribute::get_Name()</Name>
              <FileRef uid="19" />
              <SequencePoints>
                <SequencePoint vc="0" uspid="560" ordinal="0" offset="0" sl="35" sc="19" el="35" ec="32" bec="0" bev="0" fileid="19" />
              </SequencePoints>
              <BranchPoints />
              <MethodPoint xsi:type="SequencePoint" vc="0" uspid="560" ordinal="0" offset="0" sl="35" sc="19" el="35" ec="32" bec="0" bev="0" fileid="19" />
            </Method>
            <Method visited="false" cyclomaticComplexity="1" nPathComplexity="0" sequenceCoverage="0" branchCoverage="0" isConstructor="false" isStatic="false" isGetter="true" isSetter="false">
              <Summary numSequencePoints="1" visitedSequencePoints="0" numBranchPoints="1" visitedBranchPoints="0" sequenceCoverage="0" branchCoverage="0" maxCyclomaticComplexity="1" minCyclomaticComplexity="1" visitedClasses="0" numClasses="0" visitedMethods="0" numMethods="1" />
              <MetadataToken>100663315</MetadataToken>
              <Name>System.String System.ComponentModel.DataAnnotations.Schema.TableAttribute::get_Schema()</Name>
              <FileRef uid="19" />
              <SequencePoints>
                <SequencePoint vc="0" uspid="561" ordinal="0" offset="0" sl="43" sc="19" el="43" ec="34" bec="0" bev="0" fileid="19" />
              </SequencePoints>
              <BranchPoints />
              <MethodPoint xsi:type="SequencePoint" vc="0" uspid="561" ordinal="0" offset="0" sl="43" sc="19" el="43" ec="34" bec="0" bev="0" fileid="19" />
            </Method>
            <Method visited="false" cyclomaticComplexity="2" nPathComplexity="2" sequenceCoverage="0" branchCoverage="0" isConstructor="false" isStatic="false" isGetter="false" isSetter="true">
              <Summary numSequencePoints="4" visitedSequencePoints="0" numBranchPoints="3" visitedBranchPoints="0" sequenceCoverage="0" branchCoverage="0" maxCyclomaticComplexity="2" minCyclomaticComplexity="2" visitedClasses="0" numClasses="0" visitedMethods="0" numMethods="1" />
              <MetadataToken>100663316</MetadataToken>
              <Name>System.Void System.ComponentModel.DataAnnotations.Schema.TableAttribute::set_Schema(System.String)</Name>
              <FileRef uid="19" />
              <SequencePoints>
                <SequencePoint vc="0" uspid="562" ordinal="0" offset="0" sl="46" sc="17" el="46" ec="54" bec="2" bev="0" fileid="19" />
                <SequencePoint vc="0" uspid="563" ordinal="1" offset="8" sl="48" sc="21" el="48" ec="154" bec="0" bev="0" fileid="19" />
                <SequencePoint vc="0" uspid="564" ordinal="2" offset="45" sl="50" sc="17" el="50" ec="33" bec="0" bev="0" fileid="19" />
                <SequencePoint vc="0" uspid="565" ordinal="3" offset="52" sl="51" sc="13" el="51" ec="14" bec="0" bev="0" fileid="19" />
              </SequencePoints>
              <BranchPoints>
                <BranchPoint vc="0" uspid="566" ordinal="0" offset="6" sl="46" path="0" offsetend="8" fileid="19" />
                <BranchPoint vc="0" uspid="567" ordinal="1" offset="6" sl="46" path="1" offsetend="45" fileid="19" />
              </BranchPoints>
              <MethodPoint xsi:type="SequencePoint" vc="0" uspid="562" ordinal="0" offset="0" sl="46" sc="17" el="46" ec="54" bec="2" bev="0" fileid="19" />
            </Method>
            <Method visited="false" cyclomaticComplexity="2" nPathComplexity="2" sequenceCoverage="0" branchCoverage="0" isConstructor="true" isStatic="false" isGetter="false" isSetter="false">
              <Summary numSequencePoints="5" visitedSequencePoints="0" numBranchPoints="3" visitedBranchPoints="0" sequenceCoverage="0" branchCoverage="0" maxCyclomaticComplexity="2" minCyclomaticComplexity="2" visitedClasses="0" numClasses="0" visitedMethods="0" numMethods="1" />
              <MetadataToken>100663313</MetadataToken>
              <Name>System.Void System.ComponentModel.DataAnnotations.Schema.TableAttribute::.ctor(System.String)</Name>
              <FileRef uid="19" />
              <SequencePoints>
                <SequencePoint vc="0" uspid="568" ordinal="0" offset="0" sl="21" sc="9" el="21" ec="43" bec="0" bev="0" fileid="19" />
                <SequencePoint vc="0" uspid="569" ordinal="1" offset="6" sl="23" sc="13" el="23" ec="49" bec="2" bev="0" fileid="19" />
                <SequencePoint vc="0" uspid="570" ordinal="2" offset="14" sl="25" sc="17" el="25" ec="149" bec="0" bev="0" fileid="19" />
                <SequencePoint vc="0" uspid="571" ordinal="3" offset="51" sl="27" sc="13" el="27" ec="26" bec="0" bev="0" fileid="19" />
                <SequencePoint vc="0" uspid="572" ordinal="4" offset="58" sl="28" sc="9" el="28" ec="10" bec="0" bev="0" fileid="19" />
              </SequencePoints>
              <BranchPoints>
                <BranchPoint vc="0" uspid="573" ordinal="0" offset="12" sl="23" path="0" offsetend="14" fileid="19" />
                <BranchPoint vc="0" uspid="574" ordinal="1" offset="12" sl="23" path="1" offsetend="51" fileid="19" />
              </BranchPoints>
              <MethodPoint xsi:type="SequencePoint" vc="0" uspid="568" ordinal="0" offset="0" sl="21" sc="9" el="21" ec="43" bec="0" bev="0" fileid="19" />
            </Method>
          </Methods>
        </Class>
        <Class>
          <Summary numSequencePoints="31" visitedSequencePoints="0" numBranchPoints="17" visitedBranchPoints="0" sequenceCoverage="0" branchCoverage="0" maxCyclomaticComplexity="10" minCyclomaticComplexity="1" visitedClasses="0" numClasses="1" visitedMethods="0" numMethods="3" />
          <FullName>System.ComponentModel.DataAnnotations.CreditCardAttribute</FullName>
          <Methods>
            <Method visited="false" cyclomaticComplexity="1" nPathComplexity="0" sequenceCoverage="0" branchCoverage="0" isConstructor="true" isStatic="false" isGetter="false" isSetter="false">
              <Summary numSequencePoints="4" visitedSequencePoints="0" numBranchPoints="1" visitedBranchPoints="0" sequenceCoverage="0" branchCoverage="0" maxCyclomaticComplexity="1" minCyclomaticComplexity="1" visitedClasses="0" numClasses="0" visitedMethods="0" numMethods="1" />
              <MetadataToken>100663317</MetadataToken>
              <Name>System.Void System.ComponentModel.DataAnnotations.CreditCardAttribute::.ctor()</Name>
              <FileRef uid="20" />
              <SequencePoints>
                <SequencePoint vc="0" uspid="575" ordinal="0" offset="0" sl="13" sc="9" el="14" ec="36" bec="0" bev="0" fileid="20" />
                <SequencePoint vc="0" uspid="576" ordinal="1" offset="7" sl="16" sc="13" el="16" ec="50" bec="0" bev="0" fileid="20" />
                <SequencePoint vc="0" uspid="577" ordinal="2" offset="16" sl="17" sc="13" el="17" ec="81" bec="0" bev="0" fileid="20" />
                <SequencePoint vc="0" uspid="578" ordinal="3" offset="27" sl="18" sc="9" el="18" ec="10" bec="0" bev="0" fileid="20" />
              </SequencePoints>
              <BranchPoints />
              <MethodPoint xsi:type="SequencePoint" vc="0" uspid="575" ordinal="0" offset="0" sl="13" sc="9" el="14" ec="36" bec="0" bev="0" fileid="20" />
            </Method>
            <Method visited="false" cyclomaticComplexity="10" nPathComplexity="64" sequenceCoverage="0" branchCoverage="0" isConstructor="false" isStatic="false" isGetter="false" isSetter="false">
              <Summary numSequencePoints="21" visitedSequencePoints="0" numBranchPoints="13" visitedBranchPoints="0" sequenceCoverage="0" branchCoverage="0" maxCyclomaticComplexity="10" minCyclomaticComplexity="10" visitedClasses="0" numClasses="0" visitedMethods="0" numMethods="1" />
              <MetadataToken>100663318</MetadataToken>
              <Name>System.ComponentModel.DataAnnotations.ValidationResult System.ComponentModel.DataAnnotations.CreditCardAttribute::IsValid(System.Object,System.ComponentModel.DataAnnotations.ValidationContext)</Name>
              <FileRef uid="20" />
              <SequencePoints>
                <SequencePoint vc="0" uspid="579" ordinal="0" offset="0" sl="22" sc="13" el="22" ec="31" bec="2" bev="0" fileid="20" />
                <SequencePoint vc="0" uspid="580" ordinal="1" offset="3" sl="24" sc="17" el="24" ec="49" bec="0" bev="0" fileid="20" />
                <SequencePoint vc="0" uspid="581" ordinal="2" offset="9" sl="27" sc="13" el="27" ec="46" bec="0" bev="0" fileid="20" />
                <SequencePoint vc="0" uspid="582" ordinal="3" offset="16" sl="28" sc="13" el="28" ec="33" bec="2" bev="0" fileid="20" />
                <SequencePoint vc="0" uspid="583" ordinal="4" offset="19" sl="30" sc="17" el="30" ec="59" bec="0" bev="0" fileid="20" />
                <SequencePoint vc="0" uspid="584" ordinal="5" offset="31" sl="32" sc="13" el="32" ec="48" bec="0" bev="0" fileid="20" />
                <SequencePoint vc="0" uspid="585" ordinal="6" offset="48" sl="33" sc="13" el="33" ec="48" bec="0" bev="0" fileid="20" />
                <SequencePoint vc="0" uspid="586" ordinal="7" offset="65" sl="35" sc="13" el="35" ec="30" bec="0" bev="0" fileid="20" />
                <SequencePoint vc="0" uspid="587" ordinal="8" offset="67" sl="36" sc="13" el="36" ec="36" bec="0" bev="0" fileid="20" />
                <SequencePoint vc="0" uspid="588" ordinal="9" offset="69" sl="39" sc="36" el="39" ec="52" bec="0" bev="0" fileid="20" />
                <SequencePoint vc="0" uspid="589" ordinal="10" offset="82" sl="39" sc="22" el="39" ec="32" bec="0" bev="0" fileid="20" />
                <SequencePoint vc="0" uspid="590" ordinal="11" offset="92" sl="41" sc="17" el="41" ec="48" bec="3" bev="0" fileid="20" />
                <SequencePoint vc="0" uspid="591" ordinal="12" offset="102" sl="43" sc="21" el="43" ec="63" bec="0" bev="0" fileid="20" />
                <SequencePoint vc="0" uspid="592" ordinal="13" offset="117" sl="46" sc="17" el="46" ec="70" bec="2" bev="0" fileid="20" />
                <SequencePoint vc="0" uspid="593" ordinal="14" offset="131" sl="47" sc="17" el="47" ec="40" bec="0" bev="0" fileid="20" />
                <SequencePoint vc="0" uspid="594" ordinal="15" offset="138" sl="51" sc="21" el="51" ec="49" bec="0" bev="0" fileid="20" />
                <SequencePoint vc="0" uspid="595" ordinal="16" offset="146" sl="52" sc="21" el="52" ec="38" bec="0" bev="0" fileid="20" />
                <SequencePoint vc="0" uspid="596" ordinal="17" offset="153" sl="49" sc="17" el="49" ec="39" bec="2" bev="0" fileid="20" />
                <SequencePoint vc="0" uspid="597" ordinal="18" offset="164" sl="39" sc="33" el="39" ec="35" bec="0" bev="0" fileid="20" />
                <SequencePoint vc="0" uspid="598" ordinal="19" offset="175" sl="56" sc="13" el="56" ec="105" bec="0" bev="0" fileid="20" />
                <SequencePoint vc="0" uspid="599" ordinal="20" offset="199" sl="57" sc="9" el="57" ec="10" bec="0" bev="0" fileid="20" />
              </SequencePoints>
              <BranchPoints>
                <BranchPoint vc="0" uspid="600" ordinal="0" offset="1" sl="22" path="0" offsetend="3" fileid="20" />
                <BranchPoint vc="0" uspid="601" ordinal="1" offset="1" sl="22" path="1" offsetend="9" fileid="20" />
                <BranchPoint vc="0" uspid="602" ordinal="2" offset="17" sl="28" path="0" offsetend="19" fileid="20" />
                <BranchPoint vc="0" uspid="603" ordinal="3" offset="17" sl="28" path="1" offsetend="31" fileid="20" />
                <BranchPoint vc="0" uspid="604" ordinal="4" offset="95" sl="41" path="0" offsetend="97" fileid="20" />
                <BranchPoint vc="0" uspid="605" ordinal="5" offset="95" sl="41" path="1" offsetend="102" fileid="20" />
                <BranchPoint vc="0" uspid="606" ordinal="6" offset="100" sl="41" path="0" offsetend="102" fileid="20" />
                <BranchPoint vc="0" uspid="607" ordinal="7" offset="100" sl="41" path="1" offsetend="117" fileid="20" />
                <BranchPoint vc="0" uspid="608" ordinal="8" offset="122" sl="46" path="0" offsetend="124" fileid="20" />
                <BranchPoint vc="0" uspid="609" ordinal="9" offset="122" sl="46" path="1" offsetend="127" fileid="20" />
                <BranchPoint vc="0" uspid="610" ordinal="10" offset="156" sl="49" path="0" offsetend="158" fileid="20" />
                <BranchPoint vc="0" uspid="611" ordinal="11" offset="156" sl="49" path="1" offsetend="138" fileid="20" />
              </BranchPoints>
              <MethodPoint xsi:type="SequencePoint" vc="0" uspid="579" ordinal="0" offset="0" sl="22" sc="13" el="22" ec="31" bec="2" bev="0" fileid="20" />
            </Method>
            <Method visited="false" cyclomaticComplexity="2" nPathComplexity="2" sequenceCoverage="0" branchCoverage="0" isConstructor="false" isStatic="true" isGetter="false" isSetter="false">
              <Summary numSequencePoints="6" visitedSequencePoints="0" numBranchPoints="3" visitedBranchPoints="0" sequenceCoverage="0" branchCoverage="0" maxCyclomaticComplexity="2" minCyclomaticComplexity="2" visitedClasses="0" numClasses="0" visitedMethods="0" numMethods="1" />
              <MetadataToken>100663319</MetadataToken>
              <Name>System.String System.ComponentModel.DataAnnotations.CreditCardAttribute::Reverse(System.String)</Name>
              <FileRef uid="20" />
              <SequencePoints>
                <SequencePoint vc="0" uspid="616" ordinal="0" offset="0" sl="61" sc="13" el="61" ec="64" bec="0" bev="0" fileid="20" />
                <SequencePoint vc="0" uspid="617" ordinal="1" offset="12" sl="62" sc="18" el="62" ec="43" bec="0" bev="0" fileid="20" />
                <SequencePoint vc="0" uspid="618" ordinal="2" offset="23" sl="64" sc="17" el="64" ec="37" bec="0" bev="0" fileid="20" />
                <SequencePoint vc="0" uspid="619" ordinal="3" offset="37" sl="62" sc="52" el="62" ec="55" bec="0" bev="0" fileid="20" />
                <SequencePoint vc="0" uspid="620" ordinal="4" offset="41" sl="62" sc="44" el="62" ec="50" bec="2" bev="0" fileid="20" />
                <SequencePoint vc="0" uspid="621" ordinal="5" offset="45" sl="66" sc="13" el="66" ec="34" bec="0" bev="0" fileid="20" />
              </SequencePoints>
              <BranchPoints>
                <BranchPoint vc="0" uspid="622" ordinal="0" offset="43" sl="62" path="0" offsetend="45" fileid="20" />
                <BranchPoint vc="0" uspid="623" ordinal="1" offset="43" sl="62" path="1" offsetend="23" fileid="20" />
              </BranchPoints>
              <MethodPoint xsi:type="SequencePoint" vc="0" uspid="616" ordinal="0" offset="0" sl="61" sc="13" el="61" ec="64" bec="0" bev="0" fileid="20" />
            </Method>
          </Methods>
        </Class>
        <Class>
          <Summary numSequencePoints="8" visitedSequencePoints="0" numBranchPoints="5" visitedBranchPoints="0" sequenceCoverage="0" branchCoverage="0" maxCyclomaticComplexity="4" minCyclomaticComplexity="1" visitedClasses="0" numClasses="1" visitedMethods="0" numMethods="3" />
          <FullName>System.ComponentModel.DataAnnotations.EmailAddressAttribute</FullName>
          <Methods>
            <Method visited="false" cyclomaticComplexity="1" nPathComplexity="0" sequenceCoverage="0" branchCoverage="0" isConstructor="true" isStatic="false" isGetter="false" isSetter="false">
              <Summary numSequencePoints="3" visitedSequencePoints="0" numBranchPoints="1" visitedBranchPoints="0" sequenceCoverage="0" branchCoverage="0" maxCyclomaticComplexity="1" minCyclomaticComplexity="1" visitedClasses="0" numClasses="0" visitedMethods="0" numMethods="1" />
              <MetadataToken>100663320</MetadataToken>
              <Name>System.Void System.ComponentModel.DataAnnotations.EmailAddressAttribute::.ctor()</Name>
              <FileRef uid="21" />
              <SequencePoints>
                <SequencePoint vc="0" uspid="624" ordinal="0" offset="0" sl="15" sc="9" el="16" ec="42" bec="0" bev="0" fileid="21" />
                <SequencePoint vc="0" uspid="625" ordinal="1" offset="8" sl="18" sc="13" el="18" ec="83" bec="0" bev="0" fileid="21" />
                <SequencePoint vc="0" uspid="626" ordinal="2" offset="19" sl="19" sc="9" el="19" ec="10" bec="0" bev="0" fileid="21" />
              </SequencePoints>
              <BranchPoints />
              <MethodPoint xsi:type="SequencePoint" vc="0" uspid="624" ordinal="0" offset="0" sl="15" sc="9" el="16" ec="42" bec="0" bev="0" fileid="21" />
            </Method>
            <Method visited="false" cyclomaticComplexity="4" nPathComplexity="2" sequenceCoverage="0" branchCoverage="0" isConstructor="false" isStatic="false" isGetter="false" isSetter="false">
              <Summary numSequencePoints="4" visitedSequencePoints="0" numBranchPoints="3" visitedBranchPoints="0" sequenceCoverage="0" branchCoverage="0" maxCyclomaticComplexity="4" minCyclomaticComplexity="4" visitedClasses="0" numClasses="0" visitedMethods="0" numMethods="1" />
              <MetadataToken>100663321</MetadataToken>
              <Name>System.ComponentModel.DataAnnotations.ValidationResult System.ComponentModel.DataAnnotations.EmailAddressAttribute::IsValid(System.Object,System.ComponentModel.DataAnnotations.ValidationContext)</Name>
              <FileRef uid="21" />
              <SequencePoints>
                <SequencePoint vc="0" uspid="627" ordinal="0" offset="0" sl="23" sc="13" el="23" ec="31" bec="2" bev="0" fileid="21" />
                <SequencePoint vc="0" uspid="628" ordinal="1" offset="3" sl="25" sc="17" el="25" ec="49" bec="0" bev="0" fileid="21" />
                <SequencePoint vc="0" uspid="629" ordinal="2" offset="9" sl="28" sc="13" el="28" ec="52" bec="0" bev="0" fileid="21" />
                <SequencePoint vc="0" uspid="630" ordinal="3" offset="16" sl="29" sc="13" el="29" ec="148" bec="0" bev="0" fileid="21" />
              </SequencePoints>
              <BranchPoints>
                <BranchPoint vc="0" uspid="631" ordinal="0" offset="1" sl="23" path="0" offsetend="3" fileid="21" />
                <BranchPoint vc="0" uspid="632" ordinal="1" offset="1" sl="23" path="1" offsetend="9" fileid="21" />
              </BranchPoints>
              <MethodPoint xsi:type="SequencePoint" vc="0" uspid="627" ordinal="0" offset="0" sl="23" sc="13" el="23" ec="31" bec="2" bev="0" fileid="21" />
            </Method>
            <Method visited="false" cyclomaticComplexity="1" nPathComplexity="0" sequenceCoverage="0" branchCoverage="0" isConstructor="true" isStatic="true" isGetter="false" isSetter="false">
              <Summary numSequencePoints="1" visitedSequencePoints="0" numBranchPoints="1" visitedBranchPoints="0" sequenceCoverage="0" branchCoverage="0" maxCyclomaticComplexity="1" minCyclomaticComplexity="1" visitedClasses="0" numClasses="0" visitedMethods="0" numMethods="1" />
              <MetadataToken>100663322</MetadataToken>
              <Name>System.Void System.ComponentModel.DataAnnotations.EmailAddressAttribute::.cctor()</Name>
              <FileRef uid="21" />
              <SequencePoints>
                <SequencePoint vc="0" uspid="637" ordinal="0" offset="0" sl="13" sc="9" el="13" ec="1015" bec="0" bev="0" fileid="21" />
              </SequencePoints>
              <BranchPoints />
              <MethodPoint xsi:type="SequencePoint" vc="0" uspid="637" ordinal="0" offset="0" sl="13" sc="9" el="13" ec="1015" bec="0" bev="0" fileid="21" />
            </Method>
          </Methods>
        </Class>
        <Class>
          <Summary numSequencePoints="22" visitedSequencePoints="0" numBranchPoints="16" visitedBranchPoints="0" sequenceCoverage="0" branchCoverage="0" maxCyclomaticComplexity="5" minCyclomaticComplexity="1" visitedClasses="0" numClasses="1" visitedMethods="0" numMethods="8" />
          <FullName>System.ComponentModel.DataAnnotations.MaxLengthAttribute</FullName>
          <Methods>
            <Method visited="false" cyclomaticComplexity="1" nPathComplexity="0" sequenceCoverage="0" branchCoverage="0" isConstructor="false" isStatic="false" isGetter="true" isSetter="false">
              <Summary numSequencePoints="0" visitedSequencePoints="0" numBranchPoints="0" visitedBranchPoints="0" sequenceCoverage="0" branchCoverage="0" maxCyclomaticComplexity="1" minCyclomaticComplexity="1" visitedClasses="0" numClasses="0" visitedMethods="0" numMethods="0" />
              <MetadataToken>100663323</MetadataToken>
              <Name>System.Int32 System.ComponentModel.DataAnnotations.MaxLengthAttribute::get_Length()</Name>
              <SequencePoints />
              <BranchPoints />
              <MethodPoint vc="0" uspid="638" ordinal="0" offset="0" />
            </Method>
            <Method visited="false" cyclomaticComplexity="1" nPathComplexity="0" sequenceCoverage="0" branchCoverage="0" isConstructor="false" isStatic="false" isGetter="false" isSetter="true">
              <Summary numSequencePoints="0" visitedSequencePoints="0" numBranchPoints="0" visitedBranchPoints="0" sequenceCoverage="0" branchCoverage="0" maxCyclomaticComplexity="1" minCyclomaticComplexity="1" visitedClasses="0" numClasses="0" visitedMethods="0" numMethods="0" />
              <MetadataToken>100663324</MetadataToken>
              <Name>System.Void System.ComponentModel.DataAnnotations.MaxLengthAttribute::set_Length(System.Int32)</Name>
              <SequencePoints />
              <BranchPoints />
              <MethodPoint vc="0" uspid="639" ordinal="0" offset="0" />
            </Method>
            <Method visited="false" cyclomaticComplexity="1" nPathComplexity="0" sequenceCoverage="0" branchCoverage="0" isConstructor="false" isStatic="true" isGetter="true" isSetter="false">
              <Summary numSequencePoints="1" visitedSequencePoints="0" numBranchPoints="1" visitedBranchPoints="0" sequenceCoverage="0" branchCoverage="0" maxCyclomaticComplexity="1" minCyclomaticComplexity="1" visitedClasses="0" numClasses="0" visitedMethods="0" numMethods="1" />
              <MetadataToken>100663327</MetadataToken>
              <Name>System.String System.ComponentModel.DataAnnotations.MaxLengthAttribute::get_DefaultErrorMessageString()</Name>
              <FileRef uid="22" />
              <SequencePoints>
                <SequencePoint vc="0" uspid="640" ordinal="0" offset="0" sl="46" sc="19" el="46" ec="86" bec="0" bev="0" fileid="22" />
              </SequencePoints>
              <BranchPoints />
              <MethodPoint xsi:type="SequencePoint" vc="0" uspid="640" ordinal="0" offset="0" sl="46" sc="19" el="46" ec="86" bec="0" bev="0" fileid="22" />
            </Method>
            <Method visited="false" cyclomaticComplexity="2" nPathComplexity="0" sequenceCoverage="0" branchCoverage="0" isConstructor="true" isStatic="false" isGetter="false" isSetter="false">
              <Summary numSequencePoints="3" visitedSequencePoints="0" numBranchPoints="1" visitedBranchPoints="0" sequenceCoverage="0" branchCoverage="0" maxCyclomaticComplexity="2" minCyclomaticComplexity="2" visitedClasses="0" numClasses="0" visitedMethods="0" numMethods="1" />
              <MetadataToken>100663325</MetadataToken>
              <Name>System.Void System.ComponentModel.DataAnnotations.MaxLengthAttribute::.ctor(System.Int32)</Name>
              <FileRef uid="22" />
              <SequencePoints>
                <SequencePoint vc="0" uspid="641" ordinal="0" offset="0" sl="28" sc="9" el="29" ec="52" bec="0" bev="0" fileid="22" />
                <SequencePoint vc="0" uspid="642" ordinal="1" offset="35" sl="31" sc="13" el="31" ec="29" bec="0" bev="0" fileid="22" />
                <SequencePoint vc="0" uspid="643" ordinal="2" offset="42" sl="32" sc="9" el="32" ec="10" bec="0" bev="0" fileid="22" />
              </SequencePoints>
              <BranchPoints />
              <MethodPoint xsi:type="SequencePoint" vc="0" uspid="641" ordinal="0" offset="0" sl="28" sc="9" el="29" ec="52" bec="0" bev="0" fileid="22" />
            </Method>
            <Method visited="false" cyclomaticComplexity="2" nPathComplexity="0" sequenceCoverage="0" branchCoverage="0" isConstructor="true" isStatic="false" isGetter="false" isSetter="false">
              <Summary numSequencePoints="3" visitedSequencePoints="0" numBranchPoints="1" visitedBranchPoints="0" sequenceCoverage="0" branchCoverage="0" maxCyclomaticComplexity="2" minCyclomaticComplexity="2" visitedClasses="0" numClasses="0" visitedMethods="0" numMethods="1" />
              <MetadataToken>100663326</MetadataToken>
              <Name>System.Void System.ComponentModel.DataAnnotations.MaxLengthAttribute::.ctor()</Name>
              <FileRef uid="22" />
              <SequencePoints>
                <SequencePoint vc="0" uspid="646" ordinal="0" offset="0" sl="38" sc="9" el="39" ec="52" bec="0" bev="0" fileid="22" />
                <SequencePoint vc="0" uspid="647" ordinal="1" offset="35" sl="41" sc="13" el="41" ec="41" bec="0" bev="0" fileid="22" />
                <SequencePoint vc="0" uspid="648" ordinal="2" offset="42" sl="42" sc="9" el="42" ec="10" bec="0" bev="0" fileid="22" />
              </SequencePoints>
              <BranchPoints />
              <MethodPoint xsi:type="SequencePoint" vc="0" uspid="646" ordinal="0" offset="0" sl="38" sc="9" el="39" ec="52" bec="0" bev="0" fileid="22" />
            </Method>
            <Method visited="false" cyclomaticComplexity="5" nPathComplexity="4" sequenceCoverage="0" branchCoverage="0" isConstructor="false" isStatic="false" isGetter="false" isSetter="false">
              <Summary numSequencePoints="9" visitedSequencePoints="0" numBranchPoints="5" visitedBranchPoints="0" sequenceCoverage="0" branchCoverage="0" maxCyclomaticComplexity="5" minCyclomaticComplexity="5" visitedClasses="0" numClasses="0" visitedMethods="0" numMethods="1" />
              <MetadataToken>100663328</MetadataToken>
              <Name>System.ComponentModel.DataAnnotations.ValidationResult System.ComponentModel.DataAnnotations.MaxLengthAttribute::IsValid(System.Object,System.ComponentModel.DataAnnotations.ValidationContext)</Name>
              <FileRef uid="22" />
              <SequencePoints>
                <SequencePoint vc="0" uspid="651" ordinal="0" offset="0" sl="62" sc="13" el="62" ec="34" bec="0" bev="0" fileid="22" />
                <SequencePoint vc="0" uspid="652" ordinal="1" offset="6" sl="64" sc="13" el="64" ec="28" bec="0" bev="0" fileid="22" />
                <SequencePoint vc="0" uspid="653" ordinal="2" offset="8" sl="66" sc="13" el="66" ec="31" bec="2" bev="0" fileid="22" />
                <SequencePoint vc="0" uspid="654" ordinal="3" offset="11" sl="68" sc="17" el="68" ec="49" bec="0" bev="0" fileid="22" />
                <SequencePoint vc="0" uspid="655" ordinal="4" offset="17" sl="72" sc="17" el="72" ec="43" bec="0" bev="0" fileid="22" />
                <SequencePoint vc="0" uspid="656" ordinal="5" offset="24" sl="73" sc="17" el="73" ec="33" bec="2" bev="0" fileid="22" />
                <SequencePoint vc="0" uspid="657" ordinal="6" offset="27" sl="75" sc="21" el="75" ec="41" bec="0" bev="0" fileid="22" />
                <SequencePoint vc="0" uspid="658" ordinal="7" offset="36" sl="80" sc="21" el="80" ec="52" bec="0" bev="0" fileid="22" />
                <SequencePoint vc="0" uspid="659" ordinal="8" offset="48" sl="84" sc="13" el="84" ec="169" bec="0" bev="0" fileid="22" />
              </SequencePoints>
              <BranchPoints>
                <BranchPoint vc="0" uspid="660" ordinal="0" offset="9" sl="66" path="0" offsetend="11" fileid="22" />
                <BranchPoint vc="0" uspid="661" ordinal="1" offset="9" sl="66" path="1" offsetend="17" fileid="22" />
                <BranchPoint vc="0" uspid="662" ordinal="2" offset="25" sl="73" path="0" offsetend="27" fileid="22" />
                <BranchPoint vc="0" uspid="663" ordinal="3" offset="25" sl="73" path="1" offsetend="36" fileid="22" />
              </BranchPoints>
              <MethodPoint xsi:type="SequencePoint" vc="0" uspid="651" ordinal="0" offset="0" sl="62" sc="13" el="62" ec="34" bec="0" bev="0" fileid="22" />
            </Method>
            <Method visited="false" cyclomaticComplexity="1" nPathComplexity="0" sequenceCoverage="0" branchCoverage="0" isConstructor="false" isStatic="false" isGetter="false" isSetter="false">
              <Summary numSequencePoints="1" visitedSequencePoints="0" numBranchPoints="1" visitedBranchPoints="0" sequenceCoverage="0" branchCoverage="0" maxCyclomaticComplexity="1" minCyclomaticComplexity="1" visitedClasses="0" numClasses="0" visitedMethods="0" numMethods="1" />
              <MetadataToken>100663329</MetadataToken>
              <Name>System.String System.ComponentModel.DataAnnotations.MaxLengthAttribute::FormatErrorMessage(System.String)</Name>
              <FileRef uid="22" />
              <SequencePoints>
                <SequencePoint vc="0" uspid="668" ordinal="0" offset="0" sl="95" sc="13" el="95" ec="96" bec="0" bev="0" fileid="22" />
              </SequencePoints>
              <BranchPoints />
              <MethodPoint xsi:type="SequencePoint" vc="0" uspid="668" ordinal="0" offset="0" sl="95" sc="13" el="95" ec="96" bec="0" bev="0" fileid="22" />
            </Method>
            <Method visited="false" cyclomaticComplexity="3" nPathComplexity="4" sequenceCoverage="0" branchCoverage="0" isConstructor="false" isStatic="false" isGetter="false" isSetter="false">
              <Summary numSequencePoints="3" visitedSequencePoints="0" numBranchPoints="5" visitedBranchPoints="0" sequenceCoverage="0" branchCoverage="0" maxCyclomaticComplexity="3" minCyclomaticComplexity="3" visitedClasses="0" numClasses="0" visitedMethods="0" numMethods="1" />
              <MetadataToken>100663330</MetadataToken>
              <Name>System.Void System.ComponentModel.DataAnnotations.MaxLengthAttribute::EnsureLegalLengths()</Name>
              <FileRef uid="22" />
              <SequencePoints>
                <SequencePoint vc="0" uspid="669" ordinal="0" offset="0" sl="104" sc="13" el="104" ec="44" bec="3" bev="0" fileid="22" />
                <SequencePoint vc="0" uspid="670" ordinal="1" offset="17" sl="106" sc="17" el="106" ec="158" bec="0" bev="0" fileid="22" />
                <SequencePoint vc="0" uspid="671" ordinal="2" offset="44" sl="108" sc="9" el="108" ec="10" bec="0" bev="0" fileid="22" />
              </SequencePoints>
              <BranchPoints>
                <BranchPoint vc="0" uspid="672" ordinal="0" offset="6" sl="104" path="0" offsetend="8" fileid="22" />
                <BranchPoint vc="0" uspid="673" ordinal="1" offset="6" sl="104" path="1" offsetend="17" fileid="22" />
                <BranchPoint vc="0" uspid="674" ordinal="2" offset="15" sl="104" path="0" offsetend="17" fileid="22" />
                <BranchPoint vc="0" uspid="675" ordinal="3" offset="15" sl="104" path="1" offsetend="44" fileid="22" />
              </BranchPoints>
              <MethodPoint xsi:type="SequencePoint" vc="0" uspid="669" ordinal="0" offset="0" sl="104" sc="13" el="104" ec="44" bec="3" bev="0" fileid="22" />
            </Method>
            <Method visited="false" cyclomaticComplexity="1" nPathComplexity="0" sequenceCoverage="0" branchCoverage="0" isConstructor="false" isStatic="true" isGetter="false" isSetter="false">
              <Summary numSequencePoints="1" visitedSequencePoints="0" numBranchPoints="1" visitedBranchPoints="0" sequenceCoverage="0" branchCoverage="0" maxCyclomaticComplexity="1" minCyclomaticComplexity="1" visitedClasses="0" numClasses="0" visitedMethods="0" numMethods="1" />
              <MetadataToken>100663331</MetadataToken>
              <Name>System.String System.ComponentModel.DataAnnotations.MaxLengthAttribute::&lt;.ctor&gt;b__0()</Name>
              <FileRef uid="22" />
              <SequencePoints>
                <SequencePoint vc="0" uspid="676" ordinal="0" offset="0" sl="29" sc="26" el="29" ec="51" bec="0" bev="0" fileid="22" />
              </SequencePoints>
              <BranchPoints />
              <MethodPoint xsi:type="SequencePoint" vc="0" uspid="676" ordinal="0" offset="0" sl="29" sc="26" el="29" ec="51" bec="0" bev="0" fileid="22" />
            </Method>
            <Method visited="false" cyclomaticComplexity="1" nPathComplexity="0" sequenceCoverage="0" branchCoverage="0" isConstructor="false" isStatic="true" isGetter="false" isSetter="false">
              <Summary numSequencePoints="1" visitedSequencePoints="0" numBranchPoints="1" visitedBranchPoints="0" sequenceCoverage="0" branchCoverage="0" maxCyclomaticComplexity="1" minCyclomaticComplexity="1" visitedClasses="0" numClasses="0" visitedMethods="0" numMethods="1" />
              <MetadataToken>100663332</MetadataToken>
              <Name>System.String System.ComponentModel.DataAnnotations.MaxLengthAttribute::&lt;.ctor&gt;b__2()</Name>
              <FileRef uid="22" />
              <SequencePoints>
                <SequencePoint vc="0" uspid="677" ordinal="0" offset="0" sl="39" sc="26" el="39" ec="51" bec="0" bev="0" fileid="22" />
              </SequencePoints>
              <BranchPoints />
              <MethodPoint xsi:type="SequencePoint" vc="0" uspid="677" ordinal="0" offset="0" sl="39" sc="26" el="39" ec="51" bec="0" bev="0" fileid="22" />
            </Method>
          </Methods>
        </Class>
        <Class>
          <Summary numSequencePoints="16" visitedSequencePoints="0" numBranchPoints="10" visitedBranchPoints="0" sequenceCoverage="0" branchCoverage="0" maxCyclomaticComplexity="4" minCyclomaticComplexity="1" visitedClasses="0" numClasses="1" visitedMethods="0" numMethods="4" />
          <FullName>System.ComponentModel.DataAnnotations.MinLengthAttribute</FullName>
          <Methods>
            <Method visited="false" cyclomaticComplexity="1" nPathComplexity="0" sequenceCoverage="0" branchCoverage="0" isConstructor="false" isStatic="false" isGetter="true" isSetter="false">
              <Summary numSequencePoints="0" visitedSequencePoints="0" numBranchPoints="0" visitedBranchPoints="0" sequenceCoverage="0" branchCoverage="0" maxCyclomaticComplexity="1" minCyclomaticComplexity="1" visitedClasses="0" numClasses="0" visitedMethods="0" numMethods="0" />
              <MetadataToken>100663333</MetadataToken>
              <Name>System.Int32 System.ComponentModel.DataAnnotations.MinLengthAttribute::get_Length()</Name>
              <SequencePoints />
              <BranchPoints />
              <MethodPoint vc="0" uspid="678" ordinal="0" offset="0" />
            </Method>
            <Method visited="false" cyclomaticComplexity="1" nPathComplexity="0" sequenceCoverage="0" branchCoverage="0" isConstructor="false" isStatic="false" isGetter="false" isSetter="true">
              <Summary numSequencePoints="0" visitedSequencePoints="0" numBranchPoints="0" visitedBranchPoints="0" sequenceCoverage="0" branchCoverage="0" maxCyclomaticComplexity="1" minCyclomaticComplexity="1" visitedClasses="0" numClasses="0" visitedMethods="0" numMethods="0" />
              <MetadataToken>100663334</MetadataToken>
              <Name>System.Void System.ComponentModel.DataAnnotations.MinLengthAttribute::set_Length(System.Int32)</Name>
              <SequencePoints />
              <BranchPoints />
              <MethodPoint vc="0" uspid="679" ordinal="0" offset="0" />
            </Method>
            <Method visited="false" cyclomaticComplexity="1" nPathComplexity="0" sequenceCoverage="0" branchCoverage="0" isConstructor="true" isStatic="false" isGetter="false" isSetter="false">
              <Summary numSequencePoints="3" visitedSequencePoints="0" numBranchPoints="1" visitedBranchPoints="0" sequenceCoverage="0" branchCoverage="0" maxCyclomaticComplexity="1" minCyclomaticComplexity="1" visitedClasses="0" numClasses="0" visitedMethods="0" numMethods="1" />
              <MetadataToken>100663335</MetadataToken>
              <Name>System.Void System.ComponentModel.DataAnnotations.MinLengthAttribute::.ctor(System.Int32)</Name>
              <FileRef uid="23" />
              <SequencePoints>
                <SequencePoint vc="0" uspid="680" ordinal="0" offset="0" sl="26" sc="9" el="27" ec="80" bec="0" bev="0" fileid="23" />
                <SequencePoint vc="0" uspid="681" ordinal="1" offset="11" sl="29" sc="13" el="29" ec="29" bec="0" bev="0" fileid="23" />
                <SequencePoint vc="0" uspid="682" ordinal="2" offset="18" sl="30" sc="9" el="30" ec="10" bec="0" bev="0" fileid="23" />
              </SequencePoints>
              <BranchPoints />
              <MethodPoint xsi:type="SequencePoint" vc="0" uspid="680" ordinal="0" offset="0" sl="26" sc="9" el="27" ec="80" bec="0" bev="0" fileid="23" />
            </Method>
            <Method visited="false" cyclomaticComplexity="4" nPathComplexity="4" sequenceCoverage="0" branchCoverage="0" isConstructor="false" isStatic="false" isGetter="false" isSetter="false">
              <Summary numSequencePoints="9" visitedSequencePoints="0" numBranchPoints="5" visitedBranchPoints="0" sequenceCoverage="0" branchCoverage="0" maxCyclomaticComplexity="4" minCyclomaticComplexity="4" visitedClasses="0" numClasses="0" visitedMethods="0" numMethods="1" />
              <MetadataToken>100663336</MetadataToken>
              <Name>System.ComponentModel.DataAnnotations.ValidationResult System.ComponentModel.DataAnnotations.MinLengthAttribute::IsValid(System.Object,System.ComponentModel.DataAnnotations.ValidationContext)</Name>
              <FileRef uid="23" />
              <SequencePoints>
                <SequencePoint vc="0" uspid="683" ordinal="0" offset="0" sl="45" sc="13" el="45" ec="34" bec="0" bev="0" fileid="23" />
                <SequencePoint vc="0" uspid="684" ordinal="1" offset="6" sl="47" sc="13" el="47" ec="28" bec="0" bev="0" fileid="23" />
                <SequencePoint vc="0" uspid="685" ordinal="2" offset="8" sl="49" sc="13" el="49" ec="31" bec="2" bev="0" fileid="23" />
                <SequencePoint vc="0" uspid="686" ordinal="3" offset="11" sl="51" sc="17" el="51" ec="49" bec="0" bev="0" fileid="23" />
                <SequencePoint vc="0" uspid="687" ordinal="4" offset="17" sl="55" sc="17" el="55" ec="43" bec="0" bev="0" fileid="23" />
                <SequencePoint vc="0" uspid="688" ordinal="5" offset="24" sl="56" sc="17" el="56" ec="33" bec="2" bev="0" fileid="23" />
                <SequencePoint vc="0" uspid="689" ordinal="6" offset="27" sl="58" sc="21" el="58" ec="41" bec="0" bev="0" fileid="23" />
                <SequencePoint vc="0" uspid="690" ordinal="7" offset="36" sl="63" sc="21" el="63" ec="52" bec="0" bev="0" fileid="23" />
                <SequencePoint vc="0" uspid="691" ordinal="8" offset="48" sl="67" sc="13" el="67" ec="137" bec="0" bev="0" fileid="23" />
              </SequencePoints>
              <BranchPoints>
                <BranchPoint vc="0" uspid="692" ordinal="0" offset="9" sl="49" path="0" offsetend="11" fileid="23" />
                <BranchPoint vc="0" uspid="693" ordinal="1" offset="9" sl="49" path="1" offsetend="17" fileid="23" />
                <BranchPoint vc="0" uspid="694" ordinal="2" offset="25" sl="56" path="0" offsetend="27" fileid="23" />
                <BranchPoint vc="0" uspid="695" ordinal="3" offset="25" sl="56" path="1" offsetend="36" fileid="23" />
              </BranchPoints>
              <MethodPoint xsi:type="SequencePoint" vc="0" uspid="683" ordinal="0" offset="0" sl="45" sc="13" el="45" ec="34" bec="0" bev="0" fileid="23" />
            </Method>
            <Method visited="false" cyclomaticComplexity="1" nPathComplexity="0" sequenceCoverage="0" branchCoverage="0" isConstructor="false" isStatic="false" isGetter="false" isSetter="false">
              <Summary numSequencePoints="1" visitedSequencePoints="0" numBranchPoints="1" visitedBranchPoints="0" sequenceCoverage="0" branchCoverage="0" maxCyclomaticComplexity="1" minCyclomaticComplexity="1" visitedClasses="0" numClasses="0" visitedMethods="0" numMethods="1" />
              <MetadataToken>100663337</MetadataToken>
              <Name>System.String System.ComponentModel.DataAnnotations.MinLengthAttribute::FormatErrorMessage(System.String)</Name>
              <FileRef uid="23" />
              <SequencePoints>
                <SequencePoint vc="0" uspid="698" ordinal="0" offset="0" sl="78" sc="13" el="78" ec="96" bec="0" bev="0" fileid="23" />
              </SequencePoints>
              <BranchPoints />
              <MethodPoint xsi:type="SequencePoint" vc="0" uspid="698" ordinal="0" offset="0" sl="78" sc="13" el="78" ec="96" bec="0" bev="0" fileid="23" />
            </Method>
            <Method visited="false" cyclomaticComplexity="2" nPathComplexity="2" sequenceCoverage="0" branchCoverage="0" isConstructor="false" isStatic="false" isGetter="false" isSetter="false">
              <Summary numSequencePoints="3" visitedSequencePoints="0" numBranchPoints="3" visitedBranchPoints="0" sequenceCoverage="0" branchCoverage="0" maxCyclomaticComplexity="2" minCyclomaticComplexity="2" visitedClasses="0" numClasses="0" visitedMethods="0" numMethods="1" />
              <MetadataToken>100663338</MetadataToken>
              <Name>System.Void System.ComponentModel.DataAnnotations.MinLengthAttribute::EnsureLegalLengths()</Name>
              <FileRef uid="23" />
              <SequencePoints>
                <SequencePoint vc="0" uspid="699" ordinal="0" offset="0" sl="87" sc="13" el="87" ec="28" bec="2" bev="0" fileid="23" />
                <SequencePoint vc="0" uspid="700" ordinal="1" offset="9" sl="89" sc="17" el="89" ec="158" bec="0" bev="0" fileid="23" />
                <SequencePoint vc="0" uspid="701" ordinal="2" offset="36" sl="91" sc="9" el="91" ec="10" bec="0" bev="0" fileid="23" />
              </SequencePoints>
              <BranchPoints>
                <BranchPoint vc="0" uspid="702" ordinal="0" offset="7" sl="87" path="0" offsetend="9" fileid="23" />
                <BranchPoint vc="0" uspid="703" ordinal="1" offset="7" sl="87" path="1" offsetend="36" fileid="23" />
              </BranchPoints>
              <MethodPoint xsi:type="SequencePoint" vc="0" uspid="699" ordinal="0" offset="0" sl="87" sc="13" el="87" ec="28" bec="2" bev="0" fileid="23" />
            </Method>
          </Methods>
        </Class>
        <Class>
          <Summary numSequencePoints="8" visitedSequencePoints="0" numBranchPoints="5" visitedBranchPoints="0" sequenceCoverage="0" branchCoverage="0" maxCyclomaticComplexity="4" minCyclomaticComplexity="1" visitedClasses="0" numClasses="1" visitedMethods="0" numMethods="3" />
          <FullName>System.ComponentModel.DataAnnotations.PhoneAttribute</FullName>
          <Methods>
            <Method visited="false" cyclomaticComplexity="1" nPathComplexity="0" sequenceCoverage="0" branchCoverage="0" isConstructor="true" isStatic="false" isGetter="false" isSetter="false">
              <Summary numSequencePoints="3" visitedSequencePoints="0" numBranchPoints="1" visitedBranchPoints="0" sequenceCoverage="0" branchCoverage="0" maxCyclomaticComplexity="1" minCyclomaticComplexity="1" visitedClasses="0" numClasses="0" visitedMethods="0" numMethods="1" />
              <MetadataToken>100663339</MetadataToken>
              <Name>System.Void System.ComponentModel.DataAnnotations.PhoneAttribute::.ctor()</Name>
              <FileRef uid="24" />
              <SequencePoints>
                <SequencePoint vc="0" uspid="704" ordinal="0" offset="0" sl="13" sc="9" el="14" ec="41" bec="0" bev="0" fileid="24" />
                <SequencePoint vc="0" uspid="705" ordinal="1" offset="7" sl="16" sc="13" el="16" ec="76" bec="0" bev="0" fileid="24" />
                <SequencePoint vc="0" uspid="706" ordinal="2" offset="18" sl="17" sc="9" el="17" ec="10" bec="0" bev="0" fileid="24" />
              </SequencePoints>
              <BranchPoints />
              <MethodPoint xsi:type="SequencePoint" vc="0" uspid="704" ordinal="0" offset="0" sl="13" sc="9" el="14" ec="41" bec="0" bev="0" fileid="24" />
            </Method>
            <Method visited="false" cyclomaticComplexity="4" nPathComplexity="2" sequenceCoverage="0" branchCoverage="0" isConstructor="false" isStatic="false" isGetter="false" isSetter="false">
              <Summary numSequencePoints="4" visitedSequencePoints="0" numBranchPoints="3" visitedBranchPoints="0" sequenceCoverage="0" branchCoverage="0" maxCyclomaticComplexity="4" minCyclomaticComplexity="4" visitedClasses="0" numClasses="0" visitedMethods="0" numMethods="1" />
              <MetadataToken>100663340</MetadataToken>
              <Name>System.ComponentModel.DataAnnotations.ValidationResult System.ComponentModel.DataAnnotations.PhoneAttribute::IsValid(System.Object,System.ComponentModel.DataAnnotations.ValidationContext)</Name>
              <FileRef uid="24" />
              <SequencePoints>
                <SequencePoint vc="0" uspid="707" ordinal="0" offset="0" sl="21" sc="13" el="21" ec="31" bec="2" bev="0" fileid="24" />
                <SequencePoint vc="0" uspid="708" ordinal="1" offset="3" sl="23" sc="17" el="23" ec="49" bec="0" bev="0" fileid="24" />
                <SequencePoint vc="0" uspid="709" ordinal="2" offset="9" sl="26" sc="13" el="26" ec="52" bec="0" bev="0" fileid="24" />
                <SequencePoint vc="0" uspid="710" ordinal="3" offset="16" sl="27" sc="13" el="27" ec="148" bec="0" bev="0" fileid="24" />
              </SequencePoints>
              <BranchPoints>
                <BranchPoint vc="0" uspid="711" ordinal="0" offset="1" sl="21" path="0" offsetend="3" fileid="24" />
                <BranchPoint vc="0" uspid="712" ordinal="1" offset="1" sl="21" path="1" offsetend="9" fileid="24" />
              </BranchPoints>
              <MethodPoint xsi:type="SequencePoint" vc="0" uspid="707" ordinal="0" offset="0" sl="21" sc="13" el="21" ec="31" bec="2" bev="0" fileid="24" />
            </Method>
            <Method visited="false" cyclomaticComplexity="1" nPathComplexity="0" sequenceCoverage="0" branchCoverage="0" isConstructor="true" isStatic="true" isGetter="false" isSetter="false">
              <Summary numSequencePoints="1" visitedSequencePoints="0" numBranchPoints="1" visitedBranchPoints="0" sequenceCoverage="0" branchCoverage="0" maxCyclomaticComplexity="1" minCyclomaticComplexity="1" visitedClasses="0" numClasses="0" visitedMethods="0" numMethods="1" />
              <MetadataToken>100663341</MetadataToken>
              <Name>System.Void System.ComponentModel.DataAnnotations.PhoneAttribute::.cctor()</Name>
              <FileRef uid="24" />
              <SequencePoints>
                <SequencePoint vc="0" uspid="717" ordinal="0" offset="0" sl="11" sc="9" el="11" ec="222" bec="0" bev="0" fileid="24" />
              </SequencePoints>
              <BranchPoints />
              <MethodPoint xsi:type="SequencePoint" vc="0" uspid="717" ordinal="0" offset="0" sl="11" sc="9" el="11" ec="222" bec="0" bev="0" fileid="24" />
            </Method>
          </Methods>
        </Class>
        <Class>
          <Summary numSequencePoints="8" visitedSequencePoints="0" numBranchPoints="5" visitedBranchPoints="0" sequenceCoverage="0" branchCoverage="0" maxCyclomaticComplexity="4" minCyclomaticComplexity="1" visitedClasses="0" numClasses="1" visitedMethods="0" numMethods="3" />
          <FullName>System.ComponentModel.DataAnnotations.UrlAttribute</FullName>
          <Methods>
            <Method visited="false" cyclomaticComplexity="1" nPathComplexity="0" sequenceCoverage="0" branchCoverage="0" isConstructor="true" isStatic="false" isGetter="false" isSetter="false">
              <Summary numSequencePoints="3" visitedSequencePoints="0" numBranchPoints="1" visitedBranchPoints="0" sequenceCoverage="0" branchCoverage="0" maxCyclomaticComplexity="1" minCyclomaticComplexity="1" visitedClasses="0" numClasses="0" visitedMethods="0" numMethods="1" />
              <MetadataToken>100663342</MetadataToken>
              <Name>System.Void System.ComponentModel.DataAnnotations.UrlAttribute::.ctor()</Name>
              <FileRef uid="25" />
              <SequencePoints>
                <SequencePoint vc="0" uspid="718" ordinal="0" offset="0" sl="15" sc="9" el="16" ec="33" bec="0" bev="0" fileid="25" />
                <SequencePoint vc="0" uspid="719" ordinal="1" offset="8" sl="18" sc="13" el="18" ec="74" bec="0" bev="0" fileid="25" />
                <SequencePoint vc="0" uspid="720" ordinal="2" offset="19" sl="19" sc="9" el="19" ec="10" bec="0" bev="0" fileid="25" />
              </SequencePoints>
              <BranchPoints />
              <MethodPoint xsi:type="SequencePoint" vc="0" uspid="718" ordinal="0" offset="0" sl="15" sc="9" el="16" ec="33" bec="0" bev="0" fileid="25" />
            </Method>
            <Method visited="false" cyclomaticComplexity="4" nPathComplexity="2" sequenceCoverage="0" branchCoverage="0" isConstructor="false" isStatic="false" isGetter="false" isSetter="false">
              <Summary numSequencePoints="4" visitedSequencePoints="0" numBranchPoints="3" visitedBranchPoints="0" sequenceCoverage="0" branchCoverage="0" maxCyclomaticComplexity="4" minCyclomaticComplexity="4" visitedClasses="0" numClasses="0" visitedMethods="0" numMethods="1" />
              <MetadataToken>100663343</MetadataToken>
              <Name>System.ComponentModel.DataAnnotations.ValidationResult System.ComponentModel.DataAnnotations.UrlAttribute::IsValid(System.Object,System.ComponentModel.DataAnnotations.ValidationContext)</Name>
              <FileRef uid="25" />
              <SequencePoints>
                <SequencePoint vc="0" uspid="721" ordinal="0" offset="0" sl="23" sc="13" el="23" ec="31" bec="2" bev="0" fileid="25" />
                <SequencePoint vc="0" uspid="722" ordinal="1" offset="3" sl="25" sc="17" el="25" ec="49" bec="0" bev="0" fileid="25" />
                <SequencePoint vc="0" uspid="723" ordinal="2" offset="9" sl="28" sc="13" el="28" ec="52" bec="0" bev="0" fileid="25" />
                <SequencePoint vc="0" uspid="724" ordinal="3" offset="16" sl="29" sc="13" el="29" ec="148" bec="0" bev="0" fileid="25" />
              </SequencePoints>
              <BranchPoints>
                <BranchPoint vc="0" uspid="725" ordinal="0" offset="1" sl="23" path="0" offsetend="3" fileid="25" />
                <BranchPoint vc="0" uspid="726" ordinal="1" offset="1" sl="23" path="1" offsetend="9" fileid="25" />
              </BranchPoints>
              <MethodPoint xsi:type="SequencePoint" vc="0" uspid="721" ordinal="0" offset="0" sl="23" sc="13" el="23" ec="31" bec="2" bev="0" fileid="25" />
            </Method>
            <Method visited="false" cyclomaticComplexity="1" nPathComplexity="0" sequenceCoverage="0" branchCoverage="0" isConstructor="true" isStatic="true" isGetter="false" isSetter="false">
              <Summary numSequencePoints="1" visitedSequencePoints="0" numBranchPoints="1" visitedBranchPoints="0" sequenceCoverage="0" branchCoverage="0" maxCyclomaticComplexity="1" minCyclomaticComplexity="1" visitedClasses="0" numClasses="0" visitedMethods="0" numMethods="1" />
              <MetadataToken>100663344</MetadataToken>
              <Name>System.Void System.ComponentModel.DataAnnotations.UrlAttribute::.cctor()</Name>
              <FileRef uid="25" />
              <SequencePoints>
                <SequencePoint vc="0" uspid="731" ordinal="0" offset="0" sl="13" sc="9" el="13" ec="1296" bec="0" bev="0" fileid="25" />
              </SequencePoints>
              <BranchPoints />
              <MethodPoint xsi:type="SequencePoint" vc="0" uspid="731" ordinal="0" offset="0" sl="13" sc="9" el="13" ec="1296" bec="0" bev="0" fileid="25" />
            </Method>
          </Methods>
        </Class>
        <Class>
          <Summary numSequencePoints="61" visitedSequencePoints="0" numBranchPoints="58" visitedBranchPoints="0" sequenceCoverage="0" branchCoverage="0" maxCyclomaticComplexity="2" minCyclomaticComplexity="1" visitedClasses="0" numClasses="1" visitedMethods="0" numMethods="56" />
          <FullName>System.ComponentModel.DataAnnotations.Resources.DataAnnotationsResources</FullName>
          <Methods>
            <Method visited="false" cyclomaticComplexity="2" nPathComplexity="2" sequenceCoverage="0" branchCoverage="0" isConstructor="false" isStatic="true" isGetter="true" isSetter="false">
              <Summary numSequencePoints="4" visitedSequencePoints="0" numBranchPoints="3" visitedBranchPoints="0" sequenceCoverage="0" branchCoverage="0" maxCyclomaticComplexity="2" minCyclomaticComplexity="2" visitedClasses="0" numClasses="0" visitedMethods="0" numMethods="1" />
              <MetadataToken>100663346</MetadataToken>
              <Name>System.Resources.ResourceManager System.ComponentModel.DataAnnotations.Resources.DataAnnotationsResources::get_ResourceManager()</Name>
              <FileRef uid="26" />
              <SequencePoints>
                <SequencePoint vc="0" uspid="732" ordinal="0" offset="0" sl="41" sc="17" el="41" ec="63" bec="2" bev="0" fileid="26" />
                <SequencePoint vc="0" uspid="733" ordinal="1" offset="13" sl="42" sc="21" el="42" ec="233" bec="0" bev="0" fileid="26" />
                <SequencePoint vc="0" uspid="734" ordinal="2" offset="39" sl="43" sc="21" el="43" ec="40" bec="0" bev="0" fileid="26" />
                <SequencePoint vc="0" uspid="735" ordinal="3" offset="45" sl="45" sc="17" el="45" ec="36" bec="0" bev="0" fileid="26" />
              </SequencePoints>
              <BranchPoints>
                <BranchPoint vc="0" uspid="736" ordinal="0" offset="11" sl="41" path="0" offsetend="13" fileid="26" />
                <BranchPoint vc="0" uspid="737" ordinal="1" offset="11" sl="41" path="1" offsetend="45" fileid="26" />
              </BranchPoints>
              <MethodPoint xsi:type="SequencePoint" vc="0" uspid="732" ordinal="0" offset="0" sl="41" sc="17" el="41" ec="63" bec="2" bev="0" fileid="26" />
            </Method>
            <Method visited="false" cyclomaticComplexity="1" nPathComplexity="0" sequenceCoverage="0" branchCoverage="0" isConstructor="false" isStatic="true" isGetter="true" isSetter="false">
              <Summary numSequencePoints="1" visitedSequencePoints="0" numBranchPoints="1" visitedBranchPoints="0" sequenceCoverage="0" branchCoverage="0" maxCyclomaticComplexity="1" minCyclomaticComplexity="1" visitedClasses="0" numClasses="0" visitedMethods="0" numMethods="1" />
              <MetadataToken>100663347</MetadataToken>
              <Name>System.Globalization.CultureInfo System.ComponentModel.DataAnnotations.Resources.DataAnnotationsResources::get_Culture()</Name>
              <FileRef uid="26" />
              <SequencePoints>
                <SequencePoint vc="0" uspid="738" ordinal="0" offset="0" sl="56" sc="17" el="56" ec="40" bec="0" bev="0" fileid="26" />
              </SequencePoints>
              <BranchPoints />
              <MethodPoint xsi:type="SequencePoint" vc="0" uspid="738" ordinal="0" offset="0" sl="56" sc="17" el="56" ec="40" bec="0" bev="0" fileid="26" />
            </Method>
            <Method visited="false" cyclomaticComplexity="1" nPathComplexity="0" sequenceCoverage="0" branchCoverage="0" isConstructor="false" isStatic="true" isGetter="false" isSetter="true">
              <Summary numSequencePoints="2" visitedSequencePoints="0" numBranchPoints="1" visitedBranchPoints="0" sequenceCoverage="0" branchCoverage="0" maxCyclomaticComplexity="1" minCyclomaticComplexity="1" visitedClasses="0" numClasses="0" visitedMethods="0" numMethods="1" />
              <MetadataToken>100663348</MetadataToken>
              <Name>System.Void System.ComponentModel.DataAnnotations.Resources.DataAnnotationsResources::set_Culture(System.Globalization.CultureInfo)</Name>
              <FileRef uid="26" />
              <SequencePoints>
                <SequencePoint vc="0" uspid="739" ordinal="0" offset="0" sl="59" sc="17" el="59" ec="41" bec="0" bev="0" fileid="26" />
                <SequencePoint vc="0" uspid="740" ordinal="1" offset="6" sl="60" sc="13" el="60" ec="14" bec="0" bev="0" fileid="26" />
              </SequencePoints>
              <BranchPoints />
              <MethodPoint xsi:type="SequencePoint" vc="0" uspid="739" ordinal="0" offset="0" sl="59" sc="17" el="59" ec="41" bec="0" bev="0" fileid="26" />
            </Method>
            <Method visited="false" cyclomaticComplexity="1" nPathComplexity="0" sequenceCoverage="0" branchCoverage="0" isConstructor="false" isStatic="true" isGetter="true" isSetter="false">
              <Summary numSequencePoints="1" visitedSequencePoints="0" numBranchPoints="1" visitedBranchPoints="0" sequenceCoverage="0" branchCoverage="0" maxCyclomaticComplexity="1" minCyclomaticComplexity="1" visitedClasses="0" numClasses="0" visitedMethods="0" numMethods="1" />
              <MetadataToken>100663349</MetadataToken>
              <Name>System.String System.ComponentModel.DataAnnotations.Resources.DataAnnotationsResources::get_ArgumentIsNullOrWhitespace()</Name>
              <FileRef uid="26" />
              <SequencePoints>
                <SequencePoint vc="0" uspid="741" ordinal="0" offset="0" sl="68" sc="17" el="68" ec="97" bec="0" bev="0" fileid="26" />
              </SequencePoints>
              <BranchPoints />
              <MethodPoint xsi:type="SequencePoint" vc="0" uspid="741" ordinal="0" offset="0" sl="68" sc="17" el="68" ec="97" bec="0" bev="0" fileid="26" />
            </Method>
            <Method visited="false" cyclomaticComplexity="1" nPathComplexity="0" sequenceCoverage="0" branchCoverage="0" isConstructor="false" isStatic="true" isGetter="true" isSetter="false">
              <Summary numSequencePoints="1" visitedSequencePoints="0" numBranchPoints="1" visitedBranchPoints="0" sequenceCoverage="0" branchCoverage="0" maxCyclomaticComplexity="1" minCyclomaticComplexity="1" visitedClasses="0" numClasses="0" visitedMethods="0" numMethods="1" />
              <MetadataToken>100663350</MetadataToken>
              <Name>System.String System.ComponentModel.DataAnnotations.Resources.DataAnnotationsResources::get_AssociatedMetadataTypeTypeDescriptor_MetadataTypeContainsUnknownProperties()</Name>
              <FileRef uid="26" />
              <SequencePoints>
                <SequencePoint vc="0" uspid="742" ordinal="0" offset="0" sl="77" sc="17" el="77" ec="145" bec="0" bev="0" fileid="26" />
              </SequencePoints>
              <BranchPoints />
              <MethodPoint xsi:type="SequencePoint" vc="0" uspid="742" ordinal="0" offset="0" sl="77" sc="17" el="77" ec="145" bec="0" bev="0" fileid="26" />
            </Method>
            <Method visited="false" cyclomaticComplexity="1" nPathComplexity="0" sequenceCoverage="0" branchCoverage="0" isConstructor="false" isStatic="true" isGetter="true" isSetter="false">
              <Summary numSequencePoints="1" visitedSequencePoints="0" numBranchPoints="1" visitedBranchPoints="0" sequenceCoverage="0" branchCoverage="0" maxCyclomaticComplexity="1" minCyclomaticComplexity="1" visitedClasses="0" numClasses="0" visitedMethods="0" numMethods="1" />
              <MetadataToken>100663351</MetadataToken>
              <Name>System.String System.ComponentModel.DataAnnotations.Resources.DataAnnotationsResources::get_AttributeStore_Type_Must_Be_Public()</Name>
              <FileRef uid="26" />
              <SequencePoints>
                <SequencePoint vc="0" uspid="743" ordinal="0" offset="0" sl="86" sc="17" el="86" ec="105" bec="0" bev="0" fileid="26" />
              </SequencePoints>
              <BranchPoints />
              <MethodPoint xsi:type="SequencePoint" vc="0" uspid="743" ordinal="0" offset="0" sl="86" sc="17" el="86" ec="105" bec="0" bev="0" fileid="26" />
            </Method>
            <Method visited="false" cyclomaticComplexity="1" nPathComplexity="0" sequenceCoverage="0" branchCoverage="0" isConstructor="false" isStatic="true" isGetter="true" isSetter="false">
              <Summary numSequencePoints="1" visitedSequencePoints="0" numBranchPoints="1" visitedBranchPoints="0" sequenceCoverage="0" branchCoverage="0" maxCyclomaticComplexity="1" minCyclomaticComplexity="1" visitedClasses="0" numClasses="0" visitedMethods="0" numMethods="1" />
              <MetadataToken>100663352</MetadataToken>
              <Name>System.String System.ComponentModel.DataAnnotations.Resources.DataAnnotationsResources::get_AttributeStore_Unknown_Method()</Name>
              <FileRef uid="26" />
              <SequencePoints>
                <SequencePoint vc="0" uspid="744" ordinal="0" offset="0" sl="95" sc="17" el="95" ec="100" bec="0" bev="0" fileid="26" />
              </SequencePoints>
              <BranchPoints />
              <MethodPoint xsi:type="SequencePoint" vc="0" uspid="744" ordinal="0" offset="0" sl="95" sc="17" el="95" ec="100" bec="0" bev="0" fileid="26" />
            </Method>
            <Method visited="false" cyclomaticComplexity="1" nPathComplexity="0" sequenceCoverage="0" branchCoverage="0" isConstructor="false" isStatic="true" isGetter="true" isSetter="false">
              <Summary numSequencePoints="1" visitedSequencePoints="0" numBranchPoints="1" visitedBranchPoints="0" sequenceCoverage="0" branchCoverage="0" maxCyclomaticComplexity="1" minCyclomaticComplexity="1" visitedClasses="0" numClasses="0" visitedMethods="0" numMethods="1" />
              <MetadataToken>100663353</MetadataToken>
              <Name>System.String System.ComponentModel.DataAnnotations.Resources.DataAnnotationsResources::get_AttributeStore_Unknown_Property()</Name>
              <FileRef uid="26" />
              <SequencePoints>
                <SequencePoint vc="0" uspid="745" ordinal="0" offset="0" sl="104" sc="17" el="104" ec="102" bec="0" bev="0" fileid="26" />
              </SequencePoints>
              <BranchPoints />
              <MethodPoint xsi:type="SequencePoint" vc="0" uspid="745" ordinal="0" offset="0" sl="104" sc="17" el="104" ec="102" bec="0" bev="0" fileid="26" />
            </Method>
            <Method visited="false" cyclomaticComplexity="1" nPathComplexity="0" sequenceCoverage="0" branchCoverage="0" isConstructor="false" isStatic="true" isGetter="true" isSetter="false">
              <Summary numSequencePoints="1" visitedSequencePoints="0" numBranchPoints="1" visitedBranchPoints="0" sequenceCoverage="0" branchCoverage="0" maxCyclomaticComplexity="1" minCyclomaticComplexity="1" visitedClasses="0" numClasses="0" visitedMethods="0" numMethods="1" />
              <MetadataToken>100663354</MetadataToken>
              <Name>System.String System.ComponentModel.DataAnnotations.Resources.DataAnnotationsResources::get_CreditCardAttribute_Invalid()</Name>
              <FileRef uid="26" />
              <SequencePoints>
                <SequencePoint vc="0" uspid="746" ordinal="0" offset="0" sl="113" sc="17" el="113" ec="98" bec="0" bev="0" fileid="26" />
              </SequencePoints>
              <BranchPoints />
              <MethodPoint xsi:type="SequencePoint" vc="0" uspid="746" ordinal="0" offset="0" sl="113" sc="17" el="113" ec="98" bec="0" bev="0" fileid="26" />
            </Method>
            <Method visited="false" cyclomaticComplexity="1" nPathComplexity="0" sequenceCoverage="0" branchCoverage="0" isConstructor="false" isStatic="true" isGetter="true" isSetter="false">
              <Summary numSequencePoints="1" visitedSequencePoints="0" numBranchPoints="1" visitedBranchPoints="0" sequenceCoverage="0" branchCoverage="0" maxCyclomaticComplexity="1" minCyclomaticComplexity="1" visitedClasses="0" numClasses="0" visitedMethods="0" numMethods="1" />
              <MetadataToken>100663355</MetadataToken>
              <Name>System.String System.ComponentModel.DataAnnotations.Resources.DataAnnotationsResources::get_CustomValidationAttribute_Method_Must_Return_ValidationResult()</Name>
              <FileRef uid="26" />
              <SequencePoints>
                <SequencePoint vc="0" uspid="747" ordinal="0" offset="0" sl="122" sc="17" el="122" ec="132" bec="0" bev="0" fileid="26" />
              </SequencePoints>
              <BranchPoints />
              <MethodPoint xsi:type="SequencePoint" vc="0" uspid="747" ordinal="0" offset="0" sl="122" sc="17" el="122" ec="132" bec="0" bev="0" fileid="26" />
            </Method>
            <Method visited="false" cyclomaticComplexity="1" nPathComplexity="0" sequenceCoverage="0" branchCoverage="0" isConstructor="false" isStatic="true" isGetter="true" isSetter="false">
              <Summary numSequencePoints="1" visitedSequencePoints="0" numBranchPoints="1" visitedBranchPoints="0" sequenceCoverage="0" branchCoverage="0" maxCyclomaticComplexity="1" minCyclomaticComplexity="1" visitedClasses="0" numClasses="0" visitedMethods="0" numMethods="1" />
              <MetadataToken>100663356</MetadataToken>
              <Name>System.String System.ComponentModel.DataAnnotations.Resources.DataAnnotationsResources::get_CustomValidationAttribute_Method_Not_Found()</Name>
              <FileRef uid="26" />
              <SequencePoints>
                <SequencePoint vc="0" uspid="748" ordinal="0" offset="0" sl="131" sc="17" el="131" ec="113" bec="0" bev="0" fileid="26" />
              </SequencePoints>
              <BranchPoints />
              <MethodPoint xsi:type="SequencePoint" vc="0" uspid="748" ordinal="0" offset="0" sl="131" sc="17" el="131" ec="113" bec="0" bev="0" fileid="26" />
            </Method>
            <Method visited="false" cyclomaticComplexity="1" nPathComplexity="0" sequenceCoverage="0" branchCoverage="0" isConstructor="false" isStatic="true" isGetter="true" isSetter="false">
              <Summary numSequencePoints="1" visitedSequencePoints="0" numBranchPoints="1" visitedBranchPoints="0" sequenceCoverage="0" branchCoverage="0" maxCyclomaticComplexity="1" minCyclomaticComplexity="1" visitedClasses="0" numClasses="0" visitedMethods="0" numMethods="1" />
              <MetadataToken>100663357</MetadataToken>
              <Name>System.String System.ComponentModel.DataAnnotations.Resources.DataAnnotationsResources::get_CustomValidationAttribute_Method_Required()</Name>
              <FileRef uid="26" />
              <SequencePoints>
                <SequencePoint vc="0" uspid="749" ordinal="0" offset="0" sl="140" sc="17" el="140" ec="112" bec="0" bev="0" fileid="26" />
              </SequencePoints>
              <BranchPoints />
              <MethodPoint xsi:type="SequencePoint" vc="0" uspid="749" ordinal="0" offset="0" sl="140" sc="17" el="140" ec="112" bec="0" bev="0" fileid="26" />
            </Method>
            <Method visited="false" cyclomaticComplexity="1" nPathComplexity="0" sequenceCoverage="0" branchCoverage="0" isConstructor="false" isStatic="true" isGetter="true" isSetter="false">
              <Summary numSequencePoints="1" visitedSequencePoints="0" numBranchPoints="1" visitedBranchPoints="0" sequenceCoverage="0" branchCoverage="0" maxCyclomaticComplexity="1" minCyclomaticComplexity="1" visitedClasses="0" numClasses="0" visitedMethods="0" numMethods="1" />
              <MetadataToken>100663358</MetadataToken>
              <Name>System.String System.ComponentModel.DataAnnotations.Resources.DataAnnotationsResources::get_CustomValidationAttribute_Method_Signature()</Name>
              <FileRef uid="26" />
              <SequencePoints>
                <SequencePoint vc="0" uspid="750" ordinal="0" offset="0" sl="149" sc="17" el="149" ec="113" bec="0" bev="0" fileid="26" />
              </SequencePoints>
              <BranchPoints />
              <MethodPoint xsi:type="SequencePoint" vc="0" uspid="750" ordinal="0" offset="0" sl="149" sc="17" el="149" ec="113" bec="0" bev="0" fileid="26" />
            </Method>
            <Method visited="false" cyclomaticComplexity="1" nPathComplexity="0" sequenceCoverage="0" branchCoverage="0" isConstructor="false" isStatic="true" isGetter="true" isSetter="false">
              <Summary numSequencePoints="1" visitedSequencePoints="0" numBranchPoints="1" visitedBranchPoints="0" sequenceCoverage="0" branchCoverage="0" maxCyclomaticComplexity="1" minCyclomaticComplexity="1" visitedClasses="0" numClasses="0" visitedMethods="0" numMethods="1" />
              <MetadataToken>100663359</MetadataToken>
              <Name>System.String System.ComponentModel.DataAnnotations.Resources.DataAnnotationsResources::get_CustomValidationAttribute_Type_Conversion_Failed()</Name>
              <FileRef uid="26" />
              <SequencePoints>
                <SequencePoint vc="0" uspid="751" ordinal="0" offset="0" sl="158" sc="17" el="158" ec="119" bec="0" bev="0" fileid="26" />
              </SequencePoints>
              <BranchPoints />
              <MethodPoint xsi:type="SequencePoint" vc="0" uspid="751" ordinal="0" offset="0" sl="158" sc="17" el="158" ec="119" bec="0" bev="0" fileid="26" />
            </Method>
            <Method visited="false" cyclomaticComplexity="1" nPathComplexity="0" sequenceCoverage="0" branchCoverage="0" isConstructor="false" isStatic="true" isGetter="true" isSetter="false">
              <Summary numSequencePoints="1" visitedSequencePoints="0" numBranchPoints="1" visitedBranchPoints="0" sequenceCoverage="0" branchCoverage="0" maxCyclomaticComplexity="1" minCyclomaticComplexity="1" visitedClasses="0" numClasses="0" visitedMethods="0" numMethods="1" />
              <MetadataToken>100663360</MetadataToken>
              <Name>System.String System.ComponentModel.DataAnnotations.Resources.DataAnnotationsResources::get_CustomValidationAttribute_Type_Must_Be_Public()</Name>
              <FileRef uid="26" />
              <SequencePoints>
                <SequencePoint vc="0" uspid="752" ordinal="0" offset="0" sl="167" sc="17" el="167" ec="116" bec="0" bev="0" fileid="26" />
              </SequencePoints>
              <BranchPoints />
              <MethodPoint xsi:type="SequencePoint" vc="0" uspid="752" ordinal="0" offset="0" sl="167" sc="17" el="167" ec="116" bec="0" bev="0" fileid="26" />
            </Method>
            <Method visited="false" cyclomaticComplexity="1" nPathComplexity="0" sequenceCoverage="0" branchCoverage="0" isConstructor="false" isStatic="true" isGetter="true" isSetter="false">
              <Summary numSequencePoints="1" visitedSequencePoints="0" numBranchPoints="1" visitedBranchPoints="0" sequenceCoverage="0" branchCoverage="0" maxCyclomaticComplexity="1" minCyclomaticComplexity="1" visitedClasses="0" numClasses="0" visitedMethods="0" numMethods="1" />
              <MetadataToken>100663361</MetadataToken>
              <Name>System.String System.ComponentModel.DataAnnotations.Resources.DataAnnotationsResources::get_CustomValidationAttribute_ValidationError()</Name>
              <FileRef uid="26" />
              <SequencePoints>
                <SequencePoint vc="0" uspid="753" ordinal="0" offset="0" sl="176" sc="17" el="176" ec="112" bec="0" bev="0" fileid="26" />
              </SequencePoints>
              <BranchPoints />
              <MethodPoint xsi:type="SequencePoint" vc="0" uspid="753" ordinal="0" offset="0" sl="176" sc="17" el="176" ec="112" bec="0" bev="0" fileid="26" />
            </Method>
            <Method visited="false" cyclomaticComplexity="1" nPathComplexity="0" sequenceCoverage="0" branchCoverage="0" isConstructor="false" isStatic="true" isGetter="true" isSetter="false">
              <Summary numSequencePoints="1" visitedSequencePoints="0" numBranchPoints="1" visitedBranchPoints="0" sequenceCoverage="0" branchCoverage="0" maxCyclomaticComplexity="1" minCyclomaticComplexity="1" visitedClasses="0" numClasses="0" visitedMethods="0" numMethods="1" />
              <MetadataToken>100663362</MetadataToken>
              <Name>System.String System.ComponentModel.DataAnnotations.Resources.DataAnnotationsResources::get_CustomValidationAttribute_ValidatorType_Required()</Name>
              <FileRef uid="26" />
              <SequencePoints>
                <SequencePoint vc="0" uspid="754" ordinal="0" offset="0" sl="185" sc="17" el="185" ec="119" bec="0" bev="0" fileid="26" />
              </SequencePoints>
              <BranchPoints />
              <MethodPoint xsi:type="SequencePoint" vc="0" uspid="754" ordinal="0" offset="0" sl="185" sc="17" el="185" ec="119" bec="0" bev="0" fileid="26" />
            </Method>
            <Method visited="false" cyclomaticComplexity="1" nPathComplexity="0" sequenceCoverage="0" branchCoverage="0" isConstructor="false" isStatic="true" isGetter="true" isSetter="false">
              <Summary numSequencePoints="1" visitedSequencePoints="0" numBranchPoints="1" visitedBranchPoints="0" sequenceCoverage="0" branchCoverage="0" maxCyclomaticComplexity="1" minCyclomaticComplexity="1" visitedClasses="0" numClasses="0" visitedMethods="0" numMethods="1" />
              <MetadataToken>100663363</MetadataToken>
              <Name>System.String System.ComponentModel.DataAnnotations.Resources.DataAnnotationsResources::get_DataTypeAttribute_EmptyDataTypeString()</Name>
              <FileRef uid="26" />
              <SequencePoints>
                <SequencePoint vc="0" uspid="755" ordinal="0" offset="0" sl="194" sc="17" el="194" ec="108" bec="0" bev="0" fileid="26" />
              </SequencePoints>
              <BranchPoints />
              <MethodPoint xsi:type="SequencePoint" vc="0" uspid="755" ordinal="0" offset="0" sl="194" sc="17" el="194" ec="108" bec="0" bev="0" fileid="26" />
            </Method>
            <Method visited="false" cyclomaticComplexity="1" nPathComplexity="0" sequenceCoverage="0" branchCoverage="0" isConstructor="false" isStatic="true" isGetter="true" isSetter="false">
              <Summary numSequencePoints="1" visitedSequencePoints="0" numBranchPoints="1" visitedBranchPoints="0" sequenceCoverage="0" branchCoverage="0" maxCyclomaticComplexity="1" minCyclomaticComplexity="1" visitedClasses="0" numClasses="0" visitedMethods="0" numMethods="1" />
              <MetadataToken>100663364</MetadataToken>
              <Name>System.String System.ComponentModel.DataAnnotations.Resources.DataAnnotationsResources::get_DisplayAttribute_PropertyNotSet()</Name>
              <FileRef uid="26" />
              <SequencePoints>
                <SequencePoint vc="0" uspid="756" ordinal="0" offset="0" sl="203" sc="17" el="203" ec="102" bec="0" bev="0" fileid="26" />
              </SequencePoints>
              <BranchPoints />
              <MethodPoint xsi:type="SequencePoint" vc="0" uspid="756" ordinal="0" offset="0" sl="203" sc="17" el="203" ec="102" bec="0" bev="0" fileid="26" />
            </Method>
            <Method visited="false" cyclomaticComplexity="1" nPathComplexity="0" sequenceCoverage="0" branchCoverage="0" isConstructor="false" isStatic="true" isGetter="true" isSetter="false">
              <Summary numSequencePoints="1" visitedSequencePoints="0" numBranchPoints="1" visitedBranchPoints="0" sequenceCoverage="0" branchCoverage="0" maxCyclomaticComplexity="1" minCyclomaticComplexity="1" visitedClasses="0" numClasses="0" visitedMethods="0" numMethods="1" />
              <MetadataToken>100663365</MetadataToken>
              <Name>System.String System.ComponentModel.DataAnnotations.Resources.DataAnnotationsResources::get_EmailAddressAttribute_Invalid()</Name>
              <FileRef uid="26" />
              <SequencePoints>
                <SequencePoint vc="0" uspid="757" ordinal="0" offset="0" sl="212" sc="17" el="212" ec="100" bec="0" bev="0" fileid="26" />
              </SequencePoints>
              <BranchPoints />
              <MethodPoint xsi:type="SequencePoint" vc="0" uspid="757" ordinal="0" offset="0" sl="212" sc="17" el="212" ec="100" bec="0" bev="0" fileid="26" />
            </Method>
            <Method visited="false" cyclomaticComplexity="1" nPathComplexity="0" sequenceCoverage="0" branchCoverage="0" isConstructor="false" isStatic="true" isGetter="true" isSetter="false">
              <Summary numSequencePoints="1" visitedSequencePoints="0" numBranchPoints="1" visitedBranchPoints="0" sequenceCoverage="0" branchCoverage="0" maxCyclomaticComplexity="1" minCyclomaticComplexity="1" visitedClasses="0" numClasses="0" visitedMethods="0" numMethods="1" />
              <MetadataToken>100663366</MetadataToken>
              <Name>System.String System.ComponentModel.DataAnnotations.Resources.DataAnnotationsResources::get_EnumDataTypeAttribute_TypeCannotBeNull()</Name>
              <FileRef uid="26" />
              <SequencePoints>
                <SequencePoint vc="0" uspid="758" ordinal="0" offset="0" sl="221" sc="17" el="221" ec="109" bec="0" bev="0" fileid="26" />
              </SequencePoints>
              <BranchPoints />
              <MethodPoint xsi:type="SequencePoint" vc="0" uspid="758" ordinal="0" offset="0" sl="221" sc="17" el="221" ec="109" bec="0" bev="0" fileid="26" />
            </Method>
            <Method visited="false" cyclomaticComplexity="1" nPathComplexity="0" sequenceCoverage="0" branchCoverage="0" isConstructor="false" isStatic="true" isGetter="true" isSetter="false">
              <Summary numSequencePoints="1" visitedSequencePoints="0" numBranchPoints="1" visitedBranchPoints="0" sequenceCoverage="0" branchCoverage="0" maxCyclomaticComplexity="1" minCyclomaticComplexity="1" visitedClasses="0" numClasses="0" visitedMethods="0" numMethods="1" />
              <MetadataToken>100663367</MetadataToken>
              <Name>System.String System.ComponentModel.DataAnnotations.Resources.DataAnnotationsResources::get_EnumDataTypeAttribute_TypeNeedsToBeAnEnum()</Name>
              <FileRef uid="26" />
              <SequencePoints>
                <SequencePoint vc="0" uspid="759" ordinal="0" offset="0" sl="230" sc="17" el="230" ec="112" bec="0" bev="0" fileid="26" />
              </SequencePoints>
              <BranchPoints />
              <MethodPoint xsi:type="SequencePoint" vc="0" uspid="759" ordinal="0" offset="0" sl="230" sc="17" el="230" ec="112" bec="0" bev="0" fileid="26" />
            </Method>
            <Method visited="false" cyclomaticComplexity="1" nPathComplexity="0" sequenceCoverage="0" branchCoverage="0" isConstructor="false" isStatic="true" isGetter="true" isSetter="false">
              <Summary numSequencePoints="1" visitedSequencePoints="0" numBranchPoints="1" visitedBranchPoints="0" sequenceCoverage="0" branchCoverage="0" maxCyclomaticComplexity="1" minCyclomaticComplexity="1" visitedClasses="0" numClasses="0" visitedMethods="0" numMethods="1" />
              <MetadataToken>100663368</MetadataToken>
              <Name>System.String System.ComponentModel.DataAnnotations.Resources.DataAnnotationsResources::get_LocalizableString_LocalizationFailed()</Name>
              <FileRef uid="26" />
              <SequencePoints>
                <SequencePoint vc="0" uspid="760" ordinal="0" offset="0" sl="239" sc="17" el="239" ec="107" bec="0" bev="0" fileid="26" />
              </SequencePoints>
              <BranchPoints />
              <MethodPoint xsi:type="SequencePoint" vc="0" uspid="760" ordinal="0" offset="0" sl="239" sc="17" el="239" ec="107" bec="0" bev="0" fileid="26" />
            </Method>
            <Method visited="false" cyclomaticComplexity="1" nPathComplexity="0" sequenceCoverage="0" branchCoverage="0" isConstructor="false" isStatic="true" isGetter="true" isSetter="false">
              <Summary numSequencePoints="1" visitedSequencePoints="0" numBranchPoints="1" visitedBranchPoints="0" sequenceCoverage="0" branchCoverage="0" maxCyclomaticComplexity="1" minCyclomaticComplexity="1" visitedClasses="0" numClasses="0" visitedMethods="0" numMethods="1" />
              <MetadataToken>100663369</MetadataToken>
              <Name>System.String System.ComponentModel.DataAnnotations.Resources.DataAnnotationsResources::get_MaxLengthAttribute_InvalidMaxLength()</Name>
              <FileRef uid="26" />
              <SequencePoints>
                <SequencePoint vc="0" uspid="761" ordinal="0" offset="0" sl="248" sc="17" el="248" ec="106" bec="0" bev="0" fileid="26" />
              </SequencePoints>
              <BranchPoints />
              <MethodPoint xsi:type="SequencePoint" vc="0" uspid="761" ordinal="0" offset="0" sl="248" sc="17" el="248" ec="106" bec="0" bev="0" fileid="26" />
            </Method>
            <Method visited="false" cyclomaticComplexity="1" nPathComplexity="0" sequenceCoverage="0" branchCoverage="0" isConstructor="false" isStatic="true" isGetter="true" isSetter="false">
              <Summary numSequencePoints="1" visitedSequencePoints="0" numBranchPoints="1" visitedBranchPoints="0" sequenceCoverage="0" branchCoverage="0" maxCyclomaticComplexity="1" minCyclomaticComplexity="1" visitedClasses="0" numClasses="0" visitedMethods="0" numMethods="1" />
              <MetadataToken>100663370</MetadataToken>
              <Name>System.String System.ComponentModel.DataAnnotations.Resources.DataAnnotationsResources::get_MaxLengthAttribute_ValidationError()</Name>
              <FileRef uid="26" />
              <SequencePoints>
                <SequencePoint vc="0" uspid="762" ordinal="0" offset="0" sl="257" sc="17" el="257" ec="105" bec="0" bev="0" fileid="26" />
              </SequencePoints>
              <BranchPoints />
              <MethodPoint xsi:type="SequencePoint" vc="0" uspid="762" ordinal="0" offset="0" sl="257" sc="17" el="257" ec="105" bec="0" bev="0" fileid="26" />
            </Method>
            <Method visited="false" cyclomaticComplexity="1" nPathComplexity="0" sequenceCoverage="0" branchCoverage="0" isConstructor="false" isStatic="true" isGetter="true" isSetter="false">
              <Summary numSequencePoints="1" visitedSequencePoints="0" numBranchPoints="1" visitedBranchPoints="0" sequenceCoverage="0" branchCoverage="0" maxCyclomaticComplexity="1" minCyclomaticComplexity="1" visitedClasses="0" numClasses="0" visitedMethods="0" numMethods="1" />
              <MetadataToken>100663371</MetadataToken>
              <Name>System.String System.ComponentModel.DataAnnotations.Resources.DataAnnotationsResources::get_MetadataTypeAttribute_TypeCannotBeNull()</Name>
              <FileRef uid="26" />
              <SequencePoints>
                <SequencePoint vc="0" uspid="763" ordinal="0" offset="0" sl="266" sc="17" el="266" ec="109" bec="0" bev="0" fileid="26" />
              </SequencePoints>
              <BranchPoints />
              <MethodPoint xsi:type="SequencePoint" vc="0" uspid="763" ordinal="0" offset="0" sl="266" sc="17" el="266" ec="109" bec="0" bev="0" fileid="26" />
            </Method>
            <Method visited="false" cyclomaticComplexity="1" nPathComplexity="0" sequenceCoverage="0" branchCoverage="0" isConstructor="false" isStatic="true" isGetter="true" isSetter="false">
              <Summary numSequencePoints="1" visitedSequencePoints="0" numBranchPoints="1" visitedBranchPoints="0" sequenceCoverage="0" branchCoverage="0" maxCyclomaticComplexity="1" minCyclomaticComplexity="1" visitedClasses="0" numClasses="0" visitedMethods="0" numMethods="1" />
              <MetadataToken>100663372</MetadataToken>
              <Name>System.String System.ComponentModel.DataAnnotations.Resources.DataAnnotationsResources::get_MinLengthAttribute_InvalidMinLength()</Name>
              <FileRef uid="26" />
              <SequencePoints>
                <SequencePoint vc="0" uspid="764" ordinal="0" offset="0" sl="275" sc="17" el="275" ec="106" bec="0" bev="0" fileid="26" />
              </SequencePoints>
              <BranchPoints />
              <MethodPoint xsi:type="SequencePoint" vc="0" uspid="764" ordinal="0" offset="0" sl="275" sc="17" el="275" ec="106" bec="0" bev="0" fileid="26" />
            </Method>
            <Method visited="false" cyclomaticComplexity="1" nPathComplexity="0" sequenceCoverage="0" branchCoverage="0" isConstructor="false" isStatic="true" isGetter="true" isSetter="false">
              <Summary numSequencePoints="1" visitedSequencePoints="0" numBranchPoints="1" visitedBranchPoints="0" sequenceCoverage="0" branchCoverage="0" maxCyclomaticComplexity="1" minCyclomaticComplexity="1" visitedClasses="0" numClasses="0" visitedMethods="0" numMethods="1" />
              <MetadataToken>100663373</MetadataToken>
              <Name>System.String System.ComponentModel.DataAnnotations.Resources.DataAnnotationsResources::get_MinLengthAttribute_ValidationError()</Name>
              <FileRef uid="26" />
              <SequencePoints>
                <SequencePoint vc="0" uspid="765" ordinal="0" offset="0" sl="284" sc="17" el="284" ec="105" bec="0" bev="0" fileid="26" />
              </SequencePoints>
              <BranchPoints />
              <MethodPoint xsi:type="SequencePoint" vc="0" uspid="765" ordinal="0" offset="0" sl="284" sc="17" el="284" ec="105" bec="0" bev="0" fileid="26" />
            </Method>
            <Method visited="false" cyclomaticComplexity="1" nPathComplexity="0" sequenceCoverage="0" branchCoverage="0" isConstructor="false" isStatic="true" isGetter="true" isSetter="false">
              <Summary numSequencePoints="1" visitedSequencePoints="0" numBranchPoints="1" visitedBranchPoints="0" sequenceCoverage="0" branchCoverage="0" maxCyclomaticComplexity="1" minCyclomaticComplexity="1" visitedClasses="0" numClasses="0" visitedMethods="0" numMethods="1" />
              <MetadataToken>100663374</MetadataToken>
              <Name>System.String System.ComponentModel.DataAnnotations.Resources.DataAnnotationsResources::get_PhoneAttribute_Invalid()</Name>
              <FileRef uid="26" />
              <SequencePoints>
                <SequencePoint vc="0" uspid="766" ordinal="0" offset="0" sl="293" sc="17" el="293" ec="93" bec="0" bev="0" fileid="26" />
              </SequencePoints>
              <BranchPoints />
              <MethodPoint xsi:type="SequencePoint" vc="0" uspid="766" ordinal="0" offset="0" sl="293" sc="17" el="293" ec="93" bec="0" bev="0" fileid="26" />
            </Method>
            <Method visited="false" cyclomaticComplexity="1" nPathComplexity="0" sequenceCoverage="0" branchCoverage="0" isConstructor="false" isStatic="true" isGetter="true" isSetter="false">
              <Summary numSequencePoints="1" visitedSequencePoints="0" numBranchPoints="1" visitedBranchPoints="0" sequenceCoverage="0" branchCoverage="0" maxCyclomaticComplexity="1" minCyclomaticComplexity="1" visitedClasses="0" numClasses="0" visitedMethods="0" numMethods="1" />
              <MetadataToken>100663375</MetadataToken>
              <Name>System.String System.ComponentModel.DataAnnotations.Resources.DataAnnotationsResources::get_RangeAttribute_ArbitraryTypeNotIComparable()</Name>
              <FileRef uid="26" />
              <SequencePoints>
                <SequencePoint vc="0" uspid="767" ordinal="0" offset="0" sl="302" sc="17" el="302" ec="113" bec="0" bev="0" fileid="26" />
              </SequencePoints>
              <BranchPoints />
              <MethodPoint xsi:type="SequencePoint" vc="0" uspid="767" ordinal="0" offset="0" sl="302" sc="17" el="302" ec="113" bec="0" bev="0" fileid="26" />
            </Method>
            <Method visited="false" cyclomaticComplexity="1" nPathComplexity="0" sequenceCoverage="0" branchCoverage="0" isConstructor="false" isStatic="true" isGetter="true" isSetter="false">
              <Summary numSequencePoints="1" visitedSequencePoints="0" numBranchPoints="1" visitedBranchPoints="0" sequenceCoverage="0" branchCoverage="0" maxCyclomaticComplexity="1" minCyclomaticComplexity="1" visitedClasses="0" numClasses="0" visitedMethods="0" numMethods="1" />
              <MetadataToken>100663376</MetadataToken>
              <Name>System.String System.ComponentModel.DataAnnotations.Resources.DataAnnotationsResources::get_RangeAttribute_MinGreaterThanMax()</Name>
              <FileRef uid="26" />
              <SequencePoints>
                <SequencePoint vc="0" uspid="768" ordinal="0" offset="0" sl="311" sc="17" el="311" ec="103" bec="0" bev="0" fileid="26" />
              </SequencePoints>
              <BranchPoints />
              <MethodPoint xsi:type="SequencePoint" vc="0" uspid="768" ordinal="0" offset="0" sl="311" sc="17" el="311" ec="103" bec="0" bev="0" fileid="26" />
            </Method>
            <Method visited="false" cyclomaticComplexity="1" nPathComplexity="0" sequenceCoverage="0" branchCoverage="0" isConstructor="false" isStatic="true" isGetter="true" isSetter="false">
              <Summary numSequencePoints="1" visitedSequencePoints="0" numBranchPoints="1" visitedBranchPoints="0" sequenceCoverage="0" branchCoverage="0" maxCyclomaticComplexity="1" minCyclomaticComplexity="1" visitedClasses="0" numClasses="0" visitedMethods="0" numMethods="1" />
              <MetadataToken>100663377</MetadataToken>
              <Name>System.String System.ComponentModel.DataAnnotations.Resources.DataAnnotationsResources::get_RangeAttribute_Must_Set_Min_And_Max()</Name>
              <FileRef uid="26" />
              <SequencePoints>
                <SequencePoint vc="0" uspid="769" ordinal="0" offset="0" sl="320" sc="17" el="320" ec="106" bec="0" bev="0" fileid="26" />
              </SequencePoints>
              <BranchPoints />
              <MethodPoint xsi:type="SequencePoint" vc="0" uspid="769" ordinal="0" offset="0" sl="320" sc="17" el="320" ec="106" bec="0" bev="0" fileid="26" />
            </Method>
            <Method visited="false" cyclomaticComplexity="1" nPathComplexity="0" sequenceCoverage="0" branchCoverage="0" isConstructor="false" isStatic="true" isGetter="true" isSetter="false">
              <Summary numSequencePoints="1" visitedSequencePoints="0" numBranchPoints="1" visitedBranchPoints="0" sequenceCoverage="0" branchCoverage="0" maxCyclomaticComplexity="1" minCyclomaticComplexity="1" visitedClasses="0" numClasses="0" visitedMethods="0" numMethods="1" />
              <MetadataToken>100663378</MetadataToken>
              <Name>System.String System.ComponentModel.DataAnnotations.Resources.DataAnnotationsResources::get_RangeAttribute_Must_Set_Operand_Type()</Name>
              <FileRef uid="26" />
              <SequencePoints>
                <SequencePoint vc="0" uspid="770" ordinal="0" offset="0" sl="329" sc="17" el="329" ec="107" bec="0" bev="0" fileid="26" />
              </SequencePoints>
              <BranchPoints />
              <MethodPoint xsi:type="SequencePoint" vc="0" uspid="770" ordinal="0" offset="0" sl="329" sc="17" el="329" ec="107" bec="0" bev="0" fileid="26" />
            </Method>
            <Method visited="false" cyclomaticComplexity="1" nPathComplexity="0" sequenceCoverage="0" branchCoverage="0" isConstructor="false" isStatic="true" isGetter="true" isSetter="false">
              <Summary numSequencePoints="1" visitedSequencePoints="0" numBranchPoints="1" visitedBranchPoints="0" sequenceCoverage="0" branchCoverage="0" maxCyclomaticComplexity="1" minCyclomaticComplexity="1" visitedClasses="0" numClasses="0" visitedMethods="0" numMethods="1" />
              <MetadataToken>100663379</MetadataToken>
              <Name>System.String System.ComponentModel.DataAnnotations.Resources.DataAnnotationsResources::get_RangeAttribute_ValidationError()</Name>
              <FileRef uid="26" />
              <SequencePoints>
                <SequencePoint vc="0" uspid="771" ordinal="0" offset="0" sl="338" sc="17" el="338" ec="101" bec="0" bev="0" fileid="26" />
              </SequencePoints>
              <BranchPoints />
              <MethodPoint xsi:type="SequencePoint" vc="0" uspid="771" ordinal="0" offset="0" sl="338" sc="17" el="338" ec="101" bec="0" bev="0" fileid="26" />
            </Method>
            <Method visited="false" cyclomaticComplexity="1" nPathComplexity="0" sequenceCoverage="0" branchCoverage="0" isConstructor="false" isStatic="true" isGetter="true" isSetter="false">
              <Summary numSequencePoints="1" visitedSequencePoints="0" numBranchPoints="1" visitedBranchPoints="0" sequenceCoverage="0" branchCoverage="0" maxCyclomaticComplexity="1" minCyclomaticComplexity="1" visitedClasses="0" numClasses="0" visitedMethods="0" numMethods="1" />
              <MetadataToken>100663380</MetadataToken>
              <Name>System.String System.ComponentModel.DataAnnotations.Resources.DataAnnotationsResources::get_RegexAttribute_ValidationError()</Name>
              <FileRef uid="26" />
              <SequencePoints>
                <SequencePoint vc="0" uspid="772" ordinal="0" offset="0" sl="347" sc="17" el="347" ec="101" bec="0" bev="0" fileid="26" />
              </SequencePoints>
              <BranchPoints />
              <MethodPoint xsi:type="SequencePoint" vc="0" uspid="772" ordinal="0" offset="0" sl="347" sc="17" el="347" ec="101" bec="0" bev="0" fileid="26" />
            </Method>
            <Method visited="false" cyclomaticComplexity="1" nPathComplexity="0" sequenceCoverage="0" branchCoverage="0" isConstructor="false" isStatic="true" isGetter="true" isSetter="false">
              <Summary numSequencePoints="1" visitedSequencePoints="0" numBranchPoints="1" visitedBranchPoints="0" sequenceCoverage="0" branchCoverage="0" maxCyclomaticComplexity="1" minCyclomaticComplexity="1" visitedClasses="0" numClasses="0" visitedMethods="0" numMethods="1" />
              <MetadataToken>100663381</MetadataToken>
              <Name>System.String System.ComponentModel.DataAnnotations.Resources.DataAnnotationsResources::get_RegularExpressionAttribute_Empty_Pattern()</Name>
              <FileRef uid="26" />
              <SequencePoints>
                <SequencePoint vc="0" uspid="773" ordinal="0" offset="0" sl="356" sc="17" el="356" ec="111" bec="0" bev="0" fileid="26" />
              </SequencePoints>
              <BranchPoints />
              <MethodPoint xsi:type="SequencePoint" vc="0" uspid="773" ordinal="0" offset="0" sl="356" sc="17" el="356" ec="111" bec="0" bev="0" fileid="26" />
            </Method>
            <Method visited="false" cyclomaticComplexity="1" nPathComplexity="0" sequenceCoverage="0" branchCoverage="0" isConstructor="false" isStatic="true" isGetter="true" isSetter="false">
              <Summary numSequencePoints="1" visitedSequencePoints="0" numBranchPoints="1" visitedBranchPoints="0" sequenceCoverage="0" branchCoverage="0" maxCyclomaticComplexity="1" minCyclomaticComplexity="1" visitedClasses="0" numClasses="0" visitedMethods="0" numMethods="1" />
              <MetadataToken>100663382</MetadataToken>
              <Name>System.String System.ComponentModel.DataAnnotations.Resources.DataAnnotationsResources::get_RequiredAttribute_ValidationError()</Name>
              <FileRef uid="26" />
              <SequencePoints>
                <SequencePoint vc="0" uspid="774" ordinal="0" offset="0" sl="365" sc="17" el="365" ec="104" bec="0" bev="0" fileid="26" />
              </SequencePoints>
              <BranchPoints />
              <MethodPoint xsi:type="SequencePoint" vc="0" uspid="774" ordinal="0" offset="0" sl="365" sc="17" el="365" ec="104" bec="0" bev="0" fileid="26" />
            </Method>
            <Method visited="false" cyclomaticComplexity="1" nPathComplexity="0" sequenceCoverage="0" branchCoverage="0" isConstructor="false" isStatic="true" isGetter="true" isSetter="false">
              <Summary numSequencePoints="1" visitedSequencePoints="0" numBranchPoints="1" visitedBranchPoints="0" sequenceCoverage="0" branchCoverage="0" maxCyclomaticComplexity="1" minCyclomaticComplexity="1" visitedClasses="0" numClasses="0" visitedMethods="0" numMethods="1" />
              <MetadataToken>100663383</MetadataToken>
              <Name>System.String System.ComponentModel.DataAnnotations.Resources.DataAnnotationsResources::get_StringLengthAttribute_InvalidMaxLength()</Name>
              <FileRef uid="26" />
              <SequencePoints>
                <SequencePoint vc="0" uspid="775" ordinal="0" offset="0" sl="374" sc="17" el="374" ec="109" bec="0" bev="0" fileid="26" />
              </SequencePoints>
              <BranchPoints />
              <MethodPoint xsi:type="SequencePoint" vc="0" uspid="775" ordinal="0" offset="0" sl="374" sc="17" el="374" ec="109" bec="0" bev="0" fileid="26" />
            </Method>
            <Method visited="false" cyclomaticComplexity="1" nPathComplexity="0" sequenceCoverage="0" branchCoverage="0" isConstructor="false" isStatic="true" isGetter="true" isSetter="false">
              <Summary numSequencePoints="1" visitedSequencePoints="0" numBranchPoints="1" visitedBranchPoints="0" sequenceCoverage="0" branchCoverage="0" maxCyclomaticComplexity="1" minCyclomaticComplexity="1" visitedClasses="0" numClasses="0" visitedMethods="0" numMethods="1" />
              <MetadataToken>100663384</MetadataToken>
              <Name>System.String System.ComponentModel.DataAnnotations.Resources.DataAnnotationsResources::get_StringLengthAttribute_ValidationError()</Name>
              <FileRef uid="26" />
              <SequencePoints>
                <SequencePoint vc="0" uspid="776" ordinal="0" offset="0" sl="383" sc="17" el="383" ec="108" bec="0" bev="0" fileid="26" />
              </SequencePoints>
              <BranchPoints />
              <MethodPoint xsi:type="SequencePoint" vc="0" uspid="776" ordinal="0" offset="0" sl="383" sc="17" el="383" ec="108" bec="0" bev="0" fileid="26" />
            </Method>
            <Method visited="false" cyclomaticComplexity="1" nPathComplexity="0" sequenceCoverage="0" branchCoverage="0" isConstructor="false" isStatic="true" isGetter="true" isSetter="false">
              <Summary numSequencePoints="1" visitedSequencePoints="0" numBranchPoints="1" visitedBranchPoints="0" sequenceCoverage="0" branchCoverage="0" maxCyclomaticComplexity="1" minCyclomaticComplexity="1" visitedClasses="0" numClasses="0" visitedMethods="0" numMethods="1" />
              <MetadataToken>100663385</MetadataToken>
              <Name>System.String System.ComponentModel.DataAnnotations.Resources.DataAnnotationsResources::get_StringLengthAttribute_ValidationErrorIncludingMinimum()</Name>
              <FileRef uid="26" />
              <SequencePoints>
                <SequencePoint vc="0" uspid="777" ordinal="0" offset="0" sl="392" sc="17" el="392" ec="124" bec="0" bev="0" fileid="26" />
              </SequencePoints>
              <BranchPoints />
              <MethodPoint xsi:type="SequencePoint" vc="0" uspid="777" ordinal="0" offset="0" sl="392" sc="17" el="392" ec="124" bec="0" bev="0" fileid="26" />
            </Method>
            <Method visited="false" cyclomaticComplexity="1" nPathComplexity="0" sequenceCoverage="0" branchCoverage="0" isConstructor="false" isStatic="true" isGetter="true" isSetter="false">
              <Summary numSequencePoints="1" visitedSequencePoints="0" numBranchPoints="1" visitedBranchPoints="0" sequenceCoverage="0" branchCoverage="0" maxCyclomaticComplexity="1" minCyclomaticComplexity="1" visitedClasses="0" numClasses="0" visitedMethods="0" numMethods="1" />
              <MetadataToken>100663386</MetadataToken>
              <Name>System.String System.ComponentModel.DataAnnotations.Resources.DataAnnotationsResources::get_UIHintImplementation_ControlParameterKeyIsNotAString()</Name>
              <FileRef uid="26" />
              <SequencePoints>
                <SequencePoint vc="0" uspid="778" ordinal="0" offset="0" sl="401" sc="17" el="401" ec="123" bec="0" bev="0" fileid="26" />
              </SequencePoints>
              <BranchPoints />
              <MethodPoint xsi:type="SequencePoint" vc="0" uspid="778" ordinal="0" offset="0" sl="401" sc="17" el="401" ec="123" bec="0" bev="0" fileid="26" />
            </Method>
            <Method visited="false" cyclomaticComplexity="1" nPathComplexity="0" sequenceCoverage="0" branchCoverage="0" isConstructor="false" isStatic="true" isGetter="true" isSetter="false">
              <Summary numSequencePoints="1" visitedSequencePoints="0" numBranchPoints="1" visitedBranchPoints="0" sequenceCoverage="0" branchCoverage="0" maxCyclomaticComplexity="1" minCyclomaticComplexity="1" visitedClasses="0" numClasses="0" visitedMethods="0" numMethods="1" />
              <MetadataToken>100663387</MetadataToken>
              <Name>System.String System.ComponentModel.DataAnnotations.Resources.DataAnnotationsResources::get_UIHintImplementation_ControlParameterKeyIsNull()</Name>
              <FileRef uid="26" />
              <SequencePoints>
                <SequencePoint vc="0" uspid="779" ordinal="0" offset="0" sl="410" sc="17" el="410" ec="117" bec="0" bev="0" fileid="26" />
              </SequencePoints>
              <BranchPoints />
              <MethodPoint xsi:type="SequencePoint" vc="0" uspid="779" ordinal="0" offset="0" sl="410" sc="17" el="410" ec="117" bec="0" bev="0" fileid="26" />
            </Method>
            <Method visited="false" cyclomaticComplexity="1" nPathComplexity="0" sequenceCoverage="0" branchCoverage="0" isConstructor="false" isStatic="true" isGetter="true" isSetter="false">
              <Summary numSequencePoints="1" visitedSequencePoints="0" numBranchPoints="1" visitedBranchPoints="0" sequenceCoverage="0" branchCoverage="0" maxCyclomaticComplexity="1" minCyclomaticComplexity="1" visitedClasses="0" numClasses="0" visitedMethods="0" numMethods="1" />
              <MetadataToken>100663388</MetadataToken>
              <Name>System.String System.ComponentModel.DataAnnotations.Resources.DataAnnotationsResources::get_UIHintImplementation_ControlParameterKeyOccursMoreThanOnce()</Name>
              <FileRef uid="26" />
              <SequencePoints>
                <SequencePoint vc="0" uspid="780" ordinal="0" offset="0" sl="419" sc="17" el="419" ec="129" bec="0" bev="0" fileid="26" />
              </SequencePoints>
              <BranchPoints />
              <MethodPoint xsi:type="SequencePoint" vc="0" uspid="780" ordinal="0" offset="0" sl="419" sc="17" el="419" ec="129" bec="0" bev="0" fileid="26" />
            </Method>
            <Method visited="false" cyclomaticComplexity="1" nPathComplexity="0" sequenceCoverage="0" branchCoverage="0" isConstructor="false" isStatic="true" isGetter="true" isSetter="false">
              <Summary numSequencePoints="1" visitedSequencePoints="0" numBranchPoints="1" visitedBranchPoints="0" sequenceCoverage="0" branchCoverage="0" maxCyclomaticComplexity="1" minCyclomaticComplexity="1" visitedClasses="0" numClasses="0" visitedMethods="0" numMethods="1" />
              <MetadataToken>100663389</MetadataToken>
              <Name>System.String System.ComponentModel.DataAnnotations.Resources.DataAnnotationsResources::get_UIHintImplementation_NeedEvenNumberOfControlParameters()</Name>
              <FileRef uid="26" />
              <SequencePoints>
                <SequencePoint vc="0" uspid="781" ordinal="0" offset="0" sl="428" sc="17" el="428" ec="125" bec="0" bev="0" fileid="26" />
              </SequencePoints>
              <BranchPoints />
              <MethodPoint xsi:type="SequencePoint" vc="0" uspid="781" ordinal="0" offset="0" sl="428" sc="17" el="428" ec="125" bec="0" bev="0" fileid="26" />
            </Method>
            <Method visited="false" cyclomaticComplexity="1" nPathComplexity="0" sequenceCoverage="0" branchCoverage="0" isConstructor="false" isStatic="true" isGetter="true" isSetter="false">
              <Summary numSequencePoints="1" visitedSequencePoints="0" numBranchPoints="1" visitedBranchPoints="0" sequenceCoverage="0" branchCoverage="0" maxCyclomaticComplexity="1" minCyclomaticComplexity="1" visitedClasses="0" numClasses="0" visitedMethods="0" numMethods="1" />
              <MetadataToken>100663390</MetadataToken>
              <Name>System.String System.ComponentModel.DataAnnotations.Resources.DataAnnotationsResources::get_UrlAttribute_Invalid()</Name>
              <FileRef uid="26" />
              <SequencePoints>
                <SequencePoint vc="0" uspid="782" ordinal="0" offset="0" sl="437" sc="17" el="437" ec="91" bec="0" bev="0" fileid="26" />
              </SequencePoints>
              <BranchPoints />
              <MethodPoint xsi:type="SequencePoint" vc="0" uspid="782" ordinal="0" offset="0" sl="437" sc="17" el="437" ec="91" bec="0" bev="0" fileid="26" />
            </Method>
            <Method visited="false" cyclomaticComplexity="1" nPathComplexity="0" sequenceCoverage="0" branchCoverage="0" isConstructor="false" isStatic="true" isGetter="true" isSetter="false">
              <Summary numSequencePoints="1" visitedSequencePoints="0" numBranchPoints="1" visitedBranchPoints="0" sequenceCoverage="0" branchCoverage="0" maxCyclomaticComplexity="1" minCyclomaticComplexity="1" visitedClasses="0" numClasses="0" visitedMethods="0" numMethods="1" />
              <MetadataToken>100663391</MetadataToken>
              <Name>System.String System.ComponentModel.DataAnnotations.Resources.DataAnnotationsResources::get_ValidationAttribute_Cannot_Set_ErrorMessage_And_Resource()</Name>
              <FileRef uid="26" />
              <SequencePoints>
                <SequencePoint vc="0" uspid="783" ordinal="0" offset="0" sl="446" sc="17" el="446" ec="127" bec="0" bev="0" fileid="26" />
              </SequencePoints>
              <BranchPoints />
              <MethodPoint xsi:type="SequencePoint" vc="0" uspid="783" ordinal="0" offset="0" sl="446" sc="17" el="446" ec="127" bec="0" bev="0" fileid="26" />
            </Method>
            <Method visited="false" cyclomaticComplexity="1" nPathComplexity="0" sequenceCoverage="0" branchCoverage="0" isConstructor="false" isStatic="true" isGetter="true" isSetter="false">
              <Summary numSequencePoints="1" visitedSequencePoints="0" numBranchPoints="1" visitedBranchPoints="0" sequenceCoverage="0" branchCoverage="0" maxCyclomaticComplexity="1" minCyclomaticComplexity="1" visitedClasses="0" numClasses="0" visitedMethods="0" numMethods="1" />
              <MetadataToken>100663392</MetadataToken>
              <Name>System.String System.ComponentModel.DataAnnotations.Resources.DataAnnotationsResources::get_ValidationAttribute_IsValid_NotImplemented()</Name>
              <FileRef uid="26" />
              <SequencePoints>
                <SequencePoint vc="0" uspid="784" ordinal="0" offset="0" sl="455" sc="17" el="455" ec="113" bec="0" bev="0" fileid="26" />
              </SequencePoints>
              <BranchPoints />
              <MethodPoint xsi:type="SequencePoint" vc="0" uspid="784" ordinal="0" offset="0" sl="455" sc="17" el="455" ec="113" bec="0" bev="0" fileid="26" />
            </Method>
            <Method visited="false" cyclomaticComplexity="1" nPathComplexity="0" sequenceCoverage="0" branchCoverage="0" isConstructor="false" isStatic="true" isGetter="true" isSetter="false">
              <Summary numSequencePoints="1" visitedSequencePoints="0" numBranchPoints="1" visitedBranchPoints="0" sequenceCoverage="0" branchCoverage="0" maxCyclomaticComplexity="1" minCyclomaticComplexity="1" visitedClasses="0" numClasses="0" visitedMethods="0" numMethods="1" />
              <MetadataToken>100663393</MetadataToken>
              <Name>System.String System.ComponentModel.DataAnnotations.Resources.DataAnnotationsResources::get_ValidationAttribute_NeedBothResourceTypeAndResourceName()</Name>
              <FileRef uid="26" />
              <SequencePoints>
                <SequencePoint vc="0" uspid="785" ordinal="0" offset="0" sl="464" sc="17" el="464" ec="126" bec="0" bev="0" fileid="26" />
              </SequencePoints>
              <BranchPoints />
              <MethodPoint xsi:type="SequencePoint" vc="0" uspid="785" ordinal="0" offset="0" sl="464" sc="17" el="464" ec="126" bec="0" bev="0" fileid="26" />
            </Method>
            <Method visited="false" cyclomaticComplexity="1" nPathComplexity="0" sequenceCoverage="0" branchCoverage="0" isConstructor="false" isStatic="true" isGetter="true" isSetter="false">
              <Summary numSequencePoints="1" visitedSequencePoints="0" numBranchPoints="1" visitedBranchPoints="0" sequenceCoverage="0" branchCoverage="0" maxCyclomaticComplexity="1" minCyclomaticComplexity="1" visitedClasses="0" numClasses="0" visitedMethods="0" numMethods="1" />
              <MetadataToken>100663394</MetadataToken>
              <Name>System.String System.ComponentModel.DataAnnotations.Resources.DataAnnotationsResources::get_ValidationAttribute_ResourcePropertyNotStringType()</Name>
              <FileRef uid="26" />
              <SequencePoints>
                <SequencePoint vc="0" uspid="786" ordinal="0" offset="0" sl="473" sc="17" el="473" ec="120" bec="0" bev="0" fileid="26" />
              </SequencePoints>
              <BranchPoints />
              <MethodPoint xsi:type="SequencePoint" vc="0" uspid="786" ordinal="0" offset="0" sl="473" sc="17" el="473" ec="120" bec="0" bev="0" fileid="26" />
            </Method>
            <Method visited="false" cyclomaticComplexity="1" nPathComplexity="0" sequenceCoverage="0" branchCoverage="0" isConstructor="false" isStatic="true" isGetter="true" isSetter="false">
              <Summary numSequencePoints="1" visitedSequencePoints="0" numBranchPoints="1" visitedBranchPoints="0" sequenceCoverage="0" branchCoverage="0" maxCyclomaticComplexity="1" minCyclomaticComplexity="1" visitedClasses="0" numClasses="0" visitedMethods="0" numMethods="1" />
              <MetadataToken>100663395</MetadataToken>
              <Name>System.String System.ComponentModel.DataAnnotations.Resources.DataAnnotationsResources::get_ValidationAttribute_ResourceTypeDoesNotHaveProperty()</Name>
              <FileRef uid="26" />
              <SequencePoints>
                <SequencePoint vc="0" uspid="787" ordinal="0" offset="0" sl="482" sc="17" el="482" ec="122" bec="0" bev="0" fileid="26" />
              </SequencePoints>
              <BranchPoints />
              <MethodPoint xsi:type="SequencePoint" vc="0" uspid="787" ordinal="0" offset="0" sl="482" sc="17" el="482" ec="122" bec="0" bev="0" fileid="26" />
            </Method>
            <Method visited="false" cyclomaticComplexity="1" nPathComplexity="0" sequenceCoverage="0" branchCoverage="0" isConstructor="false" isStatic="true" isGetter="true" isSetter="false">
              <Summary numSequencePoints="1" visitedSequencePoints="0" numBranchPoints="1" visitedBranchPoints="0" sequenceCoverage="0" branchCoverage="0" maxCyclomaticComplexity="1" minCyclomaticComplexity="1" visitedClasses="0" numClasses="0" visitedMethods="0" numMethods="1" />
              <MetadataToken>100663396</MetadataToken>
              <Name>System.String System.ComponentModel.DataAnnotations.Resources.DataAnnotationsResources::get_ValidationAttribute_ValidationError()</Name>
              <FileRef uid="26" />
              <SequencePoints>
                <SequencePoint vc="0" uspid="788" ordinal="0" offset="0" sl="491" sc="17" el="491" ec="106" bec="0" bev="0" fileid="26" />
              </SequencePoints>
              <BranchPoints />
              <MethodPoint xsi:type="SequencePoint" vc="0" uspid="788" ordinal="0" offset="0" sl="491" sc="17" el="491" ec="106" bec="0" bev="0" fileid="26" />
            </Method>
            <Method visited="false" cyclomaticComplexity="1" nPathComplexity="0" sequenceCoverage="0" branchCoverage="0" isConstructor="false" isStatic="true" isGetter="true" isSetter="false">
              <Summary numSequencePoints="1" visitedSequencePoints="0" numBranchPoints="1" visitedBranchPoints="0" sequenceCoverage="0" branchCoverage="0" maxCyclomaticComplexity="1" minCyclomaticComplexity="1" visitedClasses="0" numClasses="0" visitedMethods="0" numMethods="1" />
              <MetadataToken>100663397</MetadataToken>
              <Name>System.String System.ComponentModel.DataAnnotations.Resources.DataAnnotationsResources::get_ValidationContext_Must_Be_Method()</Name>
              <FileRef uid="26" />
              <SequencePoints>
                <SequencePoint vc="0" uspid="789" ordinal="0" offset="0" sl="500" sc="17" el="500" ec="103" bec="0" bev="0" fileid="26" />
              </SequencePoints>
              <BranchPoints />
              <MethodPoint xsi:type="SequencePoint" vc="0" uspid="789" ordinal="0" offset="0" sl="500" sc="17" el="500" ec="103" bec="0" bev="0" fileid="26" />
            </Method>
            <Method visited="false" cyclomaticComplexity="1" nPathComplexity="0" sequenceCoverage="0" branchCoverage="0" isConstructor="false" isStatic="true" isGetter="true" isSetter="false">
              <Summary numSequencePoints="1" visitedSequencePoints="0" numBranchPoints="1" visitedBranchPoints="0" sequenceCoverage="0" branchCoverage="0" maxCyclomaticComplexity="1" minCyclomaticComplexity="1" visitedClasses="0" numClasses="0" visitedMethods="0" numMethods="1" />
              <MetadataToken>100663398</MetadataToken>
              <Name>System.String System.ComponentModel.DataAnnotations.Resources.DataAnnotationsResources::get_ValidationContextServiceContainer_ItemAlreadyExists()</Name>
              <FileRef uid="26" />
              <SequencePoints>
                <SequencePoint vc="0" uspid="790" ordinal="0" offset="0" sl="509" sc="17" el="509" ec="122" bec="0" bev="0" fileid="26" />
              </SequencePoints>
              <BranchPoints />
              <MethodPoint xsi:type="SequencePoint" vc="0" uspid="790" ordinal="0" offset="0" sl="509" sc="17" el="509" ec="122" bec="0" bev="0" fileid="26" />
            </Method>
            <Method visited="false" cyclomaticComplexity="1" nPathComplexity="0" sequenceCoverage="0" branchCoverage="0" isConstructor="false" isStatic="true" isGetter="true" isSetter="false">
              <Summary numSequencePoints="1" visitedSequencePoints="0" numBranchPoints="1" visitedBranchPoints="0" sequenceCoverage="0" branchCoverage="0" maxCyclomaticComplexity="1" minCyclomaticComplexity="1" visitedClasses="0" numClasses="0" visitedMethods="0" numMethods="1" />
              <MetadataToken>100663399</MetadataToken>
              <Name>System.String System.ComponentModel.DataAnnotations.Resources.DataAnnotationsResources::get_Validator_InstanceMustMatchValidationContextInstance()</Name>
              <FileRef uid="26" />
              <SequencePoints>
                <SequencePoint vc="0" uspid="791" ordinal="0" offset="0" sl="518" sc="17" el="518" ec="123" bec="0" bev="0" fileid="26" />
              </SequencePoints>
              <BranchPoints />
              <MethodPoint xsi:type="SequencePoint" vc="0" uspid="791" ordinal="0" offset="0" sl="518" sc="17" el="518" ec="123" bec="0" bev="0" fileid="26" />
            </Method>
            <Method visited="false" cyclomaticComplexity="1" nPathComplexity="0" sequenceCoverage="0" branchCoverage="0" isConstructor="false" isStatic="true" isGetter="true" isSetter="false">
              <Summary numSequencePoints="1" visitedSequencePoints="0" numBranchPoints="1" visitedBranchPoints="0" sequenceCoverage="0" branchCoverage="0" maxCyclomaticComplexity="1" minCyclomaticComplexity="1" visitedClasses="0" numClasses="0" visitedMethods="0" numMethods="1" />
              <MetadataToken>100663400</MetadataToken>
              <Name>System.String System.ComponentModel.DataAnnotations.Resources.DataAnnotationsResources::get_Validator_Property_Value_Wrong_Type()</Name>
              <FileRef uid="26" />
              <SequencePoints>
                <SequencePoint vc="0" uspid="792" ordinal="0" offset="0" sl="527" sc="17" el="527" ec="106" bec="0" bev="0" fileid="26" />
              </SequencePoints>
              <BranchPoints />
              <MethodPoint xsi:type="SequencePoint" vc="0" uspid="792" ordinal="0" offset="0" sl="527" sc="17" el="527" ec="106" bec="0" bev="0" fileid="26" />
            </Method>
            <Method visited="false" cyclomaticComplexity="1" nPathComplexity="0" sequenceCoverage="0" branchCoverage="0" isConstructor="true" isStatic="false" isGetter="false" isSetter="false">
              <Summary numSequencePoints="2" visitedSequencePoints="0" numBranchPoints="1" visitedBranchPoints="0" sequenceCoverage="0" branchCoverage="0" maxCyclomaticComplexity="1" minCyclomaticComplexity="1" visitedClasses="0" numClasses="0" visitedMethods="0" numMethods="1" />
              <MetadataToken>100663345</MetadataToken>
              <Name>System.Void System.ComponentModel.DataAnnotations.Resources.DataAnnotationsResources::.ctor()</Name>
              <FileRef uid="26" />
              <SequencePoints>
                <SequencePoint vc="0" uspid="793" ordinal="0" offset="0" sl="31" sc="9" el="32" ec="44" bec="0" bev="0" fileid="26" />
                <SequencePoint vc="0" uspid="794" ordinal="1" offset="6" sl="33" sc="9" el="33" ec="10" bec="0" bev="0" fileid="26" />
              </SequencePoints>
              <BranchPoints />
              <MethodPoint xsi:type="SequencePoint" vc="0" uspid="793" ordinal="0" offset="0" sl="31" sc="9" el="32" ec="44" bec="0" bev="0" fileid="26" />
            </Method>
          </Methods>
        </Class>
      </Classes>
    </Module>
    <Module skippedDueTo="Filter" hash="29-13-98-90-EC-61-0F-87-54-34-05-70-5E-31-68-3A-4E-0B-84-83">
      <ModulePath>C:\Windows\Microsoft.Net\assembly\GAC_MSIL\mscorlib.resources\v4.0_4.0.0.0_hu_b77a5c561934e089\mscorlib.resources.dll</ModulePath>
      <ModuleTime>2017-04-22T12:21:49.3849662Z</ModuleTime>
      <ModuleName>mscorlib.resources</ModuleName>
      <Classes />
    </Module>
    <Module skippedDueTo="Filter" hash="29-13-98-90-EC-61-0F-87-54-34-05-70-5E-31-68-3A-4E-0B-84-83">
      <ModulePath>C:\Windows\Microsoft.Net\assembly\GAC_MSIL\mscorlib.resources\v4.0_4.0.0.0_hu_b77a5c561934e089\mscorlib.resources.dll</ModulePath>
      <ModuleTime>2017-04-22T12:21:49.3849662Z</ModuleTime>
      <ModuleName>mscorlib.resources</ModuleName>
      <Classes />
    </Module>
  </Modules>
</CoverageSession>